[2017-09-15 19:40:43,078: INFO/ForkPoolWorker-2] Task main.tasks.get_game_actions[189947f4-22f3-4917-965b-a06578261f4a] succeeded in 1.1240125790000093s: None
[2017-09-15 19:40:44,923: INFO/MainProcess] Received task: main.tasks.check_playing[17a793a2-92ff-4907-91fc-7bd0680afdff]  
[2017-09-15 19:40:44,936: INFO/ForkPoolWorker-4] Checking for games in PLAYING state. FOUND: 1
[2017-09-15 19:40:44,939: INFO/MainProcess] Received task: main.tasks.update_game_info[07de43c9-6524-407f-a27e-92cfb011871e]  
[2017-09-15 19:40:44,946: INFO/MainProcess] Received task: main.tasks.get_game_actions[91074e9e-bfa1-439b-afd4-be1a16f5da44]  
[2017-09-15 19:40:44,953: INFO/ForkPoolWorker-1] Updating game information. GAME: 12105&BKM400202
[2017-09-15 19:40:44,954: WARNING/ForkPoolWorker-1] MAKING NEW REQUEST: https://livecache.sportresult.com/node/db/FIBASTATS_PROD/12105_GAME_BKM400202_JSON.json?s=534&t=0
[2017-09-15 19:40:44,963: WARNING/ForkPoolWorker-2] MAKING NEW REQUEST: https://livecache.sportresult.com/node/db/FIBASTATS_PROD/12105_GAMEACTIONS_BKM400202_Q3_JSON.json?s=534&t=0
[2017-09-15 19:40:45,074: INFO/ForkPoolWorker-4] Task main.tasks.check_playing[17a793a2-92ff-4907-91fc-7bd0680afdff] succeeded in 0.1497945799997069s: None
[2017-09-15 19:40:45,294: INFO/ForkPoolWorker-1] Task main.tasks.update_game_info[07de43c9-6524-407f-a27e-92cfb011871e] succeeded in 0.35419510800011267s: None
[2017-09-15 19:40:46,105: INFO/ForkPoolWorker-2] Task main.tasks.get_game_actions[91074e9e-bfa1-439b-afd4-be1a16f5da44] succeeded in 1.1559085140002026s: None
[2017-09-15 19:40:47,925: INFO/MainProcess] Received task: main.tasks.check_playing[89fbb199-4f86-4571-a6d1-bec8bb8ddfc9]  
[2017-09-15 19:40:47,940: INFO/ForkPoolWorker-4] Checking for games in PLAYING state. FOUND: 1
[2017-09-15 19:40:47,943: INFO/MainProcess] Received task: main.tasks.update_game_info[b7c754da-bd37-480d-a1d1-b1a02fc72cf8]  
[2017-09-15 19:40:47,949: INFO/MainProcess] Received task: main.tasks.get_game_actions[441122ed-e2bc-40f7-afc4-f7d351716281]  
[2017-09-15 19:40:47,964: INFO/ForkPoolWorker-1] Updating game information. GAME: 12105&BKM400202
[2017-09-15 19:40:47,964: WARNING/ForkPoolWorker-1] MAKING NEW REQUEST: https://livecache.sportresult.com/node/db/FIBASTATS_PROD/12105_GAME_BKM400202_JSON.json?s=534&t=0
[2017-09-15 19:40:47,975: WARNING/ForkPoolWorker-2] MAKING NEW REQUEST: https://livecache.sportresult.com/node/db/FIBASTATS_PROD/12105_GAMEACTIONS_BKM400202_Q3_JSON.json?s=534&t=0
[2017-09-15 19:40:48,102: INFO/ForkPoolWorker-4] Task main.tasks.check_playing[89fbb199-4f86-4571-a6d1-bec8bb8ddfc9] succeeded in 0.17568576499979827s: None
[2017-09-15 19:40:48,416: INFO/ForkPoolWorker-1] Task main.tasks.update_game_info[b7c754da-bd37-480d-a1d1-b1a02fc72cf8] succeeded in 0.47099622299992916s: None
[2017-09-15 19:40:49,066: INFO/ForkPoolWorker-2] Task main.tasks.get_game_actions[441122ed-e2bc-40f7-afc4-f7d351716281] succeeded in 1.1154214869998214s: None
[2017-09-15 19:40:50,924: INFO/MainProcess] Received task: main.tasks.check_playing[97f0aa07-3385-4277-9216-32fdeb3685e0]  
[2017-09-15 19:40:50,937: INFO/ForkPoolWorker-4] Checking for games in PLAYING state. FOUND: 1
[2017-09-15 19:40:50,951: INFO/MainProcess] Received task: main.tasks.update_game_info[bf0d1509-31ec-4be2-896f-dfd362f21cb6]  
[2017-09-15 19:40:50,952: INFO/MainProcess] Received task: main.tasks.get_game_actions[14e4cdb2-0357-428f-950c-19930b1baab9]  
[2017-09-15 19:40:50,971: INFO/ForkPoolWorker-1] Updating game information. GAME: 12105&BKM400202
[2017-09-15 19:40:50,971: WARNING/ForkPoolWorker-1] MAKING NEW REQUEST: https://livecache.sportresult.com/node/db/FIBASTATS_PROD/12105_GAME_BKM400202_JSON.json?s=534&t=0
[2017-09-15 19:40:50,981: WARNING/ForkPoolWorker-3] MAKING NEW REQUEST: https://livecache.sportresult.com/node/db/FIBASTATS_PROD/12105_GAMEACTIONS_BKM400202_Q3_JSON.json?s=534&t=0
[2017-09-15 19:40:51,173: INFO/ForkPoolWorker-4] Task main.tasks.check_playing[97f0aa07-3385-4277-9216-32fdeb3685e0] succeeded in 0.24774065000019618s: None
[2017-09-15 19:40:51,383: INFO/ForkPoolWorker-1] Task main.tasks.update_game_info[bf0d1509-31ec-4be2-896f-dfd362f21cb6] succeeded in 0.42923786599976665s: None
[2017-09-15 19:40:52,094: INFO/ForkPoolWorker-3] Task main.tasks.get_game_actions[14e4cdb2-0357-428f-950c-19930b1baab9] succeeded in 1.138399746000232s: None
[2017-09-15 19:40:53,935: INFO/MainProcess] Received task: main.tasks.check_playing[9639a4e4-3fa6-4120-ada8-b5c80cd676cc]  
[2017-09-15 19:40:53,958: INFO/ForkPoolWorker-1] Checking for games in PLAYING state. FOUND: 1
[2017-09-15 19:40:53,962: INFO/MainProcess] Received task: main.tasks.update_game_info[001e81fe-b773-45c0-8ee3-d5ce9c2f9fc6]  
[2017-09-15 19:40:53,965: INFO/MainProcess] Received task: main.tasks.get_game_actions[db3deabe-f6cc-4e2b-9e50-8fa822f048a8]  
[2017-09-15 19:40:53,985: INFO/ForkPoolWorker-4] Updating game information. GAME: 12105&BKM400202
[2017-09-15 19:40:53,985: WARNING/ForkPoolWorker-4] MAKING NEW REQUEST: https://livecache.sportresult.com/node/db/FIBASTATS_PROD/12105_GAME_BKM400202_JSON.json?s=534&t=0
[2017-09-15 19:40:54,015: WARNING/ForkPoolWorker-3] MAKING NEW REQUEST: https://livecache.sportresult.com/node/db/FIBASTATS_PROD/12105_GAMEACTIONS_BKM400202_Q3_JSON.json?s=534&t=0
[2017-09-15 19:40:54,123: INFO/ForkPoolWorker-1] Task main.tasks.check_playing[9639a4e4-3fa6-4120-ada8-b5c80cd676cc] succeeded in 0.18653400199991665s: None
[2017-09-15 19:40:54,450: INFO/ForkPoolWorker-4] Task main.tasks.update_game_info[001e81fe-b773-45c0-8ee3-d5ce9c2f9fc6] succeeded in 0.48662874699994063s: None
[2017-09-15 19:40:55,111: INFO/ForkPoolWorker-3] Task main.tasks.get_game_actions[db3deabe-f6cc-4e2b-9e50-8fa822f048a8] succeeded in 1.1330267569996977s: None
[2017-09-15 19:40:56,932: INFO/MainProcess] Received task: main.tasks.check_playing[75ee8e7a-3afb-42e8-ab3f-bd296b09e6cc]  
[2017-09-15 19:40:56,945: INFO/ForkPoolWorker-1] Checking for games in PLAYING state. FOUND: 1
[2017-09-15 19:40:56,948: INFO/MainProcess] Received task: main.tasks.update_game_info[ca02b5ee-accc-4984-8d4b-a75676fe3808]  
[2017-09-15 19:40:56,953: INFO/MainProcess] Received task: main.tasks.get_game_actions[82802047-fe13-4c5a-b5f0-c06f5ff61710]  
[2017-09-15 19:40:56,963: INFO/ForkPoolWorker-4] Updating game information. GAME: 12105&BKM400202
[2017-09-15 19:40:56,963: WARNING/ForkPoolWorker-4] MAKING NEW REQUEST: https://livecache.sportresult.com/node/db/FIBASTATS_PROD/12105_GAME_BKM400202_JSON.json?s=534&t=0
[2017-09-15 19:40:56,968: WARNING/ForkPoolWorker-3] MAKING NEW REQUEST: https://livecache.sportresult.com/node/db/FIBASTATS_PROD/12105_GAMEACTIONS_BKM400202_Q3_JSON.json?s=534&t=0
[2017-09-15 19:40:57,074: INFO/ForkPoolWorker-1] Task main.tasks.check_playing[75ee8e7a-3afb-42e8-ab3f-bd296b09e6cc] succeeded in 0.14019459400014966s: None
[2017-09-15 19:40:57,439: INFO/ForkPoolWorker-4] Task main.tasks.update_game_info[ca02b5ee-accc-4984-8d4b-a75676fe3808] succeeded in 0.4892759429999387s: None
[2017-09-15 19:40:58,092: INFO/ForkPoolWorker-3] Task main.tasks.get_game_actions[82802047-fe13-4c5a-b5f0-c06f5ff61710] succeeded in 1.1387679450003816s: None
[2017-09-15 19:40:59,932: INFO/MainProcess] Received task: main.tasks.check_playing[a210715f-69e7-45a8-bd2c-40589fbe4ad0]  
[2017-09-15 19:40:59,945: INFO/ForkPoolWorker-1] Checking for games in PLAYING state. FOUND: 1
[2017-09-15 19:40:59,948: INFO/MainProcess] Received task: main.tasks.update_game_info[f0f5e1f0-2f2d-4de3-93bb-e9db7cbbc0b5]  
[2017-09-15 19:40:59,950: INFO/MainProcess] Received task: main.tasks.get_game_actions[90b8b03d-7579-486b-a7fd-0649c9681ac2]  
[2017-09-15 19:40:59,969: INFO/ForkPoolWorker-4] Updating game information. GAME: 12105&BKM400202
[2017-09-15 19:40:59,969: WARNING/ForkPoolWorker-3] MAKING NEW REQUEST: https://livecache.sportresult.com/node/db/FIBASTATS_PROD/12105_GAMEACTIONS_BKM400202_Q3_JSON.json?s=534&t=0
[2017-09-15 19:40:59,969: WARNING/ForkPoolWorker-4] MAKING NEW REQUEST: https://livecache.sportresult.com/node/db/FIBASTATS_PROD/12105_GAME_BKM400202_JSON.json?s=534&t=0
[2017-09-15 19:41:00,089: INFO/ForkPoolWorker-1] Task main.tasks.check_playing[a210715f-69e7-45a8-bd2c-40589fbe4ad0] succeeded in 0.15564997999990737s: None
[2017-09-15 19:41:00,373: INFO/ForkPoolWorker-4] Task main.tasks.update_game_info[f0f5e1f0-2f2d-4de3-93bb-e9db7cbbc0b5] succeeded in 0.4208938159999889s: None
[2017-09-15 19:41:01,109: INFO/ForkPoolWorker-3] Task main.tasks.get_game_actions[90b8b03d-7579-486b-a7fd-0649c9681ac2] succeeded in 1.1549125649999041s: None
[2017-09-15 19:41:02,933: INFO/MainProcess] Received task: main.tasks.check_playing[256449e1-015a-4579-9e48-97423f74e976]  
[2017-09-15 19:41:02,946: INFO/ForkPoolWorker-1] Checking for games in PLAYING state. FOUND: 1
[2017-09-15 19:41:02,949: INFO/MainProcess] Received task: main.tasks.update_game_info[96e4e520-816a-40eb-877a-3645c4916d62]  
[2017-09-15 19:41:02,953: INFO/MainProcess] Received task: main.tasks.get_game_actions[e4fa2154-558c-4ed8-ad7d-22c8308a8c66]  
[2017-09-15 19:41:02,966: WARNING/ForkPoolWorker-3] MAKING NEW REQUEST: https://livecache.sportresult.com/node/db/FIBASTATS_PROD/12105_GAMEACTIONS_BKM400202_Q3_JSON.json?s=534&t=0
[2017-09-15 19:41:02,970: INFO/ForkPoolWorker-4] Updating game information. GAME: 12105&BKM400202
[2017-09-15 19:41:02,970: WARNING/ForkPoolWorker-4] MAKING NEW REQUEST: https://livecache.sportresult.com/node/db/FIBASTATS_PROD/12105_GAME_BKM400202_JSON.json?s=534&t=0
[2017-09-15 19:41:03,105: INFO/ForkPoolWorker-1] Task main.tasks.check_playing[256449e1-015a-4579-9e48-97423f74e976] succeeded in 0.17037137099987376s: None
[2017-09-15 19:41:05,934: INFO/MainProcess] Received task: main.tasks.check_playing[ca8489d5-ec25-49e4-b501-191f8d8264d9]  
[2017-09-15 19:41:05,946: INFO/ForkPoolWorker-1] Checking for games in PLAYING state. FOUND: 1
[2017-09-15 19:41:05,949: INFO/MainProcess] Received task: main.tasks.update_game_info[50cdad43-781b-4372-ae24-7b1cfda2d86d]  
[2017-09-15 19:41:05,951: INFO/MainProcess] Received task: main.tasks.get_game_actions[49cdcbb0-e5a6-4144-aa66-47ff7f1aab41]  
[2017-09-15 19:41:05,963: INFO/ForkPoolWorker-2] Updating game information. GAME: 12105&BKM400202
[2017-09-15 19:41:05,963: WARNING/ForkPoolWorker-2] MAKING NEW REQUEST: https://livecache.sportresult.com/node/db/FIBASTATS_PROD/12105_GAME_BKM400202_JSON.json?s=534&t=0
[2017-09-15 19:41:06,041: INFO/ForkPoolWorker-1] Task main.tasks.check_playing[ca8489d5-ec25-49e4-b501-191f8d8264d9] succeeded in 0.10637175500005469s: None
[2017-09-15 19:41:06,067: WARNING/ForkPoolWorker-1] MAKING NEW REQUEST: https://livecache.sportresult.com/node/db/FIBASTATS_PROD/12105_GAMEACTIONS_BKM400202_Q3_JSON.json?s=534&t=0
[2017-09-15 19:41:06,461: INFO/ForkPoolWorker-4] Task main.tasks.update_game_info[96e4e520-816a-40eb-877a-3645c4916d62] succeeded in 3.511478832999728s: None
[2017-09-15 19:41:06,539: INFO/ForkPoolWorker-2] Task main.tasks.update_game_info[50cdad43-781b-4372-ae24-7b1cfda2d86d] succeeded in 0.5876544580000882s: None
[2017-09-15 19:41:07,939: INFO/ForkPoolWorker-3] Task main.tasks.get_game_actions[e4fa2154-558c-4ed8-ad7d-22c8308a8c66] succeeded in 4.9848756370001865s: None
[2017-09-15 19:41:08,061: INFO/ForkPoolWorker-1] Task main.tasks.get_game_actions[49cdcbb0-e5a6-4144-aa66-47ff7f1aab41] succeeded in 2.0124519510000027s: None
[2017-09-15 19:41:08,936: INFO/MainProcess] Received task: main.tasks.check_playing[e51db6ef-211b-42d2-9278-8090fa43a2a9]  
[2017-09-15 19:41:08,956: INFO/ForkPoolWorker-1] Checking for games in PLAYING state. FOUND: 1
[2017-09-15 19:41:08,959: INFO/MainProcess] Received task: main.tasks.update_game_info[61e0835b-8de9-41b2-ae10-e9d2b1238fb2]  
[2017-09-15 19:41:08,965: INFO/MainProcess] Received task: main.tasks.get_game_actions[5e019037-480b-429a-8a02-a8a96e53cee2]  
[2017-09-15 19:41:08,980: INFO/ForkPoolWorker-4] Updating game information. GAME: 12105&BKM400202
[2017-09-15 19:41:08,980: WARNING/ForkPoolWorker-4] MAKING NEW REQUEST: https://livecache.sportresult.com/node/db/FIBASTATS_PROD/12105_GAME_BKM400202_JSON.json?s=534&t=0
[2017-09-15 19:41:08,989: WARNING/ForkPoolWorker-3] MAKING NEW REQUEST: https://livecache.sportresult.com/node/db/FIBASTATS_PROD/12105_GAMEACTIONS_BKM400202_Q3_JSON.json?s=534&t=0
[2017-09-15 19:41:09,115: INFO/ForkPoolWorker-1] Task main.tasks.check_playing[e51db6ef-211b-42d2-9278-8090fa43a2a9] succeeded in 0.17765708699971583s: None
[2017-09-15 19:41:09,462: INFO/ForkPoolWorker-4] Task main.tasks.update_game_info[61e0835b-8de9-41b2-ae10-e9d2b1238fb2] succeeded in 0.501562969999668s: None
[2017-09-15 19:41:10,268: INFO/ForkPoolWorker-3] Task main.tasks.get_game_actions[5e019037-480b-429a-8a02-a8a96e53cee2] succeeded in 1.3011605779997808s: None
[2017-09-15 19:41:11,936: INFO/MainProcess] Received task: main.tasks.check_playing[9e3dd987-ea4b-46a1-ac7d-c35b4264d631]  
[2017-09-15 19:41:11,950: INFO/ForkPoolWorker-1] Checking for games in PLAYING state. FOUND: 1
[2017-09-15 19:41:11,953: INFO/MainProcess] Received task: main.tasks.update_game_info[a7e1ebf3-5bce-4360-b40b-30ef5bd341db]  
[2017-09-15 19:41:11,955: INFO/MainProcess] Received task: main.tasks.get_game_actions[2bb3c865-e647-4311-898a-a687a9a403cf]  
[2017-09-15 19:41:11,971: INFO/ForkPoolWorker-4] Updating game information. GAME: 12105&BKM400202
[2017-09-15 19:41:11,971: WARNING/ForkPoolWorker-4] MAKING NEW REQUEST: https://livecache.sportresult.com/node/db/FIBASTATS_PROD/12105_GAME_BKM400202_JSON.json?s=534&t=0
[2017-09-15 19:41:11,976: WARNING/ForkPoolWorker-3] MAKING NEW REQUEST: https://livecache.sportresult.com/node/db/FIBASTATS_PROD/12105_GAMEACTIONS_BKM400202_Q3_JSON.json?s=534&t=0
[2017-09-15 19:41:12,108: INFO/ForkPoolWorker-1] Task main.tasks.check_playing[9e3dd987-ea4b-46a1-ac7d-c35b4264d631] succeeded in 0.169894898000166s: None
[2017-09-15 19:41:12,397: INFO/ForkPoolWorker-4] Task main.tasks.update_game_info[a7e1ebf3-5bce-4360-b40b-30ef5bd341db] succeeded in 0.4405155489998833s: None
[2017-09-15 19:41:13,184: INFO/ForkPoolWorker-3] Task main.tasks.get_game_actions[2bb3c865-e647-4311-898a-a687a9a403cf] succeeded in 1.2280020329999388s: None
[2017-09-15 19:41:14,937: INFO/MainProcess] Received task: main.tasks.check_playing[bcba4078-3029-4c7f-9dc5-1b85218d30d4]  
[2017-09-15 19:41:14,956: INFO/ForkPoolWorker-1] Checking for games in PLAYING state. FOUND: 1
[2017-09-15 19:41:14,959: INFO/MainProcess] Received task: main.tasks.update_game_info[6096290e-70e4-4ae4-b3f6-2d6eca3ca0f7]  
[2017-09-15 19:41:14,964: INFO/MainProcess] Received task: main.tasks.get_game_actions[305feb5f-45dc-4732-8ef2-bff696c78936]  
[2017-09-15 19:41:14,978: INFO/ForkPoolWorker-4] Updating game information. GAME: 12105&BKM400202
[2017-09-15 19:41:14,978: WARNING/ForkPoolWorker-4] MAKING NEW REQUEST: https://livecache.sportresult.com/node/db/FIBASTATS_PROD/12105_GAME_BKM400202_JSON.json?s=534&t=0
[2017-09-15 19:41:14,986: WARNING/ForkPoolWorker-3] MAKING NEW REQUEST: https://livecache.sportresult.com/node/db/FIBASTATS_PROD/12105_GAMEACTIONS_BKM400202_Q3_JSON.json?s=534&t=0
[2017-09-15 19:41:15,081: INFO/ForkPoolWorker-1] Task main.tasks.check_playing[bcba4078-3029-4c7f-9dc5-1b85218d30d4] succeeded in 0.14290314099980606s: None
[2017-09-15 19:41:15,464: INFO/ForkPoolWorker-4] Task main.tasks.update_game_info[6096290e-70e4-4ae4-b3f6-2d6eca3ca0f7] succeeded in 0.5044924380003977s: None
[2017-09-15 19:41:16,157: INFO/ForkPoolWorker-3] Task main.tasks.get_game_actions[305feb5f-45dc-4732-8ef2-bff696c78936] succeeded in 1.1918132670002706s: None
[2017-09-15 19:41:17,940: INFO/MainProcess] Received task: main.tasks.check_playing[8796253b-a93f-4f1b-86c5-c9e92dcd5093]  
[2017-09-15 19:41:17,956: INFO/ForkPoolWorker-1] Checking for games in PLAYING state. FOUND: 1
[2017-09-15 19:41:17,959: INFO/MainProcess] Received task: main.tasks.update_game_info[62905e97-4a43-4bed-bdc3-c6f567f27291]  
[2017-09-15 19:41:17,966: INFO/MainProcess] Received task: main.tasks.get_game_actions[09bfb65a-eb15-4085-8fa3-629cd5da7d7e]  
[2017-09-15 19:41:17,981: INFO/ForkPoolWorker-4] Updating game information. GAME: 12105&BKM400202
[2017-09-15 19:41:17,982: WARNING/ForkPoolWorker-4] MAKING NEW REQUEST: https://livecache.sportresult.com/node/db/FIBASTATS_PROD/12105_GAME_BKM400202_JSON.json?s=534&t=0
[2017-09-15 19:41:17,988: WARNING/ForkPoolWorker-3] MAKING NEW REQUEST: https://livecache.sportresult.com/node/db/FIBASTATS_PROD/12105_GAMEACTIONS_BKM400202_Q3_JSON.json?s=534&t=0
[2017-09-15 19:41:18,143: INFO/ForkPoolWorker-1] Task main.tasks.check_playing[8796253b-a93f-4f1b-86c5-c9e92dcd5093] succeeded in 0.20136439400039308s: None
[2017-09-15 19:41:18,353: INFO/ForkPoolWorker-4] Task main.tasks.update_game_info[62905e97-4a43-4bed-bdc3-c6f567f27291] succeeded in 0.3925803349998205s: None
[2017-09-15 19:41:19,173: INFO/ForkPoolWorker-3] Task main.tasks.get_game_actions[09bfb65a-eb15-4085-8fa3-629cd5da7d7e] succeeded in 1.2059083540002575s: None
[2017-09-15 19:41:20,937: INFO/MainProcess] Received task: main.tasks.check_playing[a9a6ad7b-443d-4076-8948-31e77da36880]  
[2017-09-15 19:41:20,950: INFO/ForkPoolWorker-1] Checking for games in PLAYING state. FOUND: 1
[2017-09-15 19:41:20,952: INFO/MainProcess] Received task: main.tasks.update_game_info[801fa297-324c-4b2b-b8cd-5ad1b1d7acdd]  
[2017-09-15 19:41:20,954: INFO/MainProcess] Received task: main.tasks.get_game_actions[0c7331f2-dd33-4461-b07a-79e9ef98d2af]  
[2017-09-15 19:41:20,973: INFO/ForkPoolWorker-4] Updating game information. GAME: 12105&BKM400202
[2017-09-15 19:41:20,974: WARNING/ForkPoolWorker-4] MAKING NEW REQUEST: https://livecache.sportresult.com/node/db/FIBASTATS_PROD/12105_GAME_BKM400202_JSON.json?s=534&t=0
[2017-09-15 19:41:20,977: WARNING/ForkPoolWorker-2] MAKING NEW REQUEST: https://livecache.sportresult.com/node/db/FIBASTATS_PROD/12105_GAMEACTIONS_BKM400202_Q3_JSON.json?s=534&t=0
[2017-09-15 19:41:21,037: INFO/ForkPoolWorker-1] Task main.tasks.check_playing[a9a6ad7b-443d-4076-8948-31e77da36880] succeeded in 0.09909223300019221s: None
[2017-09-15 19:41:21,366: INFO/ForkPoolWorker-4] Task main.tasks.update_game_info[801fa297-324c-4b2b-b8cd-5ad1b1d7acdd] succeeded in 0.4106741659998079s: None
[2017-09-15 19:41:22,102: INFO/ForkPoolWorker-2] Task main.tasks.get_game_actions[0c7331f2-dd33-4461-b07a-79e9ef98d2af] succeeded in 1.14373341099963s: None
[2017-09-15 19:41:23,938: INFO/MainProcess] Received task: main.tasks.check_playing[09eede30-772a-4fce-98bb-f2f11ef87d72]  
[2017-09-15 19:41:23,951: INFO/ForkPoolWorker-4] Checking for games in PLAYING state. FOUND: 1
[2017-09-15 19:41:23,953: INFO/MainProcess] Received task: main.tasks.update_game_info[db3d9b4d-8e13-4a84-a165-fb5811b539f1]  
[2017-09-15 19:41:23,958: INFO/MainProcess] Received task: main.tasks.get_game_actions[cce180ad-6f6c-4994-8233-d3791fd6ea16]  
[2017-09-15 19:41:23,968: INFO/ForkPoolWorker-1] Updating game information. GAME: 12105&BKM400202
[2017-09-15 19:41:23,969: WARNING/ForkPoolWorker-1] MAKING NEW REQUEST: https://livecache.sportresult.com/node/db/FIBASTATS_PROD/12105_GAME_BKM400202_JSON.json?s=534&t=0
[2017-09-15 19:41:23,976: WARNING/ForkPoolWorker-2] MAKING NEW REQUEST: https://livecache.sportresult.com/node/db/FIBASTATS_PROD/12105_GAMEACTIONS_BKM400202_Q3_JSON.json?s=534&t=0
[2017-09-15 19:41:24,109: INFO/ForkPoolWorker-4] Task main.tasks.check_playing[09eede30-772a-4fce-98bb-f2f11ef87d72] succeeded in 0.16933013199968627s: None
[2017-09-15 19:41:24,455: INFO/ForkPoolWorker-1] Task main.tasks.update_game_info[db3d9b4d-8e13-4a84-a165-fb5811b539f1] succeeded in 0.5003233950001231s: None
[2017-09-15 19:41:25,229: INFO/ForkPoolWorker-2] Task main.tasks.get_game_actions[cce180ad-6f6c-4994-8233-d3791fd6ea16] succeeded in 1.2694449710002118s: None
[2017-09-15 19:41:26,938: INFO/MainProcess] Received task: main.tasks.check_playing[0a592eea-8816-4eb2-a4b4-5b8460d52f84]  
[2017-09-15 19:41:26,951: INFO/ForkPoolWorker-4] Checking for games in PLAYING state. FOUND: 1
[2017-09-15 19:41:26,957: INFO/MainProcess] Received task: main.tasks.update_game_info[9097a686-6aea-476c-af17-f65aff76925b]  
[2017-09-15 19:41:26,960: INFO/MainProcess] Received task: main.tasks.get_game_actions[79689af1-2796-4818-9723-bb53db3ead82]  
[2017-09-15 19:41:26,977: INFO/ForkPoolWorker-1] Updating game information. GAME: 12105&BKM400202
[2017-09-15 19:41:26,977: WARNING/ForkPoolWorker-3] MAKING NEW REQUEST: https://livecache.sportresult.com/node/db/FIBASTATS_PROD/12105_GAMEACTIONS_BKM400202_Q3_JSON.json?s=534&t=0
[2017-09-15 19:41:26,978: WARNING/ForkPoolWorker-1] MAKING NEW REQUEST: https://livecache.sportresult.com/node/db/FIBASTATS_PROD/12105_GAME_BKM400202_JSON.json?s=534&t=0
[2017-09-15 19:41:27,082: INFO/ForkPoolWorker-4] Task main.tasks.check_playing[0a592eea-8816-4eb2-a4b4-5b8460d52f84] succeeded in 0.1421282279998195s: None
[2017-09-15 19:41:27,534: INFO/ForkPoolWorker-1] Task main.tasks.update_game_info[9097a686-6aea-476c-af17-f65aff76925b] succeeded in 0.5727152520003074s: None
[2017-09-15 19:41:29,477: INFO/ForkPoolWorker-3] Task main.tasks.get_game_actions[79689af1-2796-4818-9723-bb53db3ead82] succeeded in 2.5153943790000994s: None
[2017-09-15 19:41:29,940: INFO/MainProcess] Received task: main.tasks.check_playing[d9862cf8-754f-45df-b061-6bcf040bc116]  
[2017-09-15 19:41:29,953: INFO/ForkPoolWorker-1] Checking for games in PLAYING state. FOUND: 1
[2017-09-15 19:41:29,956: INFO/MainProcess] Received task: main.tasks.update_game_info[0a050f28-3ae5-4444-a0c4-87fec6057891]  
[2017-09-15 19:41:29,958: INFO/MainProcess] Received task: main.tasks.get_game_actions[cec222ca-444a-408e-9b76-855f00fc7a0e]  
[2017-09-15 19:41:29,973: WARNING/ForkPoolWorker-2] MAKING NEW REQUEST: https://livecache.sportresult.com/node/db/FIBASTATS_PROD/12105_GAMEACTIONS_BKM400202_Q3_JSON.json?s=534&t=0
[2017-09-15 19:41:29,975: INFO/ForkPoolWorker-4] Updating game information. GAME: 12105&BKM400202
[2017-09-15 19:41:29,975: WARNING/ForkPoolWorker-4] MAKING NEW REQUEST: https://livecache.sportresult.com/node/db/FIBASTATS_PROD/12105_GAME_BKM400202_JSON.json?s=534&t=0
[2017-09-15 19:41:30,064: INFO/ForkPoolWorker-1] Task main.tasks.check_playing[d9862cf8-754f-45df-b061-6bcf040bc116] succeeded in 0.1228968610002994s: None
[2017-09-15 19:41:30,401: INFO/ForkPoolWorker-4] Task main.tasks.update_game_info[0a050f28-3ae5-4444-a0c4-87fec6057891] succeeded in 0.4424414769996474s: None
[2017-09-15 19:41:31,185: INFO/ForkPoolWorker-2] Task main.tasks.get_game_actions[cec222ca-444a-408e-9b76-855f00fc7a0e] succeeded in 1.2269083190003585s: None
[2017-09-15 19:41:32,939: INFO/MainProcess] Received task: main.tasks.check_playing[5898492f-be34-4e8d-a47e-13187722b1cd]  
[2017-09-15 19:41:32,952: INFO/ForkPoolWorker-4] Checking for games in PLAYING state. FOUND: 1
[2017-09-15 19:41:32,958: INFO/MainProcess] Received task: main.tasks.update_game_info[aa524c97-6402-4e1d-886f-64888b37fc88]  
[2017-09-15 19:41:32,960: INFO/MainProcess] Received task: main.tasks.get_game_actions[e8a3ce10-0e2d-4550-bb98-dcb5c1f45f27]  
[2017-09-15 19:41:32,974: INFO/ForkPoolWorker-1] Updating game information. GAME: 12105&BKM400202
[2017-09-15 19:41:32,974: WARNING/ForkPoolWorker-1] MAKING NEW REQUEST: https://livecache.sportresult.com/node/db/FIBASTATS_PROD/12105_GAME_BKM400202_JSON.json?s=534&t=0
[2017-09-15 19:41:32,976: WARNING/ForkPoolWorker-3] MAKING NEW REQUEST: https://livecache.sportresult.com/node/db/FIBASTATS_PROD/12105_GAMEACTIONS_BKM400202_Q3_JSON.json?s=534&t=0
[2017-09-15 19:41:33,102: INFO/ForkPoolWorker-4] Task main.tasks.check_playing[5898492f-be34-4e8d-a47e-13187722b1cd] succeeded in 0.16141371799994886s: None
[2017-09-15 19:41:33,434: INFO/ForkPoolWorker-1] Task main.tasks.update_game_info[aa524c97-6402-4e1d-886f-64888b37fc88] succeeded in 0.4740538020000713s: None
[2017-09-15 19:41:34,157: INFO/ForkPoolWorker-3] Task main.tasks.get_game_actions[e8a3ce10-0e2d-4550-bb98-dcb5c1f45f27] succeeded in 1.1962307990002046s: None
[2017-09-15 19:41:35,939: INFO/MainProcess] Received task: main.tasks.check_playing[2da99191-7bce-444f-956e-6dd7fe0476a2]  
[2017-09-15 19:41:35,956: INFO/ForkPoolWorker-1] Checking for games in PLAYING state. FOUND: 1
[2017-09-15 19:41:35,960: INFO/MainProcess] Received task: main.tasks.update_game_info[ac5f44a9-8107-4487-ac1f-0421dfb38530]  
[2017-09-15 19:41:35,965: INFO/MainProcess] Received task: main.tasks.get_game_actions[8502c886-a61f-401a-8f39-9a25d0a62ab3]  
[2017-09-15 19:41:35,975: INFO/ForkPoolWorker-4] Updating game information. GAME: 12105&BKM400202
[2017-09-15 19:41:35,975: WARNING/ForkPoolWorker-4] MAKING NEW REQUEST: https://livecache.sportresult.com/node/db/FIBASTATS_PROD/12105_GAME_BKM400202_JSON.json?s=534&t=0
[2017-09-15 19:41:35,983: WARNING/ForkPoolWorker-3] MAKING NEW REQUEST: https://livecache.sportresult.com/node/db/FIBASTATS_PROD/12105_GAMEACTIONS_BKM400202_Q3_JSON.json?s=534&t=0
[2017-09-15 19:41:36,063: INFO/ForkPoolWorker-1] Task main.tasks.check_playing[2da99191-7bce-444f-956e-6dd7fe0476a2] succeeded in 0.12250455200000943s: None
[2017-09-15 19:41:36,634: INFO/ForkPoolWorker-4] Task main.tasks.update_game_info[ac5f44a9-8107-4487-ac1f-0421dfb38530] succeeded in 0.6729258169998502s: None
[2017-09-15 19:41:37,405: INFO/ForkPoolWorker-3] Task main.tasks.get_game_actions[8502c886-a61f-401a-8f39-9a25d0a62ab3] succeeded in 1.4384621409999454s: None
[2017-09-15 19:41:38,941: INFO/MainProcess] Received task: main.tasks.check_playing[e427d6ad-677e-4417-979f-046d746d6220]  
[2017-09-15 19:41:38,955: INFO/ForkPoolWorker-1] Checking for games in PLAYING state. FOUND: 1
[2017-09-15 19:41:38,959: INFO/MainProcess] Received task: main.tasks.update_game_info[761ca822-1e36-4a08-b868-503a06a5cc37]  
[2017-09-15 19:41:38,963: INFO/MainProcess] Received task: main.tasks.get_game_actions[0b9ff320-db3f-432b-be3a-47ee66c3735a]  
[2017-09-15 19:41:38,977: INFO/ForkPoolWorker-4] Updating game information. GAME: 12105&BKM400202
[2017-09-15 19:41:38,978: WARNING/ForkPoolWorker-4] MAKING NEW REQUEST: https://livecache.sportresult.com/node/db/FIBASTATS_PROD/12105_GAME_BKM400202_JSON.json?s=534&t=0
[2017-09-15 19:41:38,982: WARNING/ForkPoolWorker-3] MAKING NEW REQUEST: https://livecache.sportresult.com/node/db/FIBASTATS_PROD/12105_GAMEACTIONS_BKM400202_Q3_JSON.json?s=534&t=0
[2017-09-15 19:41:39,078: INFO/ForkPoolWorker-1] Task main.tasks.check_playing[e427d6ad-677e-4417-979f-046d746d6220] succeeded in 0.13529966499982038s: None
[2017-09-15 19:41:39,446: INFO/ForkPoolWorker-4] Task main.tasks.update_game_info[761ca822-1e36-4a08-b868-503a06a5cc37] succeeded in 0.48578692600040085s: None
[2017-09-15 19:41:40,199: INFO/ForkPoolWorker-3] Task main.tasks.get_game_actions[0b9ff320-db3f-432b-be3a-47ee66c3735a] succeeded in 1.232797053000013s: None
[2017-09-15 19:41:41,941: INFO/MainProcess] Received task: main.tasks.check_playing[75f8a539-68ef-42d0-99e0-07f43b3fcdff]  
[2017-09-15 19:41:41,953: INFO/ForkPoolWorker-1] Checking for games in PLAYING state. FOUND: 1
[2017-09-15 19:41:41,956: INFO/MainProcess] Received task: main.tasks.update_game_info[61b87c70-9d3a-4dee-9d1d-1b74ebafd0e8]  
[2017-09-15 19:41:41,964: INFO/MainProcess] Received task: main.tasks.get_game_actions[48fef167-b059-4dbf-a8fb-a56402e68158]  
[2017-09-15 19:41:41,981: INFO/ForkPoolWorker-4] Updating game information. GAME: 12105&BKM400202
[2017-09-15 19:41:41,981: WARNING/ForkPoolWorker-4] MAKING NEW REQUEST: https://livecache.sportresult.com/node/db/FIBASTATS_PROD/12105_GAME_BKM400202_JSON.json?s=534&t=0
[2017-09-15 19:41:41,983: WARNING/ForkPoolWorker-3] MAKING NEW REQUEST: https://livecache.sportresult.com/node/db/FIBASTATS_PROD/12105_GAMEACTIONS_BKM400202_Q3_JSON.json?s=534&t=0
[2017-09-15 19:41:42,084: INFO/ForkPoolWorker-1] Task main.tasks.check_playing[75f8a539-68ef-42d0-99e0-07f43b3fcdff] succeeded in 0.14242426900000282s: None
[2017-09-15 19:41:42,402: INFO/ForkPoolWorker-4] Task main.tasks.update_game_info[61b87c70-9d3a-4dee-9d1d-1b74ebafd0e8] succeeded in 0.4446475210002063s: None
[2017-09-15 19:41:43,204: INFO/ForkPoolWorker-3] Task main.tasks.get_game_actions[48fef167-b059-4dbf-a8fb-a56402e68158] succeeded in 1.2384319160000814s: None
[2017-09-15 19:41:44,941: INFO/MainProcess] Received task: main.tasks.check_playing[92093460-8faa-44bd-9bb5-74ef775c3f0b]  
[2017-09-15 19:41:44,953: INFO/ForkPoolWorker-1] Checking for games in PLAYING state. FOUND: 1
[2017-09-15 19:41:44,956: INFO/MainProcess] Received task: main.tasks.update_game_info[f1ab6f7b-635a-410c-b55d-6fe8285dbedb]  
[2017-09-15 19:41:44,962: INFO/MainProcess] Received task: main.tasks.get_game_actions[19d9e98d-e946-48fc-8bd0-b656c8fde2b3]  
[2017-09-15 19:41:44,971: INFO/ForkPoolWorker-4] Updating game information. GAME: 12105&BKM400202
[2017-09-15 19:41:44,971: WARNING/ForkPoolWorker-4] MAKING NEW REQUEST: https://livecache.sportresult.com/node/db/FIBASTATS_PROD/12105_GAME_BKM400202_JSON.json?s=534&t=0
[2017-09-15 19:41:44,982: WARNING/ForkPoolWorker-3] MAKING NEW REQUEST: https://livecache.sportresult.com/node/db/FIBASTATS_PROD/12105_GAMEACTIONS_BKM400202_Q3_JSON.json?s=534&t=0
[2017-09-15 19:41:45,101: INFO/ForkPoolWorker-1] Task main.tasks.check_playing[92093460-8faa-44bd-9bb5-74ef775c3f0b] succeeded in 0.1583254920001309s: None
[2017-09-15 19:41:45,425: INFO/ForkPoolWorker-4] Task main.tasks.update_game_info[f1ab6f7b-635a-410c-b55d-6fe8285dbedb] succeeded in 0.4671049150001636s: None
[2017-09-15 19:41:46,254: INFO/ForkPoolWorker-3] Task main.tasks.get_game_actions[19d9e98d-e946-48fc-8bd0-b656c8fde2b3] succeeded in 1.289896038000279s: None
[2017-09-15 19:41:47,943: INFO/MainProcess] Received task: main.tasks.check_playing[e970ea6d-dde3-4845-97b7-503ea61f40e9]  
[2017-09-15 19:41:47,957: INFO/ForkPoolWorker-1] Checking for games in PLAYING state. FOUND: 1
[2017-09-15 19:41:47,960: INFO/MainProcess] Received task: main.tasks.update_game_info[f8b5d501-658c-4c76-aef0-3d812cdee326]  
[2017-09-15 19:41:47,962: INFO/MainProcess] Received task: main.tasks.get_game_actions[b28304de-48a6-41eb-9c24-6943f14807b4]  
[2017-09-15 19:41:47,977: INFO/ForkPoolWorker-4] Updating game information. GAME: 12105&BKM400202
[2017-09-15 19:41:47,978: WARNING/ForkPoolWorker-4] MAKING NEW REQUEST: https://livecache.sportresult.com/node/db/FIBASTATS_PROD/12105_GAME_BKM400202_JSON.json?s=534&t=0
[2017-09-15 19:41:47,982: WARNING/ForkPoolWorker-2] MAKING NEW REQUEST: https://livecache.sportresult.com/node/db/FIBASTATS_PROD/12105_GAMEACTIONS_BKM400202_Q3_JSON.json?s=534&t=0
[2017-09-15 19:41:48,093: INFO/ForkPoolWorker-1] Task main.tasks.check_playing[e970ea6d-dde3-4845-97b7-503ea61f40e9] succeeded in 0.14947454499997548s: None
[2017-09-15 19:41:48,332: INFO/ForkPoolWorker-4] Task main.tasks.update_game_info[f8b5d501-658c-4c76-aef0-3d812cdee326] succeeded in 0.36935988000004727s: None
[2017-09-15 19:41:49,257: INFO/ForkPoolWorker-2] Task main.tasks.get_game_actions[b28304de-48a6-41eb-9c24-6943f14807b4] succeeded in 1.2936935729999277s: None
[2017-09-15 19:41:50,942: INFO/MainProcess] Received task: main.tasks.check_playing[b17c7915-8608-4cf0-bd1e-9bbd402a2fe2]  
[2017-09-15 19:41:50,955: INFO/ForkPoolWorker-4] Checking for games in PLAYING state. FOUND: 1
[2017-09-15 19:41:50,959: INFO/MainProcess] Received task: main.tasks.update_game_info[2859adbb-4109-4e15-8f23-03e5fa76f574]  
[2017-09-15 19:41:50,960: INFO/MainProcess] Received task: main.tasks.get_game_actions[a85b0816-2bd9-4697-9b1b-c2267ef77845]  
[2017-09-15 19:41:50,975: INFO/ForkPoolWorker-1] Updating game information. GAME: 12105&BKM400202
[2017-09-15 19:41:50,975: WARNING/ForkPoolWorker-1] MAKING NEW REQUEST: https://livecache.sportresult.com/node/db/FIBASTATS_PROD/12105_GAME_BKM400202_JSON.json?s=534&t=0
[2017-09-15 19:41:50,982: WARNING/ForkPoolWorker-3] MAKING NEW REQUEST: https://livecache.sportresult.com/node/db/FIBASTATS_PROD/12105_GAMEACTIONS_BKM400202_Q3_JSON.json?s=534&t=0
[2017-09-15 19:41:51,076: INFO/ForkPoolWorker-4] Task main.tasks.check_playing[b17c7915-8608-4cf0-bd1e-9bbd402a2fe2] succeeded in 0.13232865800000582s: None
[2017-09-15 19:41:51,381: INFO/ForkPoolWorker-1] Task main.tasks.update_game_info[2859adbb-4109-4e15-8f23-03e5fa76f574] succeeded in 0.4192576820000795s: None
[2017-09-15 19:41:52,207: INFO/ForkPoolWorker-3] Task main.tasks.get_game_actions[a85b0816-2bd9-4697-9b1b-c2267ef77845] succeeded in 1.2419908299998497s: None
[2017-09-15 19:41:53,946: INFO/MainProcess] Received task: main.tasks.check_playing[22d02aba-3e65-4233-9737-cdd8bd2f88fa]  
[2017-09-15 19:41:53,962: INFO/ForkPoolWorker-1] Checking for games in PLAYING state. FOUND: 1
[2017-09-15 19:41:53,970: INFO/MainProcess] Received task: main.tasks.update_game_info[66aee5a9-d30e-41e1-8f6f-53bb1a7006d1]  
[2017-09-15 19:41:53,971: INFO/MainProcess] Received task: main.tasks.get_game_actions[98d98de1-1880-4a19-84cc-963ed83c0f0d]  
[2017-09-15 19:41:53,987: INFO/ForkPoolWorker-4] Updating game information. GAME: 12105&BKM400202
[2017-09-15 19:41:53,987: WARNING/ForkPoolWorker-4] MAKING NEW REQUEST: https://livecache.sportresult.com/node/db/FIBASTATS_PROD/12105_GAME_BKM400202_JSON.json?s=534&t=0
[2017-09-15 19:41:53,988: WARNING/ForkPoolWorker-2] MAKING NEW REQUEST: https://livecache.sportresult.com/node/db/FIBASTATS_PROD/12105_GAMEACTIONS_BKM400202_Q3_JSON.json?s=534&t=0
[2017-09-15 19:41:54,113: INFO/ForkPoolWorker-1] Task main.tasks.check_playing[22d02aba-3e65-4233-9737-cdd8bd2f88fa] succeeded in 0.16558113300015975s: None
[2017-09-15 19:41:54,448: INFO/ForkPoolWorker-4] Task main.tasks.update_game_info[66aee5a9-d30e-41e1-8f6f-53bb1a7006d1] succeeded in 0.4746844549999878s: None
[2017-09-15 19:41:55,222: INFO/ForkPoolWorker-2] Task main.tasks.get_game_actions[98d98de1-1880-4a19-84cc-963ed83c0f0d] succeeded in 1.2477596059998177s: None
[2017-09-15 19:41:56,944: INFO/MainProcess] Received task: main.tasks.check_playing[a8b87784-baba-4153-9ed7-5dbdceeb0e5d]  
[2017-09-15 19:41:56,957: INFO/ForkPoolWorker-4] Checking for games in PLAYING state. FOUND: 1
[2017-09-15 19:41:56,961: INFO/MainProcess] Received task: main.tasks.update_game_info[7c089b9b-a7e6-41de-a1b1-ca64b68b4a4c]  
[2017-09-15 19:41:56,964: INFO/MainProcess] Received task: main.tasks.get_game_actions[641cef8d-dab8-4051-801b-c2b34983e4cd]  
[2017-09-15 19:41:56,977: INFO/ForkPoolWorker-1] Updating game information. GAME: 12105&BKM400202
[2017-09-15 19:41:56,977: WARNING/ForkPoolWorker-1] MAKING NEW REQUEST: https://livecache.sportresult.com/node/db/FIBASTATS_PROD/12105_GAME_BKM400202_JSON.json?s=534&t=0
[2017-09-15 19:41:56,983: WARNING/ForkPoolWorker-2] MAKING NEW REQUEST: https://livecache.sportresult.com/node/db/FIBASTATS_PROD/12105_GAMEACTIONS_BKM400202_Q3_JSON.json?s=534&t=0
[2017-09-15 19:41:57,084: INFO/ForkPoolWorker-4] Task main.tasks.check_playing[a8b87784-baba-4153-9ed7-5dbdceeb0e5d] succeeded in 0.13925511400020696s: None
[2017-09-15 19:41:57,449: INFO/ForkPoolWorker-1] Task main.tasks.update_game_info[7c089b9b-a7e6-41de-a1b1-ca64b68b4a4c] succeeded in 0.4870361260000209s: None
[2017-09-15 19:41:58,205: INFO/ForkPoolWorker-2] Task main.tasks.get_game_actions[641cef8d-dab8-4051-801b-c2b34983e4cd] succeeded in 1.2394631739998658s: None
[2017-09-15 19:41:59,945: INFO/MainProcess] Received task: main.tasks.check_playing[c1b5f054-5188-488d-9fc6-d69ab7cde5c9]  
[2017-09-15 19:41:59,959: INFO/ForkPoolWorker-4] Checking for games in PLAYING state. FOUND: 1
[2017-09-15 19:41:59,962: INFO/MainProcess] Received task: main.tasks.update_game_info[5aff2399-3e2c-4d4c-a339-7c2c5a30915f]  
[2017-09-15 19:41:59,966: INFO/MainProcess] Received task: main.tasks.get_game_actions[06226c51-3685-4104-9819-a697f82db381]  
[2017-09-15 19:41:59,979: INFO/ForkPoolWorker-1] Updating game information. GAME: 12105&BKM400202
[2017-09-15 19:41:59,980: WARNING/ForkPoolWorker-1] MAKING NEW REQUEST: https://livecache.sportresult.com/node/db/FIBASTATS_PROD/12105_GAME_BKM400202_JSON.json?s=534&t=0
[2017-09-15 19:41:59,981: WARNING/ForkPoolWorker-2] MAKING NEW REQUEST: https://livecache.sportresult.com/node/db/FIBASTATS_PROD/12105_GAMEACTIONS_BKM400202_Q3_JSON.json?s=534&t=0
[2017-09-15 19:42:00,112: INFO/ForkPoolWorker-4] Task main.tasks.check_playing[c1b5f054-5188-488d-9fc6-d69ab7cde5c9] succeeded in 0.16558630800000174s: None
[2017-09-15 19:42:00,460: INFO/ForkPoolWorker-1] Task main.tasks.update_game_info[5aff2399-3e2c-4d4c-a339-7c2c5a30915f] succeeded in 0.49609129700002086s: None
[2017-09-15 19:42:01,531: INFO/ForkPoolWorker-2] Task main.tasks.get_game_actions[06226c51-3685-4104-9819-a697f82db381] succeeded in 1.563152749999972s: None
[2017-09-15 19:42:02,945: INFO/MainProcess] Received task: main.tasks.check_playing[8e56fc43-b897-472f-b9e5-840fe651aa23]  
[2017-09-15 19:42:02,959: INFO/ForkPoolWorker-4] Checking for games in PLAYING state. FOUND: 1
[2017-09-15 19:42:02,962: INFO/MainProcess] Received task: main.tasks.update_game_info[ee123d8e-7832-42b9-9d30-efec0e486ff8]  
[2017-09-15 19:42:02,963: INFO/MainProcess] Received task: main.tasks.get_game_actions[018d9e04-30bb-4b3d-892a-c9fcbe9a14b9]  
[2017-09-15 19:42:02,979: INFO/ForkPoolWorker-1] Updating game information. GAME: 12105&BKM400202
[2017-09-15 19:42:02,979: WARNING/ForkPoolWorker-1] MAKING NEW REQUEST: https://livecache.sportresult.com/node/db/FIBASTATS_PROD/12105_GAME_BKM400202_JSON.json?s=534&t=0
[2017-09-15 19:42:02,984: WARNING/ForkPoolWorker-3] MAKING NEW REQUEST: https://livecache.sportresult.com/node/db/FIBASTATS_PROD/12105_GAMEACTIONS_BKM400202_Q3_JSON.json?s=534&t=0
[2017-09-15 19:42:03,050: INFO/ForkPoolWorker-4] Task main.tasks.check_playing[8e56fc43-b897-472f-b9e5-840fe651aa23] succeeded in 0.10280794299978879s: None
[2017-09-15 19:42:05,946: INFO/MainProcess] Received task: main.tasks.check_playing[9a1c1b7d-7e0a-4c6e-b07a-080fbe014c01]  
[2017-09-15 19:42:05,961: INFO/ForkPoolWorker-4] Checking for games in PLAYING state. FOUND: 1
[2017-09-15 19:42:05,964: INFO/MainProcess] Received task: main.tasks.update_game_info[ec9d054a-d97d-4382-8573-d9595278da5c]  
[2017-09-15 19:42:05,969: INFO/MainProcess] Received task: main.tasks.get_game_actions[54006acb-5a15-4a12-b455-e6e69d911324]  
[2017-09-15 19:42:05,979: INFO/ForkPoolWorker-2] Updating game information. GAME: 12105&BKM400202
[2017-09-15 19:42:05,980: WARNING/ForkPoolWorker-2] MAKING NEW REQUEST: https://livecache.sportresult.com/node/db/FIBASTATS_PROD/12105_GAME_BKM400202_JSON.json?s=534&t=0
[2017-09-15 19:42:06,097: INFO/ForkPoolWorker-4] Task main.tasks.check_playing[9a1c1b7d-7e0a-4c6e-b07a-080fbe014c01] succeeded in 0.14856818499993096s: None
[2017-09-15 19:42:06,121: WARNING/ForkPoolWorker-4] MAKING NEW REQUEST: https://livecache.sportresult.com/node/db/FIBASTATS_PROD/12105_GAMEACTIONS_BKM400202_Q3_JSON.json?s=534&t=0
[2017-09-15 19:42:06,327: INFO/ForkPoolWorker-1] Task main.tasks.update_game_info[ee123d8e-7832-42b9-9d30-efec0e486ff8] succeeded in 3.3625205540001843s: None
[2017-09-15 19:42:06,464: INFO/ForkPoolWorker-2] Task main.tasks.update_game_info[ec9d054a-d97d-4382-8573-d9595278da5c] succeeded in 0.49794494000025225s: None
[2017-09-15 19:42:08,077: INFO/ForkPoolWorker-3] Task main.tasks.get_game_actions[018d9e04-30bb-4b3d-892a-c9fcbe9a14b9] succeeded in 5.112689588000194s: None
[2017-09-15 19:42:08,183: INFO/ForkPoolWorker-4] Task main.tasks.get_game_actions[54006acb-5a15-4a12-b455-e6e69d911324] succeeded in 2.083767220000027s: None
[2017-09-15 19:42:08,952: INFO/MainProcess] Received task: main.tasks.check_playing[0646f840-8ddd-4d4a-81ac-4828ac21f11d]  
[2017-09-15 19:42:08,969: INFO/ForkPoolWorker-1] Checking for games in PLAYING state. FOUND: 1
[2017-09-15 19:42:08,972: INFO/MainProcess] Received task: main.tasks.update_game_info[4c77c71a-6680-4618-8829-a7c6a83ab94b]  
[2017-09-15 19:42:08,975: INFO/MainProcess] Received task: main.tasks.get_game_actions[db4c449f-bc0e-4415-94ab-33d91522fccc]  
[2017-09-15 19:42:08,993: INFO/ForkPoolWorker-4] Updating game information. GAME: 12105&BKM400202
[2017-09-15 19:42:08,993: WARNING/ForkPoolWorker-4] MAKING NEW REQUEST: https://livecache.sportresult.com/node/db/FIBASTATS_PROD/12105_GAME_BKM400202_JSON.json?s=534&t=0
[2017-09-15 19:42:09,003: WARNING/ForkPoolWorker-3] MAKING NEW REQUEST: https://livecache.sportresult.com/node/db/FIBASTATS_PROD/12105_GAMEACTIONS_BKM400202_Q3_JSON.json?s=534&t=0
[2017-09-15 19:42:09,103: INFO/ForkPoolWorker-1] Task main.tasks.check_playing[0646f840-8ddd-4d4a-81ac-4828ac21f11d] succeeded in 0.1498187689999213s: None
[2017-09-15 19:42:09,472: INFO/ForkPoolWorker-4] Task main.tasks.update_game_info[4c77c71a-6680-4618-8829-a7c6a83ab94b] succeeded in 0.4980049460000373s: None
[2017-09-15 19:42:10,415: INFO/ForkPoolWorker-3] Task main.tasks.get_game_actions[db4c449f-bc0e-4415-94ab-33d91522fccc] succeeded in 1.4361235490000581s: None
[2017-09-15 19:42:11,951: INFO/MainProcess] Received task: main.tasks.check_playing[8a588b1e-39b2-4cf3-849d-dbacce9cf6e5]  
[2017-09-15 19:42:11,967: INFO/ForkPoolWorker-1] Checking for games in PLAYING state. FOUND: 1
[2017-09-15 19:42:11,970: INFO/MainProcess] Received task: main.tasks.update_game_info[003600ef-f5e8-4fbe-ba72-c5cc34e0612f]  
[2017-09-15 19:42:11,974: INFO/MainProcess] Received task: main.tasks.get_game_actions[09394b3d-dada-475e-8808-917e75047b36]  
[2017-09-15 19:42:11,984: INFO/ForkPoolWorker-4] Updating game information. GAME: 12105&BKM400202
[2017-09-15 19:42:11,984: WARNING/ForkPoolWorker-4] MAKING NEW REQUEST: https://livecache.sportresult.com/node/db/FIBASTATS_PROD/12105_GAME_BKM400202_JSON.json?s=534&t=0
[2017-09-15 19:42:11,992: WARNING/ForkPoolWorker-3] MAKING NEW REQUEST: https://livecache.sportresult.com/node/db/FIBASTATS_PROD/12105_GAMEACTIONS_BKM400202_Q3_JSON.json?s=534&t=0
[2017-09-15 19:42:12,045: INFO/ForkPoolWorker-1] Task main.tasks.check_playing[8a588b1e-39b2-4cf3-849d-dbacce9cf6e5] succeeded in 0.09298828800001502s: None
[2017-09-15 19:42:12,417: INFO/ForkPoolWorker-4] Task main.tasks.update_game_info[003600ef-f5e8-4fbe-ba72-c5cc34e0612f] succeeded in 0.44517210799995155s: None
[2017-09-15 19:42:13,176: INFO/ForkPoolWorker-3] Task main.tasks.get_game_actions[09394b3d-dada-475e-8808-917e75047b36] succeeded in 1.2005744680000134s: None
[2017-09-15 19:42:14,951: INFO/MainProcess] Received task: main.tasks.check_playing[da17377c-f484-4e62-85be-348aab7478e6]  
[2017-09-15 19:42:14,963: INFO/ForkPoolWorker-1] Checking for games in PLAYING state. FOUND: 1
[2017-09-15 19:42:14,967: INFO/MainProcess] Received task: main.tasks.update_game_info[e376be72-d418-468d-925f-c045235ef14b]  
[2017-09-15 19:42:14,968: INFO/MainProcess] Received task: main.tasks.get_game_actions[ca9b0f16-1dc3-4b97-82e0-ba4440bd1d9e]  
[2017-09-15 19:42:14,983: WARNING/ForkPoolWorker-2] MAKING NEW REQUEST: https://livecache.sportresult.com/node/db/FIBASTATS_PROD/12105_GAMEACTIONS_BKM400202_Q3_JSON.json?s=534&t=0
[2017-09-15 19:42:14,987: INFO/ForkPoolWorker-4] Updating game information. GAME: 12105&BKM400202
[2017-09-15 19:42:14,987: WARNING/ForkPoolWorker-4] MAKING NEW REQUEST: https://livecache.sportresult.com/node/db/FIBASTATS_PROD/12105_GAME_BKM400202_JSON.json?s=534&t=0
[2017-09-15 19:42:15,071: INFO/ForkPoolWorker-1] Task main.tasks.check_playing[da17377c-f484-4e62-85be-348aab7478e6] succeeded in 0.11886085700007243s: None
[2017-09-15 19:42:15,428: INFO/ForkPoolWorker-4] Task main.tasks.update_game_info[e376be72-d418-468d-925f-c045235ef14b] succeeded in 0.45740299199997025s: None
[2017-09-15 19:42:16,248: INFO/ForkPoolWorker-2] Task main.tasks.get_game_actions[ca9b0f16-1dc3-4b97-82e0-ba4440bd1d9e] succeeded in 1.2786804799998208s: None
[2017-09-15 19:42:17,952: INFO/MainProcess] Received task: main.tasks.check_playing[797646d8-22cd-4ebd-b43a-b14c9c824bc3]  
[2017-09-15 19:42:17,966: INFO/ForkPoolWorker-4] Checking for games in PLAYING state. FOUND: 1
[2017-09-15 19:42:17,970: INFO/MainProcess] Received task: main.tasks.update_game_info[717a684f-0371-4fc9-b242-13aeff59609c]  
[2017-09-15 19:42:17,971: INFO/MainProcess] Received task: main.tasks.get_game_actions[85ef5da8-3c2c-4dac-8ccf-7e3c56fa8f2c]  
[2017-09-15 19:42:17,988: WARNING/ForkPoolWorker-3] MAKING NEW REQUEST: https://livecache.sportresult.com/node/db/FIBASTATS_PROD/12105_GAMEACTIONS_BKM400202_Q3_JSON.json?s=534&t=0
[2017-09-15 19:42:17,994: INFO/ForkPoolWorker-1] Updating game information. GAME: 12105&BKM400202
[2017-09-15 19:42:17,994: WARNING/ForkPoolWorker-1] MAKING NEW REQUEST: https://livecache.sportresult.com/node/db/FIBASTATS_PROD/12105_GAME_BKM400202_JSON.json?s=534&t=0
[2017-09-15 19:42:18,078: INFO/ForkPoolWorker-4] Task main.tasks.check_playing[797646d8-22cd-4ebd-b43a-b14c9c824bc3] succeeded in 0.12430876100006572s: None
[2017-09-15 19:42:18,428: INFO/ForkPoolWorker-1] Task main.tasks.update_game_info[717a684f-0371-4fc9-b242-13aeff59609c] succeeded in 0.4562619889998132s: None
[2017-09-15 19:42:19,241: INFO/ForkPoolWorker-3] Task main.tasks.get_game_actions[85ef5da8-3c2c-4dac-8ccf-7e3c56fa8f2c] succeeded in 1.2682657909999762s: None
[2017-09-15 19:42:20,953: INFO/MainProcess] Received task: main.tasks.check_playing[a51359c4-4555-429a-9598-3fa20271a992]  
[2017-09-15 19:42:20,967: INFO/ForkPoolWorker-1] Checking for games in PLAYING state. FOUND: 1
[2017-09-15 19:42:20,971: INFO/MainProcess] Received task: main.tasks.update_game_info[782ffe37-68b5-420f-be18-125930601fae]  
[2017-09-15 19:42:20,972: INFO/MainProcess] Received task: main.tasks.get_game_actions[2e31e4f0-aab6-43b3-96e5-dec559ce0c42]  
[2017-09-15 19:42:20,992: INFO/ForkPoolWorker-4] Updating game information. GAME: 12105&BKM400202
[2017-09-15 19:42:20,992: WARNING/ForkPoolWorker-2] MAKING NEW REQUEST: https://livecache.sportresult.com/node/db/FIBASTATS_PROD/12105_GAMEACTIONS_BKM400202_Q3_JSON.json?s=534&t=0
[2017-09-15 19:42:20,993: WARNING/ForkPoolWorker-4] MAKING NEW REQUEST: https://livecache.sportresult.com/node/db/FIBASTATS_PROD/12105_GAME_BKM400202_JSON.json?s=534&t=0
[2017-09-15 19:42:21,105: INFO/ForkPoolWorker-1] Task main.tasks.check_playing[a51359c4-4555-429a-9598-3fa20271a992] succeeded in 0.15102569300006508s: None
[2017-09-15 19:42:21,362: INFO/ForkPoolWorker-4] Task main.tasks.update_game_info[782ffe37-68b5-420f-be18-125930601fae] succeeded in 0.3891614760000266s: None
[2017-09-15 19:42:22,190: INFO/ForkPoolWorker-2] Task main.tasks.get_game_actions[2e31e4f0-aab6-43b3-96e5-dec559ce0c42] succeeded in 1.2145443409999643s: None
[2017-09-15 19:42:23,954: INFO/MainProcess] Received task: main.tasks.check_playing[4f3bf041-4853-4f90-973b-ed675dc4b7de]  
[2017-09-15 19:42:23,968: INFO/ForkPoolWorker-4] Checking for games in PLAYING state. FOUND: 1
[2017-09-15 19:42:23,971: INFO/MainProcess] Received task: main.tasks.update_game_info[42ecff9f-2444-4223-adbb-a2b409e37df7]  
[2017-09-15 19:42:23,972: INFO/MainProcess] Received task: main.tasks.get_game_actions[2488ae6f-3b90-4bcd-967d-9ded20b91502]  
[2017-09-15 19:42:23,988: INFO/ForkPoolWorker-1] Updating game information. GAME: 12105&BKM400202
[2017-09-15 19:42:23,989: WARNING/ForkPoolWorker-1] MAKING NEW REQUEST: https://livecache.sportresult.com/node/db/FIBASTATS_PROD/12105_GAME_BKM400202_JSON.json?s=534&t=0
[2017-09-15 19:42:23,993: WARNING/ForkPoolWorker-3] MAKING NEW REQUEST: https://livecache.sportresult.com/node/db/FIBASTATS_PROD/12105_GAMEACTIONS_BKM400202_Q3_JSON.json?s=534&t=0
[2017-09-15 19:42:24,075: INFO/ForkPoolWorker-4] Task main.tasks.check_playing[4f3bf041-4853-4f90-973b-ed675dc4b7de] succeeded in 0.11962736200030122s: None
[2017-09-15 19:42:24,462: INFO/ForkPoolWorker-1] Task main.tasks.update_game_info[42ecff9f-2444-4223-adbb-a2b409e37df7] succeeded in 0.4890051309998853s: None
[2017-09-15 19:42:25,251: INFO/ForkPoolWorker-3] Task main.tasks.get_game_actions[2488ae6f-3b90-4bcd-967d-9ded20b91502] succeeded in 1.2760705579999012s: None
[2017-09-15 19:42:26,955: INFO/MainProcess] Received task: main.tasks.check_playing[46de2547-c4c1-4f6e-a72b-978c0fdeef3b]  
[2017-09-15 19:42:26,971: INFO/ForkPoolWorker-1] Checking for games in PLAYING state. FOUND: 1
[2017-09-15 19:42:26,975: INFO/MainProcess] Received task: main.tasks.update_game_info[362d1d27-ae43-4886-8df2-1f8ee9fb3f1d]  
[2017-09-15 19:42:26,980: INFO/MainProcess] Received task: main.tasks.get_game_actions[04b2e9f9-5b3e-419e-b564-6bdc0ca64f7d]  
[2017-09-15 19:42:26,997: INFO/ForkPoolWorker-4] Updating game information. GAME: 12105&BKM400202
[2017-09-15 19:42:26,997: WARNING/ForkPoolWorker-4] MAKING NEW REQUEST: https://livecache.sportresult.com/node/db/FIBASTATS_PROD/12105_GAME_BKM400202_JSON.json?s=534&t=0
[2017-09-15 19:42:26,998: WARNING/ForkPoolWorker-3] MAKING NEW REQUEST: https://livecache.sportresult.com/node/db/FIBASTATS_PROD/12105_GAMEACTIONS_BKM400202_Q3_JSON.json?s=534&t=0
[2017-09-15 19:42:27,093: INFO/ForkPoolWorker-1] Task main.tasks.check_playing[46de2547-c4c1-4f6e-a72b-978c0fdeef3b] succeeded in 0.136349379999956s: None
[2017-09-15 19:42:27,451: INFO/ForkPoolWorker-4] Task main.tasks.update_game_info[362d1d27-ae43-4886-8df2-1f8ee9fb3f1d] succeeded in 0.4756209920001311s: None
[2017-09-15 19:42:28,246: INFO/ForkPoolWorker-3] Task main.tasks.get_game_actions[04b2e9f9-5b3e-419e-b564-6bdc0ca64f7d] succeeded in 1.2633578320001106s: None
[2017-09-15 19:42:29,955: INFO/MainProcess] Received task: main.tasks.check_playing[96e69fa8-3f78-4a1a-b178-a6e8aa21c347]  
[2017-09-15 19:42:29,971: INFO/ForkPoolWorker-1] Checking for games in PLAYING state. FOUND: 1
[2017-09-15 19:42:29,975: INFO/MainProcess] Received task: main.tasks.update_game_info[7828f607-f952-4a16-94c9-f4be136f607a]  
[2017-09-15 19:42:29,977: INFO/MainProcess] Received task: main.tasks.get_game_actions[79b9eba3-f05f-44d5-9a35-07b3aef097c5]  
[2017-09-15 19:42:29,995: INFO/ForkPoolWorker-4] Updating game information. GAME: 12105&BKM400202
[2017-09-15 19:42:29,995: WARNING/ForkPoolWorker-4] MAKING NEW REQUEST: https://livecache.sportresult.com/node/db/FIBASTATS_PROD/12105_GAME_BKM400202_JSON.json?s=534&t=0
[2017-09-15 19:42:29,995: WARNING/ForkPoolWorker-3] MAKING NEW REQUEST: https://livecache.sportresult.com/node/db/FIBASTATS_PROD/12105_GAMEACTIONS_BKM400202_Q3_JSON.json?s=534&t=0
