[2017-09-15 19:38:56,905: INFO/ForkPoolWorker-4] Checking for games in PLAYING state. FOUND: 1
[2017-09-15 19:38:56,908: INFO/MainProcess] Received task: main.tasks.update_game_info[d6ceee4a-7544-4517-ba02-352485acd73d]  
[2017-09-15 19:38:56,913: INFO/MainProcess] Received task: main.tasks.get_game_actions[cb7cbdc1-f7df-4a34-9dd2-7284e1655fa7]  
[2017-09-15 19:38:56,925: INFO/ForkPoolWorker-1] Updating game information. GAME: 12105&BKM400202
[2017-09-15 19:38:56,925: WARNING/ForkPoolWorker-1] MAKING NEW REQUEST: https://livecache.sportresult.com/node/db/FIBASTATS_PROD/12105_GAME_BKM400202_JSON.json?s=534&t=0
[2017-09-15 19:38:56,932: WARNING/ForkPoolWorker-2] MAKING NEW REQUEST: https://livecache.sportresult.com/node/db/FIBASTATS_PROD/12105_GAMEACTIONS_BKM400202_Q3_JSON.json?s=534&t=0
[2017-09-15 19:38:57,034: INFO/ForkPoolWorker-4] Task main.tasks.check_playing[7e8f3cdf-4052-49aa-984f-bded4974d636] succeeded in 0.14258374499991078s: None
[2017-09-15 19:38:57,362: INFO/ForkPoolWorker-1] Task main.tasks.update_game_info[d6ceee4a-7544-4517-ba02-352485acd73d] succeeded in 0.452639027000032s: None
[2017-09-15 19:38:57,890: INFO/ForkPoolWorker-2] Task main.tasks.get_game_actions[cb7cbdc1-f7df-4a34-9dd2-7284e1655fa7] succeeded in 0.9733734129999903s: None
[2017-09-15 19:38:59,892: INFO/MainProcess] Received task: main.tasks.check_playing[7e095641-3ec8-441b-9bdc-f9f169a84b03]  
[2017-09-15 19:38:59,906: INFO/ForkPoolWorker-4] Checking for games in PLAYING state. FOUND: 1
[2017-09-15 19:38:59,909: INFO/MainProcess] Received task: main.tasks.update_game_info[ef491c80-56cd-4041-8c7f-f95d84cde66e]  
[2017-09-15 19:38:59,916: INFO/MainProcess] Received task: main.tasks.get_game_actions[c3d6c9e9-f6b6-4915-8b72-289e9c1d00c2]  
[2017-09-15 19:38:59,927: INFO/ForkPoolWorker-1] Updating game information. GAME: 12105&BKM400202
[2017-09-15 19:38:59,927: WARNING/ForkPoolWorker-1] MAKING NEW REQUEST: https://livecache.sportresult.com/node/db/FIBASTATS_PROD/12105_GAME_BKM400202_JSON.json?s=534&t=0
[2017-09-15 19:38:59,936: WARNING/ForkPoolWorker-2] MAKING NEW REQUEST: https://livecache.sportresult.com/node/db/FIBASTATS_PROD/12105_GAMEACTIONS_BKM400202_Q3_JSON.json?s=534&t=0
[2017-09-15 19:39:00,074: INFO/ForkPoolWorker-4] Task main.tasks.check_playing[7e095641-3ec8-441b-9bdc-f9f169a84b03] succeeded in 0.1806870450000133s: None
[2017-09-15 19:39:00,362: INFO/ForkPoolWorker-1] Task main.tasks.update_game_info[ef491c80-56cd-4041-8c7f-f95d84cde66e] succeeded in 0.45066499300014584s: None
[2017-09-15 19:39:01,006: INFO/ForkPoolWorker-2] Task main.tasks.get_game_actions[c3d6c9e9-f6b6-4915-8b72-289e9c1d00c2] succeeded in 1.088042188000145s: None
[2017-09-15 19:39:02,896: INFO/MainProcess] Received task: main.tasks.check_playing[b5193b68-1c3a-4e8d-8558-7b8894063980]  
[2017-09-15 19:39:02,921: INFO/ForkPoolWorker-4] Checking for games in PLAYING state. FOUND: 1
[2017-09-15 19:39:02,928: INFO/MainProcess] Received task: main.tasks.update_game_info[d32dab7e-f74e-41b8-9e61-0ddfa62f700d]  
[2017-09-15 19:39:02,934: INFO/MainProcess] Received task: main.tasks.get_game_actions[142f5c0d-4ff9-405a-b20c-8c2cef917587]  
[2017-09-15 19:39:02,951: INFO/ForkPoolWorker-1] Updating game information. GAME: 12105&BKM400202
[2017-09-15 19:39:02,951: WARNING/ForkPoolWorker-1] MAKING NEW REQUEST: https://livecache.sportresult.com/node/db/FIBASTATS_PROD/12105_GAME_BKM400202_JSON.json?s=534&t=0
[2017-09-15 19:39:02,960: WARNING/ForkPoolWorker-2] MAKING NEW REQUEST: https://livecache.sportresult.com/node/db/FIBASTATS_PROD/12105_GAMEACTIONS_BKM400202_Q3_JSON.json?s=534&t=0
[2017-09-15 19:39:03,068: INFO/ForkPoolWorker-4] Task main.tasks.check_playing[b5193b68-1c3a-4e8d-8558-7b8894063980] succeeded in 0.1703371920000336s: None
[2017-09-15 19:39:03,311: INFO/ForkPoolWorker-1] Task main.tasks.update_game_info[d32dab7e-f74e-41b8-9e61-0ddfa62f700d] succeeded in 0.3812739420000071s: None
[2017-09-15 19:39:03,923: INFO/ForkPoolWorker-2] Task main.tasks.get_game_actions[142f5c0d-4ff9-405a-b20c-8c2cef917587] succeeded in 0.9813729800000601s: None
[2017-09-15 19:39:05,896: INFO/MainProcess] Received task: main.tasks.check_playing[ec9a8c65-4739-4b35-997a-e07ab28f9a57]  
[2017-09-15 19:39:05,916: INFO/ForkPoolWorker-4] Checking for games in PLAYING state. FOUND: 1
[2017-09-15 19:39:05,922: INFO/MainProcess] Received task: main.tasks.update_game_info[7ef34aea-3a9d-4995-9e04-869e6fd169d1]  
[2017-09-15 19:39:05,925: INFO/MainProcess] Received task: main.tasks.get_game_actions[1822a108-9fbc-428a-98c8-139ec351338f]  
[2017-09-15 19:39:05,941: INFO/ForkPoolWorker-1] Updating game information. GAME: 12105&BKM400202
[2017-09-15 19:39:05,942: WARNING/ForkPoolWorker-1] MAKING NEW REQUEST: https://livecache.sportresult.com/node/db/FIBASTATS_PROD/12105_GAME_BKM400202_JSON.json?s=534&t=0
[2017-09-15 19:39:05,954: WARNING/ForkPoolWorker-2] MAKING NEW REQUEST: https://livecache.sportresult.com/node/db/FIBASTATS_PROD/12105_GAMEACTIONS_BKM400202_Q3_JSON.json?s=534&t=0
[2017-09-15 19:39:06,051: INFO/ForkPoolWorker-4] Task main.tasks.check_playing[ec9a8c65-4739-4b35-997a-e07ab28f9a57] succeeded in 0.1529959439999402s: None
[2017-09-15 19:39:06,451: INFO/ForkPoolWorker-1] Task main.tasks.update_game_info[7ef34aea-3a9d-4995-9e04-869e6fd169d1] succeeded in 0.5273335179999776s: None
[2017-09-15 19:39:07,004: INFO/ForkPoolWorker-2] Task main.tasks.get_game_actions[1822a108-9fbc-428a-98c8-139ec351338f] succeeded in 1.077521853999997s: None
[2017-09-15 19:39:08,894: INFO/MainProcess] Received task: main.tasks.check_playing[0792bcd0-919e-4b05-97a6-5794d040e152]  
[2017-09-15 19:39:08,908: INFO/ForkPoolWorker-4] Checking for games in PLAYING state. FOUND: 1
[2017-09-15 19:39:08,912: INFO/MainProcess] Received task: main.tasks.update_game_info[53d30551-89eb-4959-a2a3-c152536c2589]  
[2017-09-15 19:39:08,918: INFO/MainProcess] Received task: main.tasks.get_game_actions[7361dfdb-3f01-403c-b840-18166a13b877]  
[2017-09-15 19:39:08,932: INFO/ForkPoolWorker-1] Updating game information. GAME: 12105&BKM400202
[2017-09-15 19:39:08,932: WARNING/ForkPoolWorker-1] MAKING NEW REQUEST: https://livecache.sportresult.com/node/db/FIBASTATS_PROD/12105_GAME_BKM400202_JSON.json?s=534&t=0
[2017-09-15 19:39:08,934: WARNING/ForkPoolWorker-2] MAKING NEW REQUEST: https://livecache.sportresult.com/node/db/FIBASTATS_PROD/12105_GAMEACTIONS_BKM400202_Q3_JSON.json?s=534&t=0
[2017-09-15 19:39:09,066: INFO/ForkPoolWorker-4] Task main.tasks.check_playing[0792bcd0-919e-4b05-97a6-5794d040e152] succeeded in 0.1705187059999389s: None
[2017-09-15 19:39:09,340: INFO/ForkPoolWorker-1] Task main.tasks.update_game_info[53d30551-89eb-4959-a2a3-c152536c2589] succeeded in 0.42685488899996926s: None
[2017-09-15 19:39:10,065: INFO/ForkPoolWorker-2] Task main.tasks.get_game_actions[7361dfdb-3f01-403c-b840-18166a13b877] succeeded in 1.1454766300000756s: None
[2017-09-15 19:39:11,895: INFO/MainProcess] Received task: main.tasks.check_playing[ba389e72-71a4-40b1-a224-0f65e7017c5e]  
[2017-09-15 19:39:11,913: INFO/ForkPoolWorker-4] Checking for games in PLAYING state. FOUND: 1
[2017-09-15 19:39:11,917: INFO/MainProcess] Received task: main.tasks.update_game_info[120a6b02-2bbc-48c9-af0f-af01ad0a1d02]  
[2017-09-15 19:39:11,926: INFO/MainProcess] Received task: main.tasks.get_game_actions[d151b2f5-01e2-4a2d-8d61-ca6850308321]  
[2017-09-15 19:39:11,945: INFO/ForkPoolWorker-1] Updating game information. GAME: 12105&BKM400202
[2017-09-15 19:39:11,946: WARNING/ForkPoolWorker-2] MAKING NEW REQUEST: https://livecache.sportresult.com/node/db/FIBASTATS_PROD/12105_GAMEACTIONS_BKM400202_Q3_JSON.json?s=534&t=0
[2017-09-15 19:39:11,946: WARNING/ForkPoolWorker-1] MAKING NEW REQUEST: https://livecache.sportresult.com/node/db/FIBASTATS_PROD/12105_GAME_BKM400202_JSON.json?s=534&t=0
[2017-09-15 19:39:12,051: INFO/ForkPoolWorker-4] Task main.tasks.check_playing[ba389e72-71a4-40b1-a224-0f65e7017c5e] succeeded in 0.1551096810001127s: None
[2017-09-15 19:39:12,462: INFO/ForkPoolWorker-1] Task main.tasks.update_game_info[120a6b02-2bbc-48c9-af0f-af01ad0a1d02] succeeded in 0.5415838409999196s: None
[2017-09-15 19:39:13,027: INFO/ForkPoolWorker-2] Task main.tasks.get_game_actions[d151b2f5-01e2-4a2d-8d61-ca6850308321] succeeded in 1.0993333090000306s: None
[2017-09-15 19:39:14,895: INFO/MainProcess] Received task: main.tasks.check_playing[ecc94047-f0ec-4d7b-9a82-6ef675e615a8]  
[2017-09-15 19:39:14,908: INFO/ForkPoolWorker-4] Checking for games in PLAYING state. FOUND: 1
[2017-09-15 19:39:14,911: INFO/MainProcess] Received task: main.tasks.update_game_info[51f227ff-b54f-46c3-9804-69a15107d53c]  
[2017-09-15 19:39:14,916: INFO/MainProcess] Received task: main.tasks.get_game_actions[74392a30-854a-4eb6-9a09-cf422d7adde3]  
[2017-09-15 19:39:14,926: INFO/ForkPoolWorker-1] Updating game information. GAME: 12105&BKM400202
[2017-09-15 19:39:14,926: WARNING/ForkPoolWorker-1] MAKING NEW REQUEST: https://livecache.sportresult.com/node/db/FIBASTATS_PROD/12105_GAME_BKM400202_JSON.json?s=534&t=0
[2017-09-15 19:39:14,932: WARNING/ForkPoolWorker-2] MAKING NEW REQUEST: https://livecache.sportresult.com/node/db/FIBASTATS_PROD/12105_GAMEACTIONS_BKM400202_Q3_JSON.json?s=534&t=0
[2017-09-15 19:39:15,033: INFO/ForkPoolWorker-4] Task main.tasks.check_playing[ecc94047-f0ec-4d7b-9a82-6ef675e615a8] succeeded in 0.13681532900000093s: None
[2017-09-15 19:39:15,429: INFO/ForkPoolWorker-1] Task main.tasks.update_game_info[51f227ff-b54f-46c3-9804-69a15107d53c] succeeded in 0.5162979039998845s: None
[2017-09-15 19:39:16,042: INFO/ForkPoolWorker-2] Task main.tasks.get_game_actions[74392a30-854a-4eb6-9a09-cf422d7adde3] succeeded in 1.1245017149999512s: None
[2017-09-15 19:39:17,897: INFO/MainProcess] Received task: main.tasks.check_playing[9a9aed2d-4444-4b6d-8a0e-e6e77b8de4be]  
[2017-09-15 19:39:17,920: INFO/ForkPoolWorker-4] Checking for games in PLAYING state. FOUND: 1
[2017-09-15 19:39:17,924: INFO/MainProcess] Received task: main.tasks.update_game_info[6a443e58-fb82-422f-bcae-faa36fdfa174]  
[2017-09-15 19:39:17,929: INFO/MainProcess] Received task: main.tasks.get_game_actions[1fa58587-fda2-4a16-b184-9300b4163510]  
[2017-09-15 19:39:17,941: INFO/ForkPoolWorker-1] Updating game information. GAME: 12105&BKM400202
[2017-09-15 19:39:17,941: WARNING/ForkPoolWorker-1] MAKING NEW REQUEST: https://livecache.sportresult.com/node/db/FIBASTATS_PROD/12105_GAME_BKM400202_JSON.json?s=534&t=0
[2017-09-15 19:39:17,952: WARNING/ForkPoolWorker-2] MAKING NEW REQUEST: https://livecache.sportresult.com/node/db/FIBASTATS_PROD/12105_GAMEACTIONS_BKM400202_Q3_JSON.json?s=534&t=0
[2017-09-15 19:39:18,048: INFO/ForkPoolWorker-4] Task main.tasks.check_playing[9a9aed2d-4444-4b6d-8a0e-e6e77b8de4be] succeeded in 0.1499444849998781s: None
[2017-09-15 19:39:18,396: INFO/ForkPoolWorker-1] Task main.tasks.update_game_info[6a443e58-fb82-422f-bcae-faa36fdfa174] succeeded in 0.47073640999997224s: None
[2017-09-15 19:39:18,970: INFO/ForkPoolWorker-2] Task main.tasks.get_game_actions[1fa58587-fda2-4a16-b184-9300b4163510] succeeded in 1.0387718780000341s: None
[2017-09-15 19:39:20,897: INFO/MainProcess] Received task: main.tasks.check_playing[a6c449c9-2717-40c5-a336-9245a0e16ce5]  
[2017-09-15 19:39:20,911: INFO/ForkPoolWorker-4] Checking for games in PLAYING state. FOUND: 1
[2017-09-15 19:39:20,917: INFO/MainProcess] Received task: main.tasks.update_game_info[681fbf28-126d-4f5e-bc6e-19ba96778f8d]  
[2017-09-15 19:39:20,918: INFO/MainProcess] Received task: main.tasks.get_game_actions[eb4e2d87-8adb-4af0-a1db-be36704c66ad]  
[2017-09-15 19:39:20,932: INFO/ForkPoolWorker-1] Updating game information. GAME: 12105&BKM400202
[2017-09-15 19:39:20,933: WARNING/ForkPoolWorker-1] MAKING NEW REQUEST: https://livecache.sportresult.com/node/db/FIBASTATS_PROD/12105_GAME_BKM400202_JSON.json?s=534&t=0
[2017-09-15 19:39:20,938: WARNING/ForkPoolWorker-3] MAKING NEW REQUEST: https://livecache.sportresult.com/node/db/FIBASTATS_PROD/12105_GAMEACTIONS_BKM400202_Q3_JSON.json?s=534&t=0
[2017-09-15 19:39:21,032: INFO/ForkPoolWorker-4] Task main.tasks.check_playing[a6c449c9-2717-40c5-a336-9245a0e16ce5] succeeded in 0.13333001799992417s: None
[2017-09-15 19:39:21,407: INFO/ForkPoolWorker-1] Task main.tasks.update_game_info[681fbf28-126d-4f5e-bc6e-19ba96778f8d] succeeded in 0.4878167070000927s: None
[2017-09-15 19:39:22,007: INFO/ForkPoolWorker-3] Task main.tasks.get_game_actions[eb4e2d87-8adb-4af0-a1db-be36704c66ad] succeeded in 1.0860005099998489s: None
[2017-09-15 19:39:23,897: INFO/MainProcess] Received task: main.tasks.check_playing[98893924-81dc-421a-9ee8-78f936a51be1]  
[2017-09-15 19:39:23,910: INFO/ForkPoolWorker-1] Checking for games in PLAYING state. FOUND: 1
[2017-09-15 19:39:23,914: INFO/MainProcess] Received task: main.tasks.update_game_info[5c194906-59dc-453a-aafb-6b9759e18b72]  
[2017-09-15 19:39:23,918: INFO/MainProcess] Received task: main.tasks.get_game_actions[32a2f2b0-7c6a-45a5-bf57-5b28edd8a433]  
[2017-09-15 19:39:23,931: INFO/ForkPoolWorker-4] Updating game information. GAME: 12105&BKM400202
[2017-09-15 19:39:23,932: WARNING/ForkPoolWorker-4] MAKING NEW REQUEST: https://livecache.sportresult.com/node/db/FIBASTATS_PROD/12105_GAME_BKM400202_JSON.json?s=534&t=0
[2017-09-15 19:39:23,935: WARNING/ForkPoolWorker-3] MAKING NEW REQUEST: https://livecache.sportresult.com/node/db/FIBASTATS_PROD/12105_GAMEACTIONS_BKM400202_Q3_JSON.json?s=534&t=0
[2017-09-15 19:39:24,025: INFO/ForkPoolWorker-1] Task main.tasks.check_playing[98893924-81dc-421a-9ee8-78f936a51be1] succeeded in 0.1268584719998671s: None
[2017-09-15 19:39:24,396: INFO/ForkPoolWorker-4] Task main.tasks.update_game_info[5c194906-59dc-453a-aafb-6b9759e18b72] succeeded in 0.4812207439999838s: None
[2017-09-15 19:39:24,979: INFO/ForkPoolWorker-3] Task main.tasks.get_game_actions[32a2f2b0-7c6a-45a5-bf57-5b28edd8a433] succeeded in 1.059541278000097s: None
[2017-09-15 19:39:26,899: INFO/MainProcess] Received task: main.tasks.check_playing[14947dc6-fe85-4248-ac30-689cac691434]  
[2017-09-15 19:39:26,912: INFO/ForkPoolWorker-1] Checking for games in PLAYING state. FOUND: 1
[2017-09-15 19:39:26,916: INFO/MainProcess] Received task: main.tasks.update_game_info[63716255-0f0c-4a0f-8c46-2d17cd68b851]  
[2017-09-15 19:39:26,918: INFO/MainProcess] Received task: main.tasks.get_game_actions[1f48feb3-69e0-439f-9977-3a3efcb33d72]  
[2017-09-15 19:39:26,933: INFO/ForkPoolWorker-4] Updating game information. GAME: 12105&BKM400202
[2017-09-15 19:39:26,933: WARNING/ForkPoolWorker-4] MAKING NEW REQUEST: https://livecache.sportresult.com/node/db/FIBASTATS_PROD/12105_GAME_BKM400202_JSON.json?s=534&t=0
[2017-09-15 19:39:26,945: WARNING/ForkPoolWorker-3] MAKING NEW REQUEST: https://livecache.sportresult.com/node/db/FIBASTATS_PROD/12105_GAMEACTIONS_BKM400202_Q3_JSON.json?s=534&t=0
[2017-09-15 19:39:27,031: INFO/ForkPoolWorker-1] Task main.tasks.check_playing[14947dc6-fe85-4248-ac30-689cac691434] succeeded in 0.13010101199984092s: None
[2017-09-15 19:39:27,452: INFO/ForkPoolWorker-4] Task main.tasks.update_game_info[63716255-0f0c-4a0f-8c46-2d17cd68b851] succeeded in 0.5347499769998194s: None
[2017-09-15 19:39:27,996: INFO/ForkPoolWorker-3] Task main.tasks.get_game_actions[1f48feb3-69e0-439f-9977-3a3efcb33d72] succeeded in 1.0737209540000094s: None
[2017-09-15 19:39:29,899: INFO/MainProcess] Received task: main.tasks.check_playing[ac089841-d926-419c-9141-406e7a66d1e8]  
[2017-09-15 19:39:29,913: INFO/ForkPoolWorker-1] Checking for games in PLAYING state. FOUND: 1
[2017-09-15 19:39:29,916: INFO/MainProcess] Received task: main.tasks.update_game_info[81d48785-3e84-4355-a2b5-15b77ba90e64]  
[2017-09-15 19:39:29,919: INFO/MainProcess] Received task: main.tasks.get_game_actions[b149bab1-a69f-439f-9dea-456b4c1ae640]  
[2017-09-15 19:39:29,932: INFO/ForkPoolWorker-4] Updating game information. GAME: 12105&BKM400202
[2017-09-15 19:39:29,933: WARNING/ForkPoolWorker-4] MAKING NEW REQUEST: https://livecache.sportresult.com/node/db/FIBASTATS_PROD/12105_GAME_BKM400202_JSON.json?s=534&t=0
[2017-09-15 19:39:29,938: WARNING/ForkPoolWorker-3] MAKING NEW REQUEST: https://livecache.sportresult.com/node/db/FIBASTATS_PROD/12105_GAMEACTIONS_BKM400202_Q3_JSON.json?s=534&t=0
[2017-09-15 19:39:30,024: INFO/ForkPoolWorker-1] Task main.tasks.check_playing[ac089841-d926-419c-9141-406e7a66d1e8] succeeded in 0.12282217400002082s: None
[2017-09-15 19:39:30,431: INFO/ForkPoolWorker-4] Task main.tasks.update_game_info[81d48785-3e84-4355-a2b5-15b77ba90e64] succeeded in 0.5141906599999402s: None
[2017-09-15 19:39:31,000: INFO/ForkPoolWorker-3] Task main.tasks.get_game_actions[b149bab1-a69f-439f-9dea-456b4c1ae640] succeeded in 1.079529149000109s: None
[2017-09-15 19:39:32,905: INFO/MainProcess] Received task: main.tasks.check_playing[c3bba608-ae61-4e23-83f2-55f8e5b90e6f]  
[2017-09-15 19:39:32,923: INFO/ForkPoolWorker-1] Checking for games in PLAYING state. FOUND: 1
[2017-09-15 19:39:32,931: INFO/MainProcess] Received task: main.tasks.update_game_info[90e4eaf1-51f0-4b73-9bff-80c7d550709a]  
[2017-09-15 19:39:32,934: INFO/MainProcess] Received task: main.tasks.get_game_actions[e17721fc-5567-42a0-9e5c-adb912cf2e9f]  
[2017-09-15 19:39:32,948: INFO/ForkPoolWorker-4] Updating game information. GAME: 12105&BKM400202
[2017-09-15 19:39:32,949: WARNING/ForkPoolWorker-4] MAKING NEW REQUEST: https://livecache.sportresult.com/node/db/FIBASTATS_PROD/12105_GAME_BKM400202_JSON.json?s=534&t=0
[2017-09-15 19:39:32,954: WARNING/ForkPoolWorker-2] MAKING NEW REQUEST: https://livecache.sportresult.com/node/db/FIBASTATS_PROD/12105_GAMEACTIONS_BKM400202_Q3_JSON.json?s=534&t=0
[2017-09-15 19:39:33,084: INFO/ForkPoolWorker-1] Task main.tasks.check_playing[c3bba608-ae61-4e23-83f2-55f8e5b90e6f] succeeded in 0.17768987499994182s: None
[2017-09-15 19:39:33,464: INFO/ForkPoolWorker-4] Task main.tasks.update_game_info[90e4eaf1-51f0-4b73-9bff-80c7d550709a] succeeded in 0.5293005550001908s: None
[2017-09-15 19:39:34,017: INFO/ForkPoolWorker-2] Task main.tasks.get_game_actions[e17721fc-5567-42a0-9e5c-adb912cf2e9f] succeeded in 1.0801982250000037s: None
[2017-09-15 19:39:35,902: INFO/MainProcess] Received task: main.tasks.check_playing[5d8cf1b8-d576-4694-a6a3-f740860b6ff1]  
[2017-09-15 19:39:35,916: INFO/ForkPoolWorker-4] Checking for games in PLAYING state. FOUND: 1
[2017-09-15 19:39:35,919: INFO/MainProcess] Received task: main.tasks.update_game_info[d514ada1-d334-4049-947a-10227a707509]  
[2017-09-15 19:39:35,923: INFO/MainProcess] Received task: main.tasks.get_game_actions[5089b5a0-16ce-4cea-8eb9-61c15c8870b8]  
[2017-09-15 19:39:35,940: INFO/ForkPoolWorker-1] Updating game information. GAME: 12105&BKM400202
[2017-09-15 19:39:35,940: WARNING/ForkPoolWorker-1] MAKING NEW REQUEST: https://livecache.sportresult.com/node/db/FIBASTATS_PROD/12105_GAME_BKM400202_JSON.json?s=534&t=0
[2017-09-15 19:39:35,944: WARNING/ForkPoolWorker-2] MAKING NEW REQUEST: https://livecache.sportresult.com/node/db/FIBASTATS_PROD/12105_GAMEACTIONS_BKM400202_Q3_JSON.json?s=534&t=0
[2017-09-15 19:39:36,090: INFO/ForkPoolWorker-4] Task main.tasks.check_playing[5d8cf1b8-d576-4694-a6a3-f740860b6ff1] succeeded in 0.18616914099993664s: None
[2017-09-15 19:39:36,567: INFO/ForkPoolWorker-1] Task main.tasks.update_game_info[d514ada1-d334-4049-947a-10227a707509] succeeded in 0.6470059769999352s: None
[2017-09-15 19:39:37,188: INFO/ForkPoolWorker-2] Task main.tasks.get_game_actions[5089b5a0-16ce-4cea-8eb9-61c15c8870b8] succeeded in 1.2636255300001267s: None
[2017-09-15 19:39:38,905: INFO/MainProcess] Received task: main.tasks.check_playing[d830c461-bfa7-41ee-95e8-737a10b8061d]  
[2017-09-15 19:39:38,919: INFO/ForkPoolWorker-4] Checking for games in PLAYING state. FOUND: 1
[2017-09-15 19:39:38,922: INFO/MainProcess] Received task: main.tasks.update_game_info[14302fac-9674-485e-be2f-74b9f178322e]  
[2017-09-15 19:39:38,925: INFO/MainProcess] Received task: main.tasks.get_game_actions[026b330d-3be6-470b-9f78-985dc8174362]  
[2017-09-15 19:39:38,937: INFO/ForkPoolWorker-1] Updating game information. GAME: 12105&BKM400202
[2017-09-15 19:39:38,937: WARNING/ForkPoolWorker-1] MAKING NEW REQUEST: https://livecache.sportresult.com/node/db/FIBASTATS_PROD/12105_GAME_BKM400202_JSON.json?s=534&t=0
[2017-09-15 19:39:38,947: WARNING/ForkPoolWorker-2] MAKING NEW REQUEST: https://livecache.sportresult.com/node/db/FIBASTATS_PROD/12105_GAMEACTIONS_BKM400202_Q3_JSON.json?s=534&t=0
[2017-09-15 19:39:39,039: INFO/ForkPoolWorker-4] Task main.tasks.check_playing[d830c461-bfa7-41ee-95e8-737a10b8061d] succeeded in 0.13270924400012518s: None
[2017-09-15 19:39:39,411: INFO/ForkPoolWorker-1] Task main.tasks.update_game_info[14302fac-9674-485e-be2f-74b9f178322e] succeeded in 0.48725130399998307s: None
[2017-09-15 19:39:39,960: INFO/ForkPoolWorker-2] Task main.tasks.get_game_actions[026b330d-3be6-470b-9f78-985dc8174362] succeeded in 1.0296640560000014s: None
[2017-09-15 19:39:41,910: INFO/MainProcess] Received task: main.tasks.check_playing[00a56662-d38f-45d2-8aba-cb7845d17c7c]  
[2017-09-15 19:39:41,934: INFO/ForkPoolWorker-4] Checking for games in PLAYING state. FOUND: 1
[2017-09-15 19:39:41,943: INFO/MainProcess] Received task: main.tasks.update_game_info[6cbd6299-981d-4bc7-947d-94069fcf4844]  
[2017-09-15 19:39:41,945: INFO/MainProcess] Received task: main.tasks.get_game_actions[7d052a06-675b-4b9c-94e8-7fa9e2fbc88b]  
[2017-09-15 19:39:41,969: INFO/ForkPoolWorker-1] Updating game information. GAME: 12105&BKM400202
[2017-09-15 19:39:41,970: WARNING/ForkPoolWorker-1] MAKING NEW REQUEST: https://livecache.sportresult.com/node/db/FIBASTATS_PROD/12105_GAME_BKM400202_JSON.json?s=534&t=0
[2017-09-15 19:39:41,970: WARNING/ForkPoolWorker-3] MAKING NEW REQUEST: https://livecache.sportresult.com/node/db/FIBASTATS_PROD/12105_GAMEACTIONS_BKM400202_Q3_JSON.json?s=534&t=0
[2017-09-15 19:39:42,036: INFO/ForkPoolWorker-4] Task main.tasks.check_playing[00a56662-d38f-45d2-8aba-cb7845d17c7c] succeeded in 0.12408167500007039s: None
[2017-09-15 19:39:42,382: INFO/ForkPoolWorker-1] Task main.tasks.update_game_info[6cbd6299-981d-4bc7-947d-94069fcf4844] succeeded in 0.43636681899988616s: None
[2017-09-15 19:39:42,967: INFO/ForkPoolWorker-3] Task main.tasks.get_game_actions[7d052a06-675b-4b9c-94e8-7fa9e2fbc88b] succeeded in 1.018140647999644s: None
[2017-09-15 19:39:44,905: INFO/MainProcess] Received task: main.tasks.check_playing[e3fb3e44-97b2-4a3b-ac7a-8bd096eedbd5]  
[2017-09-15 19:39:44,918: INFO/ForkPoolWorker-1] Checking for games in PLAYING state. FOUND: 1
[2017-09-15 19:39:44,922: INFO/MainProcess] Received task: main.tasks.update_game_info[50970621-f003-41cf-b514-0703d3d13b2a]  
[2017-09-15 19:39:44,924: INFO/MainProcess] Received task: main.tasks.get_game_actions[2808520a-bc8c-470e-bf21-9a420602a434]  
[2017-09-15 19:39:44,938: INFO/ForkPoolWorker-4] Updating game information. GAME: 12105&BKM400202
[2017-09-15 19:39:44,938: WARNING/ForkPoolWorker-4] MAKING NEW REQUEST: https://livecache.sportresult.com/node/db/FIBASTATS_PROD/12105_GAME_BKM400202_JSON.json?s=534&t=0
[2017-09-15 19:39:44,946: WARNING/ForkPoolWorker-2] MAKING NEW REQUEST: https://livecache.sportresult.com/node/db/FIBASTATS_PROD/12105_GAMEACTIONS_BKM400202_Q3_JSON.json?s=534&t=0
[2017-09-15 19:39:45,027: INFO/ForkPoolWorker-1] Task main.tasks.check_playing[e3fb3e44-97b2-4a3b-ac7a-8bd096eedbd5] succeeded in 0.12014016200009792s: None
[2017-09-15 19:39:45,410: INFO/ForkPoolWorker-4] Task main.tasks.update_game_info[50970621-f003-41cf-b514-0703d3d13b2a] succeeded in 0.48518224999997983s: None
[2017-09-15 19:39:45,992: INFO/ForkPoolWorker-2] Task main.tasks.get_game_actions[2808520a-bc8c-470e-bf21-9a420602a434] succeeded in 1.0631762269999854s: None
[2017-09-15 19:39:47,912: INFO/MainProcess] Received task: main.tasks.check_playing[51be86f3-e640-40ba-8d52-93e262353b05]  
[2017-09-15 19:39:47,930: INFO/ForkPoolWorker-4] Checking for games in PLAYING state. FOUND: 1
[2017-09-15 19:39:47,934: INFO/MainProcess] Received task: main.tasks.update_game_info[6aff265f-c1b7-4a0d-8494-52e45bdfc02c]  
[2017-09-15 19:39:47,943: INFO/MainProcess] Received task: main.tasks.get_game_actions[7a78928b-1d22-49dd-a489-f5be703b7cb6]  
[2017-09-15 19:39:47,956: INFO/ForkPoolWorker-1] Updating game information. GAME: 12105&BKM400202
[2017-09-15 19:39:47,957: WARNING/ForkPoolWorker-1] MAKING NEW REQUEST: https://livecache.sportresult.com/node/db/FIBASTATS_PROD/12105_GAME_BKM400202_JSON.json?s=534&t=0
[2017-09-15 19:39:47,964: WARNING/ForkPoolWorker-2] MAKING NEW REQUEST: https://livecache.sportresult.com/node/db/FIBASTATS_PROD/12105_GAMEACTIONS_BKM400202_Q3_JSON.json?s=534&t=0
[2017-09-15 19:39:48,022: INFO/ForkPoolWorker-4] Task main.tasks.check_playing[51be86f3-e640-40ba-8d52-93e262353b05] succeeded in 0.10914237599990884s: None
[2017-09-15 19:39:48,410: INFO/ForkPoolWorker-1] Task main.tasks.update_game_info[6aff265f-c1b7-4a0d-8494-52e45bdfc02c] succeeded in 0.4745230509997782s: None
[2017-09-15 19:39:49,164: INFO/ForkPoolWorker-2] Task main.tasks.get_game_actions[7a78928b-1d22-49dd-a489-f5be703b7cb6] succeeded in 1.218763208999917s: None
[2017-09-15 19:39:50,911: INFO/MainProcess] Received task: main.tasks.check_playing[073d57f6-be86-4eff-9658-be9c7faf2d42]  
[2017-09-15 19:39:50,929: INFO/ForkPoolWorker-4] Checking for games in PLAYING state. FOUND: 1
[2017-09-15 19:39:50,935: INFO/MainProcess] Received task: main.tasks.update_game_info[62077a17-7151-4af0-90c6-3af577322f5c]  
[2017-09-15 19:39:50,937: INFO/MainProcess] Received task: main.tasks.get_game_actions[be6f1117-156b-4e52-9400-1529f85b1d9a]  
[2017-09-15 19:39:50,957: INFO/ForkPoolWorker-1] Updating game information. GAME: 12105&BKM400202
[2017-09-15 19:39:50,958: WARNING/ForkPoolWorker-1] MAKING NEW REQUEST: https://livecache.sportresult.com/node/db/FIBASTATS_PROD/12105_GAME_BKM400202_JSON.json?s=534&t=0
[2017-09-15 19:39:50,962: WARNING/ForkPoolWorker-3] MAKING NEW REQUEST: https://livecache.sportresult.com/node/db/FIBASTATS_PROD/12105_GAMEACTIONS_BKM400202_Q3_JSON.json?s=534&t=0
[2017-09-15 19:39:51,049: INFO/ForkPoolWorker-4] Task main.tasks.check_playing[073d57f6-be86-4eff-9658-be9c7faf2d42] succeeded in 0.1364559450003071s: None
[2017-09-15 19:39:51,410: INFO/ForkPoolWorker-1] Task main.tasks.update_game_info[62077a17-7151-4af0-90c6-3af577322f5c] succeeded in 0.4726264729997638s: None
[2017-09-15 19:39:51,969: INFO/ForkPoolWorker-3] Task main.tasks.get_game_actions[be6f1117-156b-4e52-9400-1529f85b1d9a] succeeded in 1.0281211920000715s: None
[2017-09-15 19:39:53,913: INFO/MainProcess] Received task: main.tasks.check_playing[d18846fe-7482-489a-b267-8e69eb516118]  
[2017-09-15 19:39:53,928: INFO/ForkPoolWorker-1] Checking for games in PLAYING state. FOUND: 1
[2017-09-15 19:39:53,933: INFO/MainProcess] Received task: main.tasks.update_game_info[43dae164-7e7e-4008-9feb-c768a9c0b54d]  
[2017-09-15 19:39:53,935: INFO/MainProcess] Received task: main.tasks.get_game_actions[2a07e020-b955-4daf-a4d4-31a431bf6731]  
[2017-09-15 19:39:53,958: INFO/ForkPoolWorker-4] Updating game information. GAME: 12105&BKM400202
[2017-09-15 19:39:53,958: WARNING/ForkPoolWorker-4] MAKING NEW REQUEST: https://livecache.sportresult.com/node/db/FIBASTATS_PROD/12105_GAME_BKM400202_JSON.json?s=534&t=0
[2017-09-15 19:39:53,962: WARNING/ForkPoolWorker-2] MAKING NEW REQUEST: https://livecache.sportresult.com/node/db/FIBASTATS_PROD/12105_GAMEACTIONS_BKM400202_Q3_JSON.json?s=534&t=0
[2017-09-15 19:39:54,086: INFO/ForkPoolWorker-1] Task main.tasks.check_playing[d18846fe-7482-489a-b267-8e69eb516118] succeeded in 0.1703899789999923s: None
[2017-09-15 19:39:54,330: INFO/ForkPoolWorker-4] Task main.tasks.update_game_info[43dae164-7e7e-4008-9feb-c768a9c0b54d] succeeded in 0.3939293989997168s: None
[2017-09-15 19:39:54,997: INFO/ForkPoolWorker-2] Task main.tasks.get_game_actions[2a07e020-b955-4daf-a4d4-31a431bf6731] succeeded in 1.0584046049998506s: None
[2017-09-15 19:39:56,912: INFO/MainProcess] Received task: main.tasks.check_playing[875ff2e5-3379-4759-8bbc-b9613482fd37]  
[2017-09-15 19:39:56,925: INFO/ForkPoolWorker-4] Checking for games in PLAYING state. FOUND: 1
[2017-09-15 19:39:56,929: INFO/MainProcess] Received task: main.tasks.update_game_info[f39f47e2-c9c2-4c98-8e80-6c6b50daabcd]  
[2017-09-15 19:39:56,930: INFO/MainProcess] Received task: main.tasks.get_game_actions[e09fbfeb-9f5e-4926-89e8-c4420e37722c]  
[2017-09-15 19:39:56,947: WARNING/ForkPoolWorker-3] MAKING NEW REQUEST: https://livecache.sportresult.com/node/db/FIBASTATS_PROD/12105_GAMEACTIONS_BKM400202_Q3_JSON.json?s=534&t=0
[2017-09-15 19:39:56,947: INFO/ForkPoolWorker-1] Updating game information. GAME: 12105&BKM400202
[2017-09-15 19:39:56,947: WARNING/ForkPoolWorker-1] MAKING NEW REQUEST: https://livecache.sportresult.com/node/db/FIBASTATS_PROD/12105_GAME_BKM400202_JSON.json?s=534&t=0
[2017-09-15 19:39:57,058: INFO/ForkPoolWorker-4] Task main.tasks.check_playing[875ff2e5-3379-4759-8bbc-b9613482fd37] succeeded in 0.1441193799996654s: None
[2017-09-15 19:39:57,380: INFO/ForkPoolWorker-1] Task main.tasks.update_game_info[f39f47e2-c9c2-4c98-8e80-6c6b50daabcd] succeeded in 0.4493706309999652s: None
[2017-09-15 19:39:57,970: INFO/ForkPoolWorker-3] Task main.tasks.get_game_actions[e09fbfeb-9f5e-4926-89e8-c4420e37722c] succeeded in 1.038158649000252s: None
[2017-09-15 19:39:59,913: INFO/MainProcess] Received task: main.tasks.check_playing[8904e326-ab96-41fd-aa20-7d820fc30977]  
[2017-09-15 19:39:59,926: INFO/ForkPoolWorker-1] Checking for games in PLAYING state. FOUND: 1
[2017-09-15 19:39:59,929: INFO/MainProcess] Received task: main.tasks.update_game_info[543121f0-ae37-46ef-a0d5-71c120cfc148]  
[2017-09-15 19:39:59,936: INFO/MainProcess] Received task: main.tasks.get_game_actions[507cc20e-d01a-451b-ae43-f0801ae3ac14]  
[2017-09-15 19:39:59,948: INFO/ForkPoolWorker-4] Updating game information. GAME: 12105&BKM400202
[2017-09-15 19:39:59,948: WARNING/ForkPoolWorker-4] MAKING NEW REQUEST: https://livecache.sportresult.com/node/db/FIBASTATS_PROD/12105_GAME_BKM400202_JSON.json?s=534&t=0
[2017-09-15 19:39:59,955: WARNING/ForkPoolWorker-3] MAKING NEW REQUEST: https://livecache.sportresult.com/node/db/FIBASTATS_PROD/12105_GAMEACTIONS_BKM400202_Q3_JSON.json?s=534&t=0
[2017-09-15 19:40:00,078: INFO/ForkPoolWorker-1] Task main.tasks.check_playing[8904e326-ab96-41fd-aa20-7d820fc30977] succeeded in 0.16368180900008156s: None
[2017-09-15 19:40:00,389: INFO/ForkPoolWorker-4] Task main.tasks.update_game_info[543121f0-ae37-46ef-a0d5-71c120cfc148] succeeded in 0.4584874970000783s: None
[2017-09-15 19:40:00,984: INFO/ForkPoolWorker-3] Task main.tasks.get_game_actions[507cc20e-d01a-451b-ae43-f0801ae3ac14] succeeded in 1.0460479359999226s: None
[2017-09-15 19:40:02,914: INFO/MainProcess] Received task: main.tasks.check_playing[454c31b4-59d3-4518-9735-cc6659c59105]  
[2017-09-15 19:40:02,932: INFO/ForkPoolWorker-1] Checking for games in PLAYING state. FOUND: 1
[2017-09-15 19:40:02,936: INFO/MainProcess] Received task: main.tasks.update_game_info[7655513a-7406-459e-820e-20a6f96e3529]  
[2017-09-15 19:40:02,943: INFO/MainProcess] Received task: main.tasks.get_game_actions[3d4f2809-5263-4a9c-99b2-0aa3978428b0]  
[2017-09-15 19:40:02,955: INFO/ForkPoolWorker-4] Updating game information. GAME: 12105&BKM400202
[2017-09-15 19:40:02,955: WARNING/ForkPoolWorker-4] MAKING NEW REQUEST: https://livecache.sportresult.com/node/db/FIBASTATS_PROD/12105_GAME_BKM400202_JSON.json?s=534&t=0
[2017-09-15 19:40:02,981: WARNING/ForkPoolWorker-3] MAKING NEW REQUEST: https://livecache.sportresult.com/node/db/FIBASTATS_PROD/12105_GAMEACTIONS_BKM400202_Q3_JSON.json?s=534&t=0
[2017-09-15 19:40:03,046: INFO/ForkPoolWorker-1] Task main.tasks.check_playing[454c31b4-59d3-4518-9735-cc6659c59105] succeeded in 0.1307657699999254s: None
[2017-09-15 19:40:03,412: INFO/ForkPoolWorker-4] Task main.tasks.update_game_info[7655513a-7406-459e-820e-20a6f96e3529] succeeded in 0.4729145060000519s: None
[2017-09-15 19:40:04,023: INFO/ForkPoolWorker-3] Task main.tasks.get_game_actions[3d4f2809-5263-4a9c-99b2-0aa3978428b0] succeeded in 1.0780792929999734s: None
[2017-09-15 19:40:05,914: INFO/MainProcess] Received task: main.tasks.check_playing[5e338a56-989f-4d52-a474-be403dc06664]  
[2017-09-15 19:40:05,931: INFO/ForkPoolWorker-1] Checking for games in PLAYING state. FOUND: 1
[2017-09-15 19:40:05,935: INFO/MainProcess] Received task: main.tasks.update_game_info[f152de16-7e4c-4b4f-b20d-d91eeb922a27]  
[2017-09-15 19:40:05,941: INFO/MainProcess] Received task: main.tasks.get_game_actions[87ce54fb-6e0f-4857-a342-e9925daad9ea]  
[2017-09-15 19:40:05,955: INFO/ForkPoolWorker-4] Updating game information. GAME: 12105&BKM400202
[2017-09-15 19:40:05,955: WARNING/ForkPoolWorker-4] MAKING NEW REQUEST: https://livecache.sportresult.com/node/db/FIBASTATS_PROD/12105_GAME_BKM400202_JSON.json?s=534&t=0
[2017-09-15 19:40:05,961: WARNING/ForkPoolWorker-3] MAKING NEW REQUEST: https://livecache.sportresult.com/node/db/FIBASTATS_PROD/12105_GAMEACTIONS_BKM400202_Q3_JSON.json?s=534&t=0
[2017-09-15 19:40:06,073: INFO/ForkPoolWorker-1] Task main.tasks.check_playing[5e338a56-989f-4d52-a474-be403dc06664] succeeded in 0.15752389899989794s: None
[2017-09-15 19:40:06,423: INFO/ForkPoolWorker-4] Task main.tasks.update_game_info[f152de16-7e4c-4b4f-b20d-d91eeb922a27] succeeded in 0.48670204600011857s: None
[2017-09-15 19:40:07,005: INFO/ForkPoolWorker-3] Task main.tasks.get_game_actions[87ce54fb-6e0f-4857-a342-e9925daad9ea] succeeded in 1.0617509140001857s: None
[2017-09-15 19:40:08,916: INFO/MainProcess] Received task: main.tasks.check_playing[d1134f20-8b5f-4e5b-9916-e6bd2c6e09a5]  
[2017-09-15 19:40:08,935: INFO/ForkPoolWorker-1] Checking for games in PLAYING state. FOUND: 1
[2017-09-15 19:40:08,939: INFO/MainProcess] Received task: main.tasks.update_game_info[b425b611-cd96-46be-aaef-702cc7ec47fe]  
[2017-09-15 19:40:08,944: INFO/MainProcess] Received task: main.tasks.get_game_actions[81bea7c0-6be2-4e1c-a000-8f8223fb6c2f]  
[2017-09-15 19:40:08,957: INFO/ForkPoolWorker-4] Updating game information. GAME: 12105&BKM400202
[2017-09-15 19:40:08,957: WARNING/ForkPoolWorker-4] MAKING NEW REQUEST: https://livecache.sportresult.com/node/db/FIBASTATS_PROD/12105_GAME_BKM400202_JSON.json?s=534&t=0
[2017-09-15 19:40:08,967: WARNING/ForkPoolWorker-3] MAKING NEW REQUEST: https://livecache.sportresult.com/node/db/FIBASTATS_PROD/12105_GAMEACTIONS_BKM400202_Q3_JSON.json?s=534&t=0
[2017-09-15 19:40:09,133: INFO/ForkPoolWorker-1] Task main.tasks.check_playing[d1134f20-8b5f-4e5b-9916-e6bd2c6e09a5] succeeded in 0.21562836500015692s: None
[2017-09-15 19:40:09,345: INFO/ForkPoolWorker-4] Task main.tasks.update_game_info[b425b611-cd96-46be-aaef-702cc7ec47fe] succeeded in 0.40550842499987994s: None
[2017-09-15 19:40:10,078: INFO/ForkPoolWorker-3] Task main.tasks.get_game_actions[81bea7c0-6be2-4e1c-a000-8f8223fb6c2f] succeeded in 1.1325116839998373s: None
[2017-09-15 19:40:11,916: INFO/MainProcess] Received task: main.tasks.check_playing[f8ac3bd1-a247-4182-ad8e-80378c054952]  
[2017-09-15 19:40:11,931: INFO/ForkPoolWorker-1] Checking for games in PLAYING state. FOUND: 1
[2017-09-15 19:40:11,934: INFO/MainProcess] Received task: main.tasks.update_game_info[de3e6237-c368-446e-8633-b554a47fff21]  
[2017-09-15 19:40:11,939: INFO/MainProcess] Received task: main.tasks.get_game_actions[09ebe67b-e93f-44a9-9a49-17664e37f751]  
[2017-09-15 19:40:11,955: INFO/ForkPoolWorker-4] Updating game information. GAME: 12105&BKM400202
[2017-09-15 19:40:11,955: WARNING/ForkPoolWorker-4] MAKING NEW REQUEST: https://livecache.sportresult.com/node/db/FIBASTATS_PROD/12105_GAME_BKM400202_JSON.json?s=534&t=0
[2017-09-15 19:40:11,966: WARNING/ForkPoolWorker-3] MAKING NEW REQUEST: https://livecache.sportresult.com/node/db/FIBASTATS_PROD/12105_GAMEACTIONS_BKM400202_Q3_JSON.json?s=534&t=0
[2017-09-15 19:40:12,084: INFO/ForkPoolWorker-1] Task main.tasks.check_playing[f8ac3bd1-a247-4182-ad8e-80378c054952] succeeded in 0.16623111699982474s: None
[2017-09-15 19:40:12,346: INFO/ForkPoolWorker-4] Task main.tasks.update_game_info[de3e6237-c368-446e-8633-b554a47fff21] succeeded in 0.4102559160000965s: None
[2017-09-15 19:40:12,995: INFO/ForkPoolWorker-3] Task main.tasks.get_game_actions[09ebe67b-e93f-44a9-9a49-17664e37f751] succeeded in 1.053503426000134s: None
[2017-09-15 19:40:14,916: INFO/MainProcess] Received task: main.tasks.check_playing[132b19dd-df90-46aa-9b80-d42c8370df1d]  
[2017-09-15 19:40:14,928: INFO/ForkPoolWorker-1] Checking for games in PLAYING state. FOUND: 1
[2017-09-15 19:40:14,930: INFO/MainProcess] Received task: main.tasks.update_game_info[2040b5d7-e481-4c23-8ed4-4484010dbb7b]  
[2017-09-15 19:40:14,935: INFO/MainProcess] Received task: main.tasks.get_game_actions[73cb8158-035f-4544-9921-88231abcdaeb]  
[2017-09-15 19:40:14,947: INFO/ForkPoolWorker-4] Updating game information. GAME: 12105&BKM400202
[2017-09-15 19:40:14,947: WARNING/ForkPoolWorker-4] MAKING NEW REQUEST: https://livecache.sportresult.com/node/db/FIBASTATS_PROD/12105_GAME_BKM400202_JSON.json?s=534&t=0
[2017-09-15 19:40:14,952: WARNING/ForkPoolWorker-3] MAKING NEW REQUEST: https://livecache.sportresult.com/node/db/FIBASTATS_PROD/12105_GAMEACTIONS_BKM400202_Q3_JSON.json?s=534&t=0
[2017-09-15 19:40:15,079: INFO/ForkPoolWorker-1] Task main.tasks.check_playing[132b19dd-df90-46aa-9b80-d42c8370df1d] succeeded in 0.16175801500003217s: None
[2017-09-15 19:40:15,335: INFO/ForkPoolWorker-4] Task main.tasks.update_game_info[2040b5d7-e481-4c23-8ed4-4484010dbb7b] succeeded in 0.403335904999949s: None
[2017-09-15 19:40:16,365: INFO/ForkPoolWorker-3] Task main.tasks.get_game_actions[73cb8158-035f-4544-9921-88231abcdaeb] succeeded in 1.4286057449999134s: None
[2017-09-15 19:40:17,916: INFO/MainProcess] Received task: main.tasks.check_playing[29715cb2-d9bc-40fa-9611-f16136acaa76]  
[2017-09-15 19:40:17,933: INFO/ForkPoolWorker-1] Checking for games in PLAYING state. FOUND: 1
[2017-09-15 19:40:17,938: INFO/MainProcess] Received task: main.tasks.update_game_info[a1314e13-1635-47b1-9f6c-01e324f14556]  
[2017-09-15 19:40:17,939: INFO/MainProcess] Received task: main.tasks.get_game_actions[0dea5868-b91b-4506-a2e5-c878065756e4]  
[2017-09-15 19:40:17,953: INFO/ForkPoolWorker-4] Updating game information. GAME: 12105&BKM400202
[2017-09-15 19:40:17,953: WARNING/ForkPoolWorker-4] MAKING NEW REQUEST: https://livecache.sportresult.com/node/db/FIBASTATS_PROD/12105_GAME_BKM400202_JSON.json?s=534&t=0
[2017-09-15 19:40:17,962: WARNING/ForkPoolWorker-2] MAKING NEW REQUEST: https://livecache.sportresult.com/node/db/FIBASTATS_PROD/12105_GAMEACTIONS_BKM400202_Q3_JSON.json?s=534&t=0
[2017-09-15 19:40:18,039: INFO/ForkPoolWorker-1] Task main.tasks.check_playing[29715cb2-d9bc-40fa-9611-f16136acaa76] succeeded in 0.12122452399989925s: None
[2017-09-15 19:40:18,390: INFO/ForkPoolWorker-4] Task main.tasks.update_game_info[a1314e13-1635-47b1-9f6c-01e324f14556] succeeded in 0.4505253900001662s: None
[2017-09-15 19:40:19,049: INFO/ForkPoolWorker-2] Task main.tasks.get_game_actions[0dea5868-b91b-4506-a2e5-c878065756e4] succeeded in 1.104141760999937s: None
[2017-09-15 19:40:20,918: INFO/MainProcess] Received task: main.tasks.check_playing[3f282da9-72c3-4f7e-8a5e-4b16baa12f43]  
[2017-09-15 19:40:20,932: INFO/ForkPoolWorker-4] Checking for games in PLAYING state. FOUND: 1
[2017-09-15 19:40:20,936: INFO/MainProcess] Received task: main.tasks.update_game_info[38c12890-a9b3-4163-b83f-820bbae2f271]  
[2017-09-15 19:40:20,940: INFO/MainProcess] Received task: main.tasks.get_game_actions[0b4242fb-7487-402a-880a-7e9ddfe351b5]  
[2017-09-15 19:40:20,958: INFO/ForkPoolWorker-1] Updating game information. GAME: 12105&BKM400202
[2017-09-15 19:40:20,958: WARNING/ForkPoolWorker-1] MAKING NEW REQUEST: https://livecache.sportresult.com/node/db/FIBASTATS_PROD/12105_GAME_BKM400202_JSON.json?s=534&t=0
[2017-09-15 19:40:20,960: WARNING/ForkPoolWorker-2] MAKING NEW REQUEST: https://livecache.sportresult.com/node/db/FIBASTATS_PROD/12105_GAMEACTIONS_BKM400202_Q3_JSON.json?s=534&t=0
[2017-09-15 19:40:21,055: INFO/ForkPoolWorker-4] Task main.tasks.check_playing[3f282da9-72c3-4f7e-8a5e-4b16baa12f43] succeeded in 0.13511832399990453s: None
[2017-09-15 19:40:21,435: INFO/ForkPoolWorker-1] Task main.tasks.update_game_info[38c12890-a9b3-4163-b83f-820bbae2f271] succeeded in 0.498239447999822s: None
[2017-09-15 19:40:22,064: INFO/ForkPoolWorker-2] Task main.tasks.get_game_actions[0b4242fb-7487-402a-880a-7e9ddfe351b5] succeeded in 1.1220023569999285s: None
[2017-09-15 19:40:23,919: INFO/MainProcess] Received task: main.tasks.check_playing[b838e8d1-c9c2-4e01-bfd5-aa0d1aefe7c4]  
[2017-09-15 19:40:23,933: INFO/ForkPoolWorker-4] Checking for games in PLAYING state. FOUND: 1
[2017-09-15 19:40:23,938: INFO/MainProcess] Received task: main.tasks.update_game_info[032d305e-bc77-4e60-b827-3e9423e9e857]  
[2017-09-15 19:40:23,944: INFO/MainProcess] Received task: main.tasks.get_game_actions[b5c8fee9-334b-4711-b0d3-f060a57167e2]  
[2017-09-15 19:40:23,956: INFO/ForkPoolWorker-1] Updating game information. GAME: 12105&BKM400202
[2017-09-15 19:40:23,956: WARNING/ForkPoolWorker-1] MAKING NEW REQUEST: https://livecache.sportresult.com/node/db/FIBASTATS_PROD/12105_GAME_BKM400202_JSON.json?s=534&t=0
[2017-09-15 19:40:23,961: WARNING/ForkPoolWorker-2] MAKING NEW REQUEST: https://livecache.sportresult.com/node/db/FIBASTATS_PROD/12105_GAMEACTIONS_BKM400202_Q3_JSON.json?s=534&t=0
[2017-09-15 19:40:24,093: INFO/ForkPoolWorker-4] Task main.tasks.check_playing[b838e8d1-c9c2-4e01-bfd5-aa0d1aefe7c4] succeeded in 0.1726952940002775s: None
[2017-09-15 19:40:24,347: INFO/ForkPoolWorker-1] Task main.tasks.update_game_info[032d305e-bc77-4e60-b827-3e9423e9e857] succeeded in 0.4077829970001403s: None
[2017-09-15 19:40:25,114: INFO/ForkPoolWorker-2] Task main.tasks.get_game_actions[b5c8fee9-334b-4711-b0d3-f060a57167e2] succeeded in 1.1685551979999218s: None
[2017-09-15 19:40:26,919: INFO/MainProcess] Received task: main.tasks.check_playing[4771f719-edb1-43d7-b698-bcd93a7fad12]  
[2017-09-15 19:40:26,938: INFO/ForkPoolWorker-4] Checking for games in PLAYING state. FOUND: 1
[2017-09-15 19:40:26,942: INFO/MainProcess] Received task: main.tasks.update_game_info[955a0587-d0d2-424f-a92b-14a0beecbcfe]  
[2017-09-15 19:40:26,949: INFO/MainProcess] Received task: main.tasks.get_game_actions[70d450cd-5ffc-4b7a-9725-ecd647cc5c7a]  
[2017-09-15 19:40:26,968: WARNING/ForkPoolWorker-2] MAKING NEW REQUEST: https://livecache.sportresult.com/node/db/FIBASTATS_PROD/12105_GAMEACTIONS_BKM400202_Q3_JSON.json?s=534&t=0
[2017-09-15 19:40:26,968: INFO/ForkPoolWorker-1] Updating game information. GAME: 12105&BKM400202
[2017-09-15 19:40:26,968: WARNING/ForkPoolWorker-1] MAKING NEW REQUEST: https://livecache.sportresult.com/node/db/FIBASTATS_PROD/12105_GAME_BKM400202_JSON.json?s=534&t=0
[2017-09-15 19:40:27,098: INFO/ForkPoolWorker-4] Task main.tasks.check_playing[4771f719-edb1-43d7-b698-bcd93a7fad12] succeeded in 0.17745965999984037s: None
[2017-09-15 19:40:27,380: INFO/ForkPoolWorker-1] Task main.tasks.update_game_info[955a0587-d0d2-424f-a92b-14a0beecbcfe] succeeded in 0.43609838099973786s: None
[2017-09-15 19:40:28,097: INFO/ForkPoolWorker-2] Task main.tasks.get_game_actions[70d450cd-5ffc-4b7a-9725-ecd647cc5c7a] succeeded in 1.1465644859999884s: None
[2017-09-15 19:40:29,920: INFO/MainProcess] Received task: main.tasks.check_playing[314181b3-7a2c-4597-8dcf-1b86253be428]  
[2017-09-15 19:40:29,937: INFO/ForkPoolWorker-4] Checking for games in PLAYING state. FOUND: 1
[2017-09-15 19:40:29,945: INFO/MainProcess] Received task: main.tasks.update_game_info[b656b578-a819-46f1-adc3-b6aeb34725a8]  
[2017-09-15 19:40:29,946: INFO/MainProcess] Received task: main.tasks.get_game_actions[f44f2a67-b3ae-4ca9-833c-bd3b3d14462b]  
[2017-09-15 19:40:29,969: WARNING/ForkPoolWorker-3] MAKING NEW REQUEST: https://livecache.sportresult.com/node/db/FIBASTATS_PROD/12105_GAMEACTIONS_BKM400202_Q3_JSON.json?s=534&t=0
[2017-09-15 19:40:29,974: INFO/ForkPoolWorker-1] Updating game information. GAME: 12105&BKM400202
[2017-09-15 19:40:29,974: WARNING/ForkPoolWorker-1] MAKING NEW REQUEST: https://livecache.sportresult.com/node/db/FIBASTATS_PROD/12105_GAME_BKM400202_JSON.json?s=534&t=0
[2017-09-15 19:40:30,070: INFO/ForkPoolWorker-4] Task main.tasks.check_playing[314181b3-7a2c-4597-8dcf-1b86253be428] succeeded in 0.14915433500027575s: None
[2017-09-15 19:40:30,436: INFO/ForkPoolWorker-1] Task main.tasks.update_game_info[b656b578-a819-46f1-adc3-b6aeb34725a8] succeeded in 0.48864234500024395s: None
[2017-09-15 19:40:31,136: INFO/ForkPoolWorker-3] Task main.tasks.get_game_actions[f44f2a67-b3ae-4ca9-833c-bd3b3d14462b] succeeded in 1.186317960999986s: None
[2017-09-15 19:40:32,920: INFO/MainProcess] Received task: main.tasks.check_playing[395606be-3a35-4fd9-bb51-5b3704817235]  
[2017-09-15 19:40:32,933: INFO/ForkPoolWorker-1] Checking for games in PLAYING state. FOUND: 1
[2017-09-15 19:40:32,936: INFO/MainProcess] Received task: main.tasks.update_game_info[ca610b0c-7307-4289-8760-80bffc8434fe]  
[2017-09-15 19:40:32,937: INFO/MainProcess] Received task: main.tasks.get_game_actions[becfe357-0394-4eb3-9673-3805c7878abb]  
[2017-09-15 19:40:32,952: INFO/ForkPoolWorker-4] Updating game information. GAME: 12105&BKM400202
[2017-09-15 19:40:32,953: WARNING/ForkPoolWorker-4] MAKING NEW REQUEST: https://livecache.sportresult.com/node/db/FIBASTATS_PROD/12105_GAME_BKM400202_JSON.json?s=534&t=0
[2017-09-15 19:40:32,957: WARNING/ForkPoolWorker-2] MAKING NEW REQUEST: https://livecache.sportresult.com/node/db/FIBASTATS_PROD/12105_GAMEACTIONS_BKM400202_Q3_JSON.json?s=534&t=0
[2017-09-15 19:40:33,131: INFO/ForkPoolWorker-1] Task main.tasks.check_playing[395606be-3a35-4fd9-bb51-5b3704817235] succeeded in 0.20973965599978328s: None
[2017-09-15 19:40:33,331: INFO/ForkPoolWorker-4] Task main.tasks.update_game_info[ca610b0c-7307-4289-8760-80bffc8434fe] succeeded in 0.3931310369998755s: None
[2017-09-15 19:40:34,052: INFO/ForkPoolWorker-2] Task main.tasks.get_game_actions[becfe357-0394-4eb3-9673-3805c7878abb] succeeded in 1.1136733299999833s: None
[2017-09-15 19:40:35,921: INFO/MainProcess] Received task: main.tasks.check_playing[7f8d86e7-5d83-4b67-a6b9-91325f8c0397]  
[2017-09-15 19:40:35,934: INFO/ForkPoolWorker-4] Checking for games in PLAYING state. FOUND: 1
[2017-09-15 19:40:35,940: INFO/MainProcess] Received task: main.tasks.update_game_info[5f6efaa0-7f1b-43d5-b378-08734d720bdb]  
[2017-09-15 19:40:35,950: INFO/MainProcess] Received task: main.tasks.get_game_actions[bc378881-14b5-45ac-b1a0-aa8da80de588]  
[2017-09-15 19:40:35,958: INFO/ForkPoolWorker-1] Updating game information. GAME: 12105&BKM400202
[2017-09-15 19:40:35,959: WARNING/ForkPoolWorker-1] MAKING NEW REQUEST: https://livecache.sportresult.com/node/db/FIBASTATS_PROD/12105_GAME_BKM400202_JSON.json?s=534&t=0
[2017-09-15 19:40:35,967: WARNING/ForkPoolWorker-2] MAKING NEW REQUEST: https://livecache.sportresult.com/node/db/FIBASTATS_PROD/12105_GAMEACTIONS_BKM400202_Q3_JSON.json?s=534&t=0
[2017-09-15 19:40:36,058: INFO/ForkPoolWorker-4] Task main.tasks.check_playing[7f8d86e7-5d83-4b67-a6b9-91325f8c0397] succeeded in 0.13592055399976744s: None
[2017-09-15 19:40:36,425: INFO/ForkPoolWorker-1] Task main.tasks.update_game_info[5f6efaa0-7f1b-43d5-b378-08734d720bdb] succeeded in 0.48432535399979315s: None
[2017-09-15 19:40:37,068: INFO/ForkPoolWorker-2] Task main.tasks.get_game_actions[bc378881-14b5-45ac-b1a0-aa8da80de588] succeeded in 1.116600040999856s: None
[2017-09-15 19:40:38,923: INFO/MainProcess] Received task: main.tasks.check_playing[1ed7182f-f16f-4a67-8115-1fed921bd507]  
[2017-09-15 19:40:38,938: INFO/ForkPoolWorker-4] Checking for games in PLAYING state. FOUND: 1
[2017-09-15 19:40:38,942: INFO/MainProcess] Received task: main.tasks.update_game_info[e1f90d03-929a-44c2-935c-8fb8066238a1]  
[2017-09-15 19:40:38,947: INFO/MainProcess] Received task: main.tasks.get_game_actions[296b8239-f48c-43df-966c-436c539a664e]  
[2017-09-15 19:40:38,959: INFO/ForkPoolWorker-1] Updating game information. GAME: 12105&BKM400202
[2017-09-15 19:40:38,960: WARNING/ForkPoolWorker-1] MAKING NEW REQUEST: https://livecache.sportresult.com/node/db/FIBASTATS_PROD/12105_GAME_BKM400202_JSON.json?s=534&t=0
[2017-09-15 19:40:38,965: WARNING/ForkPoolWorker-2] MAKING NEW REQUEST: https://livecache.sportresult.com/node/db/FIBASTATS_PROD/12105_GAMEACTIONS_BKM400202_Q3_JSON.json?s=534&t=0
[2017-09-15 19:40:39,109: INFO/ForkPoolWorker-4] Task main.tasks.check_playing[1ed7182f-f16f-4a67-8115-1fed921bd507] succeeded in 0.18373529400014377s: None
[2017-09-15 19:40:39,337: INFO/ForkPoolWorker-1] Task main.tasks.update_game_info[e1f90d03-929a-44c2-935c-8fb8066238a1] succeeded in 0.39441693699973257s: None
[2017-09-15 19:40:40,095: INFO/ForkPoolWorker-2] Task main.tasks.get_game_actions[296b8239-f48c-43df-966c-436c539a664e] succeeded in 1.147225422000247s: None
[2017-09-15 19:40:41,925: INFO/MainProcess] Received task: main.tasks.check_playing[bde2f1ac-3eb0-42b0-a15d-ae51f93a3fd4]  
[2017-09-15 19:40:41,942: INFO/ForkPoolWorker-4] Checking for games in PLAYING state. FOUND: 1
[2017-09-15 19:40:41,947: INFO/MainProcess] Received task: main.tasks.update_game_info[3691416e-9ad1-4aad-a2a3-cdb5553749bc]  
[2017-09-15 19:40:41,950: INFO/MainProcess] Received task: main.tasks.get_game_actions[189947f4-22f3-4917-965b-a06578261f4a]  
[2017-09-15 19:40:41,969: INFO/ForkPoolWorker-1] Updating game information. GAME: 12105&BKM400202
[2017-09-15 19:40:41,969: WARNING/ForkPoolWorker-1] MAKING NEW REQUEST: https://livecache.sportresult.com/node/db/FIBASTATS_PROD/12105_GAME_BKM400202_JSON.json?s=534&t=0
[2017-09-15 19:40:41,977: WARNING/ForkPoolWorker-2] MAKING NEW REQUEST: https://livecache.sportresult.com/node/db/FIBASTATS_PROD/12105_GAMEACTIONS_BKM400202_Q3_JSON.json?s=534&t=0
[2017-09-15 19:40:42,091: INFO/ForkPoolWorker-4] Task main.tasks.check_playing[bde2f1ac-3eb0-42b0-a15d-ae51f93a3fd4] succeeded in 0.16477391600028568s: None
[2017-09-15 19:40:42,361: INFO/ForkPoolWorker-1] Task main.tasks.update_game_info[3691416e-9ad1-4aad-a2a3-cdb5553749bc] succeeded in 0.4131608700004108s: None
