[2017-09-15 19:42:30,086: INFO/ForkPoolWorker-1] Task main.tasks.check_playing[96e69fa8-3f78-4a1a-b178-a6e8aa21c347] succeeded in 0.12952250000034837s: None
[2017-09-15 19:42:30,475: INFO/ForkPoolWorker-4] Task main.tasks.update_game_info[7828f607-f952-4a16-94c9-f4be136f607a] succeeded in 0.49851680900019346s: None
[2017-09-15 19:42:31,250: INFO/ForkPoolWorker-3] Task main.tasks.get_game_actions[79b9eba3-f05f-44d5-9a35-07b3aef097c5] succeeded in 1.2704240989996833s: None
[2017-09-15 19:42:32,954: INFO/MainProcess] Received task: main.tasks.check_playing[bc0e1d65-9293-4954-be9a-f515d87aef78]  
[2017-09-15 19:42:32,967: INFO/ForkPoolWorker-1] Checking for games in PLAYING state. FOUND: 1
[2017-09-15 19:42:32,971: INFO/MainProcess] Received task: main.tasks.update_game_info[25c71080-ccce-4c20-a321-0ec6748dbb68]  
[2017-09-15 19:42:32,976: INFO/MainProcess] Received task: main.tasks.get_game_actions[5fda839f-0adf-4163-855d-cbded3990e92]  
[2017-09-15 19:42:32,985: INFO/ForkPoolWorker-4] Updating game information. GAME: 12105&BKM400202
[2017-09-15 19:42:32,985: WARNING/ForkPoolWorker-4] MAKING NEW REQUEST: https://livecache.sportresult.com/node/db/FIBASTATS_PROD/12105_GAME_BKM400202_JSON.json?s=534&t=0
[2017-09-15 19:42:32,998: WARNING/ForkPoolWorker-3] MAKING NEW REQUEST: https://livecache.sportresult.com/node/db/FIBASTATS_PROD/12105_GAMEACTIONS_BKM400202_Q3_JSON.json?s=534&t=0
[2017-09-15 19:42:33,079: INFO/ForkPoolWorker-1] Task main.tasks.check_playing[bc0e1d65-9293-4954-be9a-f515d87aef78] succeeded in 0.12344348099986746s: None
[2017-09-15 19:42:33,453: INFO/ForkPoolWorker-4] Task main.tasks.update_game_info[25c71080-ccce-4c20-a321-0ec6748dbb68] succeeded in 0.48129070400000273s: None
[2017-09-15 19:42:34,222: INFO/ForkPoolWorker-3] Task main.tasks.get_game_actions[5fda839f-0adf-4163-855d-cbded3990e92] succeeded in 1.243905941000321s: None
[2017-09-15 19:42:35,956: INFO/MainProcess] Received task: main.tasks.check_playing[c5b1e325-38c2-4a86-b796-d35a21673ddb]  
[2017-09-15 19:42:35,971: INFO/ForkPoolWorker-1] Checking for games in PLAYING state. FOUND: 1
[2017-09-15 19:42:35,974: INFO/MainProcess] Received task: main.tasks.update_game_info[b53c2ab6-190b-4819-9efb-9746a91f9470]  
[2017-09-15 19:42:35,977: INFO/MainProcess] Received task: main.tasks.get_game_actions[7d10ba31-ad9c-4836-8f46-b3dd04dfc0c3]  
[2017-09-15 19:42:35,987: INFO/ForkPoolWorker-4] Updating game information. GAME: 12105&BKM400202
[2017-09-15 19:42:35,987: WARNING/ForkPoolWorker-4] MAKING NEW REQUEST: https://livecache.sportresult.com/node/db/FIBASTATS_PROD/12105_GAME_BKM400202_JSON.json?s=534&t=0
[2017-09-15 19:42:35,996: WARNING/ForkPoolWorker-3] MAKING NEW REQUEST: https://livecache.sportresult.com/node/db/FIBASTATS_PROD/12105_GAMEACTIONS_BKM400202_Q3_JSON.json?s=534&t=0
[2017-09-15 19:42:36,466: INFO/ForkPoolWorker-1] Task main.tasks.check_playing[c5b1e325-38c2-4a86-b796-d35a21673ddb] succeeded in 0.5082833040000878s: None
[2017-09-15 19:42:36,587: INFO/ForkPoolWorker-4] Task main.tasks.update_game_info[b53c2ab6-190b-4819-9efb-9746a91f9470] succeeded in 0.6121205669996925s: None
[2017-09-15 19:42:37,404: INFO/ForkPoolWorker-3] Task main.tasks.get_game_actions[7d10ba31-ad9c-4836-8f46-b3dd04dfc0c3] succeeded in 1.4227341850000812s: None
[2017-09-15 19:42:38,956: INFO/MainProcess] Received task: main.tasks.check_playing[5034239f-2959-4f61-9a3e-c31c049a2c80]  
[2017-09-15 19:42:38,969: INFO/ForkPoolWorker-1] Checking for games in PLAYING state. FOUND: 1
[2017-09-15 19:42:38,972: INFO/MainProcess] Received task: main.tasks.update_game_info[7d15d067-f8a8-4a12-a611-3fca67c35241]  
[2017-09-15 19:42:38,974: INFO/MainProcess] Received task: main.tasks.get_game_actions[733b97d0-69df-4519-b7a7-a19553932b33]  
[2017-09-15 19:42:38,988: INFO/ForkPoolWorker-4] Updating game information. GAME: 12105&BKM400202
[2017-09-15 19:42:38,989: WARNING/ForkPoolWorker-4] MAKING NEW REQUEST: https://livecache.sportresult.com/node/db/FIBASTATS_PROD/12105_GAME_BKM400202_JSON.json?s=534&t=0
[2017-09-15 19:42:38,995: WARNING/ForkPoolWorker-3] MAKING NEW REQUEST: https://livecache.sportresult.com/node/db/FIBASTATS_PROD/12105_GAMEACTIONS_BKM400202_Q3_JSON.json?s=534&t=0
[2017-09-15 19:42:39,044: INFO/ForkPoolWorker-1] Task main.tasks.check_playing[5034239f-2959-4f61-9a3e-c31c049a2c80] succeeded in 0.08759829799964791s: None
[2017-09-15 19:42:39,422: INFO/ForkPoolWorker-4] Task main.tasks.update_game_info[7d15d067-f8a8-4a12-a611-3fca67c35241] succeeded in 0.4485602300001119s: None
[2017-09-15 19:42:40,219: INFO/ForkPoolWorker-3] Task main.tasks.get_game_actions[733b97d0-69df-4519-b7a7-a19553932b33] succeeded in 1.2438080580000133s: None
[2017-09-15 19:42:41,957: INFO/MainProcess] Received task: main.tasks.check_playing[e2c7f87e-fe91-4b39-915f-7ce41ec1bb86]  
[2017-09-15 19:42:41,969: INFO/ForkPoolWorker-1] Checking for games in PLAYING state. FOUND: 1
[2017-09-15 19:42:41,972: INFO/MainProcess] Received task: main.tasks.update_game_info[02bc5297-4006-4d4c-99ea-bd8e3bb811c3]  
[2017-09-15 19:42:41,977: INFO/MainProcess] Received task: main.tasks.get_game_actions[6ce95243-749e-4082-9491-d3ea6cf50f8b]  
[2017-09-15 19:42:41,987: INFO/ForkPoolWorker-4] Updating game information. GAME: 12105&BKM400202
[2017-09-15 19:42:41,987: WARNING/ForkPoolWorker-4] MAKING NEW REQUEST: https://livecache.sportresult.com/node/db/FIBASTATS_PROD/12105_GAME_BKM400202_JSON.json?s=534&t=0
[2017-09-15 19:42:41,997: WARNING/ForkPoolWorker-3] MAKING NEW REQUEST: https://livecache.sportresult.com/node/db/FIBASTATS_PROD/12105_GAMEACTIONS_BKM400202_Q3_JSON.json?s=534&t=0
[2017-09-15 19:42:42,083: INFO/ForkPoolWorker-1] Task main.tasks.check_playing[e2c7f87e-fe91-4b39-915f-7ce41ec1bb86] succeeded in 0.1247052190001341s: None
[2017-09-15 19:42:42,316: INFO/ForkPoolWorker-4] Task main.tasks.update_game_info[02bc5297-4006-4d4c-99ea-bd8e3bb811c3] succeeded in 0.34250536800027476s: None
[2017-09-15 19:42:43,192: INFO/ForkPoolWorker-3] Task main.tasks.get_game_actions[6ce95243-749e-4082-9491-d3ea6cf50f8b] succeeded in 1.2116510759997254s: None
[2017-09-15 19:42:44,995: INFO/MainProcess] Received task: main.tasks.check_playing[e3884065-6ff3-4801-b04e-9218fe2c7e80]  
[2017-09-15 19:42:45,006: INFO/ForkPoolWorker-1] Checking for games in PLAYING state. FOUND: 1
[2017-09-15 19:42:45,010: INFO/MainProcess] Received task: main.tasks.update_game_info[1c7ed4a7-460a-49f4-9a49-e52679ead38d]  
[2017-09-15 19:42:45,011: INFO/MainProcess] Received task: main.tasks.get_game_actions[96784c78-204c-43dd-86f0-df20627e8892]  
[2017-09-15 19:42:45,028: WARNING/ForkPoolWorker-2] MAKING NEW REQUEST: https://livecache.sportresult.com/node/db/FIBASTATS_PROD/12105_GAMEACTIONS_BKM400202_Q3_JSON.json?s=534&t=0
[2017-09-15 19:42:45,029: INFO/ForkPoolWorker-4] Updating game information. GAME: 12105&BKM400202
[2017-09-15 19:42:45,029: WARNING/ForkPoolWorker-4] MAKING NEW REQUEST: https://livecache.sportresult.com/node/db/FIBASTATS_PROD/12105_GAME_BKM400202_JSON.json?s=534&t=0
[2017-09-15 19:42:45,087: INFO/ForkPoolWorker-1] Task main.tasks.check_playing[e3884065-6ff3-4801-b04e-9218fe2c7e80] succeeded in 0.09044675000041025s: None
[2017-09-15 19:42:45,453: INFO/ForkPoolWorker-4] Task main.tasks.update_game_info[1c7ed4a7-460a-49f4-9a49-e52679ead38d] succeeded in 0.4406948390001162s: None
[2017-09-15 19:42:46,307: INFO/ForkPoolWorker-2] Task main.tasks.get_game_actions[96784c78-204c-43dd-86f0-df20627e8892] succeeded in 1.2945318870001756s: None
[2017-09-15 19:42:47,997: INFO/MainProcess] Received task: main.tasks.check_playing[25539b88-862e-4cac-b206-4180a3013b20]  
[2017-09-15 19:42:48,012: INFO/ForkPoolWorker-4] Checking for games in PLAYING state. FOUND: 1
[2017-09-15 19:42:48,015: INFO/MainProcess] Received task: main.tasks.update_game_info[31433cc2-4993-456a-a56e-78c9ab06f53b]  
[2017-09-15 19:42:48,021: INFO/MainProcess] Received task: main.tasks.get_game_actions[a906bc19-9f9e-4a47-9ac8-aad9796cf14f]  
[2017-09-15 19:42:48,036: INFO/ForkPoolWorker-1] Updating game information. GAME: 12105&BKM400202
[2017-09-15 19:42:48,036: WARNING/ForkPoolWorker-1] MAKING NEW REQUEST: https://livecache.sportresult.com/node/db/FIBASTATS_PROD/12105_GAME_BKM400202_JSON.json?s=534&t=0
[2017-09-15 19:42:48,043: WARNING/ForkPoolWorker-2] MAKING NEW REQUEST: https://livecache.sportresult.com/node/db/FIBASTATS_PROD/12105_GAMEACTIONS_BKM400202_Q3_JSON.json?s=534&t=0
[2017-09-15 19:42:48,136: INFO/ForkPoolWorker-4] Task main.tasks.check_playing[25539b88-862e-4cac-b206-4180a3013b20] succeeded in 0.1378926579996005s: None
[2017-09-15 19:42:48,500: INFO/ForkPoolWorker-1] Task main.tasks.update_game_info[31433cc2-4993-456a-a56e-78c9ab06f53b] succeeded in 0.48363196699983746s: None
[2017-09-15 19:42:49,290: INFO/ForkPoolWorker-2] Task main.tasks.get_game_actions[a906bc19-9f9e-4a47-9ac8-aad9796cf14f] succeeded in 1.2648479949998546s: None
[2017-09-15 19:42:51,000: INFO/MainProcess] Received task: main.tasks.check_playing[860a5f0f-425e-4772-89c2-dafca21c80ac]  
[2017-09-15 19:42:51,015: INFO/ForkPoolWorker-4] Checking for games in PLAYING state. FOUND: 1
[2017-09-15 19:42:51,018: INFO/MainProcess] Received task: main.tasks.update_game_info[bbbd723e-0673-4f28-b5c4-32d92b8a0abf]  
[2017-09-15 19:42:51,022: INFO/MainProcess] Received task: main.tasks.get_game_actions[c83dd329-dd76-40d5-adbd-37c541cf3185]  
[2017-09-15 19:42:51,038: INFO/ForkPoolWorker-1] Updating game information. GAME: 12105&BKM400202
[2017-09-15 19:42:51,038: WARNING/ForkPoolWorker-1] MAKING NEW REQUEST: https://livecache.sportresult.com/node/db/FIBASTATS_PROD/12105_GAME_BKM400202_JSON.json?s=534&t=0
[2017-09-15 19:42:51,041: WARNING/ForkPoolWorker-3] MAKING NEW REQUEST: https://livecache.sportresult.com/node/db/FIBASTATS_PROD/12105_GAMEACTIONS_BKM400202_Q3_JSON.json?s=534&t=0
[2017-09-15 19:42:51,097: INFO/ForkPoolWorker-4] Task main.tasks.check_playing[860a5f0f-425e-4772-89c2-dafca21c80ac] succeeded in 0.09656401600022946s: None
[2017-09-15 19:42:51,711: INFO/ForkPoolWorker-1] Task main.tasks.update_game_info[bbbd723e-0673-4f28-b5c4-32d92b8a0abf] succeeded in 0.687886165999771s: None
[2017-09-15 19:42:53,847: INFO/ForkPoolWorker-3] Task main.tasks.get_game_actions[c83dd329-dd76-40d5-adbd-37c541cf3185] succeeded in 2.823624898000162s: None
[2017-09-15 19:42:54,000: INFO/MainProcess] Received task: main.tasks.check_playing[7cc3326f-b147-455d-b97a-fc919bf69bba]  
[2017-09-15 19:42:54,018: INFO/ForkPoolWorker-1] Checking for games in PLAYING state. FOUND: 1
[2017-09-15 19:42:54,022: INFO/MainProcess] Received task: main.tasks.update_game_info[81b3c083-bb38-4fff-95a4-32269fa6d86b]  
[2017-09-15 19:42:54,024: INFO/MainProcess] Received task: main.tasks.get_game_actions[d2251b95-1352-4d42-8fba-d2a99b7fdeee]  
[2017-09-15 19:42:54,045: INFO/ForkPoolWorker-4] Updating game information. GAME: 12105&BKM400202
[2017-09-15 19:42:54,046: WARNING/ForkPoolWorker-4] MAKING NEW REQUEST: https://livecache.sportresult.com/node/db/FIBASTATS_PROD/12105_GAME_BKM400202_JSON.json?s=534&t=0
[2017-09-15 19:42:54,054: WARNING/ForkPoolWorker-2] MAKING NEW REQUEST: https://livecache.sportresult.com/node/db/FIBASTATS_PROD/12105_GAMEACTIONS_BKM400202_Q3_JSON.json?s=534&t=0
[2017-09-15 19:42:54,136: INFO/ForkPoolWorker-1] Task main.tasks.check_playing[7cc3326f-b147-455d-b97a-fc919bf69bba] succeeded in 0.1346843619999163s: None
[2017-09-15 19:42:54,999: INFO/ForkPoolWorker-4] Task main.tasks.update_game_info[81b3c083-bb38-4fff-95a4-32269fa6d86b] succeeded in 0.9741387999997642s: None
[2017-09-15 19:42:56,002: INFO/ForkPoolWorker-2] Task main.tasks.get_game_actions[d2251b95-1352-4d42-8fba-d2a99b7fdeee] succeeded in 1.9740593219999027s: None
[2017-09-15 19:42:57,002: INFO/MainProcess] Received task: main.tasks.check_playing[ed713dd0-3558-46e9-bf16-4e19b0326ca7]  
[2017-09-15 19:42:57,020: INFO/ForkPoolWorker-4] Checking for games in PLAYING state. FOUND: 1
[2017-09-15 19:42:57,027: INFO/MainProcess] Received task: main.tasks.update_game_info[d59e76f3-de64-4b00-9c94-01c82304016f]  
[2017-09-15 19:42:57,038: INFO/MainProcess] Received task: main.tasks.get_game_actions[76009e7c-752a-4e2e-bae1-d128d2936a13]  
[2017-09-15 19:42:57,058: INFO/ForkPoolWorker-1] Updating game information. GAME: 12105&BKM400202
[2017-09-15 19:42:57,059: WARNING/ForkPoolWorker-1] MAKING NEW REQUEST: https://livecache.sportresult.com/node/db/FIBASTATS_PROD/12105_GAME_BKM400202_JSON.json?s=534&t=0
[2017-09-15 19:42:57,062: WARNING/ForkPoolWorker-2] MAKING NEW REQUEST: https://livecache.sportresult.com/node/db/FIBASTATS_PROD/12105_GAMEACTIONS_BKM400202_Q3_JSON.json?s=534&t=0
[2017-09-15 19:42:57,156: INFO/ForkPoolWorker-4] Task main.tasks.check_playing[ed713dd0-3558-46e9-bf16-4e19b0326ca7] succeeded in 0.15200700499963204s: None
[2017-09-15 19:42:57,578: INFO/ForkPoolWorker-1] Task main.tasks.update_game_info[d59e76f3-de64-4b00-9c94-01c82304016f] succeeded in 0.5493183469998257s: None
[2017-09-15 19:42:58,365: INFO/ForkPoolWorker-2] Task main.tasks.get_game_actions[76009e7c-752a-4e2e-bae1-d128d2936a13] succeeded in 1.3257227199997033s: None
[2017-09-15 19:43:00,001: INFO/MainProcess] Received task: main.tasks.check_playing[b91926c5-2289-4376-9715-5a2dd1e5d667]  
[2017-09-15 19:43:00,016: INFO/ForkPoolWorker-4] Checking for games in PLAYING state. FOUND: 1
[2017-09-15 19:43:00,021: INFO/MainProcess] Received task: main.tasks.update_game_info[72ccf161-aa41-4b91-8b7a-2c90d57f09bc]  
[2017-09-15 19:43:00,027: INFO/MainProcess] Received task: main.tasks.get_game_actions[664f303f-c6ca-43dd-8710-1b6359fd206f]  
[2017-09-15 19:43:00,053: WARNING/ForkPoolWorker-3] MAKING NEW REQUEST: https://livecache.sportresult.com/node/db/FIBASTATS_PROD/12105_GAMEACTIONS_BKM400202_Q3_JSON.json?s=534&t=0
[2017-09-15 19:43:00,055: INFO/ForkPoolWorker-1] Updating game information. GAME: 12105&BKM400202
[2017-09-15 19:43:00,055: WARNING/ForkPoolWorker-1] MAKING NEW REQUEST: https://livecache.sportresult.com/node/db/FIBASTATS_PROD/12105_GAME_BKM400202_JSON.json?s=534&t=0
[2017-09-15 19:43:00,134: INFO/ForkPoolWorker-4] Task main.tasks.check_playing[b91926c5-2289-4376-9715-5a2dd1e5d667] succeeded in 0.1313298139998551s: None
[2017-09-15 19:43:00,462: INFO/ForkPoolWorker-1] Task main.tasks.update_game_info[72ccf161-aa41-4b91-8b7a-2c90d57f09bc] succeeded in 0.4309346820000428s: None
[2017-09-15 19:43:01,339: INFO/ForkPoolWorker-3] Task main.tasks.get_game_actions[664f303f-c6ca-43dd-8710-1b6359fd206f] succeeded in 1.3049357449999661s: None
[2017-09-15 19:43:03,002: INFO/MainProcess] Received task: main.tasks.check_playing[f27bbc46-80d8-42b7-a55e-f0fb01fd08a9]  
[2017-09-15 19:43:03,019: INFO/ForkPoolWorker-1] Checking for games in PLAYING state. FOUND: 1
[2017-09-15 19:43:03,023: INFO/MainProcess] Received task: main.tasks.update_game_info[e6cf51dd-da8b-4eda-bf9f-9da54c102cee]  
[2017-09-15 19:43:03,024: INFO/MainProcess] Received task: main.tasks.get_game_actions[20073af9-d6c8-467e-bf2a-aef70edf74e4]  
[2017-09-15 19:43:03,045: WARNING/ForkPoolWorker-2] MAKING NEW REQUEST: https://livecache.sportresult.com/node/db/FIBASTATS_PROD/12105_GAMEACTIONS_BKM400202_Q3_JSON.json?s=534&t=0
[2017-09-15 19:43:03,046: INFO/ForkPoolWorker-4] Updating game information. GAME: 12105&BKM400202
[2017-09-15 19:43:03,046: WARNING/ForkPoolWorker-4] MAKING NEW REQUEST: https://livecache.sportresult.com/node/db/FIBASTATS_PROD/12105_GAME_BKM400202_JSON.json?s=534&t=0
[2017-09-15 19:43:03,144: INFO/ForkPoolWorker-1] Task main.tasks.check_playing[f27bbc46-80d8-42b7-a55e-f0fb01fd08a9] succeeded in 0.14055453299988585s: None
[2017-09-15 19:43:03,565: INFO/ForkPoolWorker-4] Task main.tasks.update_game_info[e6cf51dd-da8b-4eda-bf9f-9da54c102cee] succeeded in 0.5390388870000606s: None
[2017-09-15 19:43:04,343: INFO/ForkPoolWorker-2] Task main.tasks.get_game_actions[20073af9-d6c8-467e-bf2a-aef70edf74e4] succeeded in 1.3161347350001051s: None
[2017-09-15 19:43:06,002: INFO/MainProcess] Received task: main.tasks.check_playing[b24a4578-acaf-4398-8989-987dee3227ad]  
[2017-09-15 19:43:06,016: INFO/ForkPoolWorker-4] Checking for games in PLAYING state. FOUND: 1
[2017-09-15 19:43:06,020: INFO/MainProcess] Received task: main.tasks.update_game_info[473f9b71-c338-4dc5-a5f4-a4387b3b1d5d]  
[2017-09-15 19:43:06,024: INFO/MainProcess] Received task: main.tasks.get_game_actions[534d3983-ec28-4ec4-8022-cf79d8014b9d]  
[2017-09-15 19:43:06,036: INFO/ForkPoolWorker-1] Updating game information. GAME: 12105&BKM400202
[2017-09-15 19:43:06,036: WARNING/ForkPoolWorker-1] MAKING NEW REQUEST: https://livecache.sportresult.com/node/db/FIBASTATS_PROD/12105_GAME_BKM400202_JSON.json?s=534&t=0
[2017-09-15 19:43:06,048: WARNING/ForkPoolWorker-2] MAKING NEW REQUEST: https://livecache.sportresult.com/node/db/FIBASTATS_PROD/12105_GAMEACTIONS_BKM400202_Q3_JSON.json?s=534&t=0
[2017-09-15 19:43:06,127: INFO/ForkPoolWorker-4] Task main.tasks.check_playing[b24a4578-acaf-4398-8989-987dee3227ad] succeeded in 0.12400127899991276s: None
[2017-09-15 19:43:06,514: INFO/ForkPoolWorker-1] Task main.tasks.update_game_info[473f9b71-c338-4dc5-a5f4-a4387b3b1d5d] succeeded in 0.4918426819999695s: None
[2017-09-15 19:43:07,314: INFO/ForkPoolWorker-2] Task main.tasks.get_game_actions[534d3983-ec28-4ec4-8022-cf79d8014b9d] succeeded in 1.2876664550003625s: None
[2017-09-15 19:43:09,009: INFO/MainProcess] Received task: main.tasks.check_playing[8985eafc-034f-43b4-a0d1-61c0e69a4918]  
[2017-09-15 19:43:09,033: INFO/ForkPoolWorker-4] Checking for games in PLAYING state. FOUND: 1
[2017-09-15 19:43:09,041: INFO/MainProcess] Received task: main.tasks.update_game_info[a416481a-4a37-4c35-9beb-53e66d359a9e]  
[2017-09-15 19:43:09,047: INFO/MainProcess] Received task: main.tasks.get_game_actions[e15227a6-e4e9-49a1-9e52-a23f9f90c181]  
[2017-09-15 19:43:09,068: INFO/ForkPoolWorker-1] Updating game information. GAME: 12105&BKM400202
[2017-09-15 19:43:09,068: WARNING/ForkPoolWorker-1] MAKING NEW REQUEST: https://livecache.sportresult.com/node/db/FIBASTATS_PROD/12105_GAME_BKM400202_JSON.json?s=534&t=0
[2017-09-15 19:43:09,076: WARNING/ForkPoolWorker-2] MAKING NEW REQUEST: https://livecache.sportresult.com/node/db/FIBASTATS_PROD/12105_GAMEACTIONS_BKM400202_Q3_JSON.json?s=534&t=0
[2017-09-15 19:43:09,166: INFO/ForkPoolWorker-4] Task main.tasks.check_playing[8985eafc-034f-43b4-a0d1-61c0e69a4918] succeeded in 0.1543607720000182s: None
[2017-09-15 19:43:09,492: INFO/ForkPoolWorker-1] Task main.tasks.update_game_info[a416481a-4a37-4c35-9beb-53e66d359a9e] succeeded in 0.4498749570002474s: None
[2017-09-15 19:43:10,254: INFO/ForkPoolWorker-2] Task main.tasks.get_game_actions[e15227a6-e4e9-49a1-9e52-a23f9f90c181] succeeded in 1.2057306459996653s: None
[2017-09-15 19:43:12,003: INFO/MainProcess] Received task: main.tasks.check_playing[95463676-ef1d-4436-ae3f-43df6323eb66]  
[2017-09-15 19:43:12,016: INFO/ForkPoolWorker-4] Checking for games in PLAYING state. FOUND: 1
[2017-09-15 19:43:12,019: INFO/MainProcess] Received task: main.tasks.update_game_info[b677fa1e-e35a-403c-8522-ff766fae032a]  
[2017-09-15 19:43:12,025: INFO/MainProcess] Received task: main.tasks.get_game_actions[a719d49a-9437-4b4a-8b17-3b093713ca2c]  
[2017-09-15 19:43:12,035: INFO/ForkPoolWorker-1] Updating game information. GAME: 12105&BKM400202
[2017-09-15 19:43:12,036: WARNING/ForkPoolWorker-1] MAKING NEW REQUEST: https://livecache.sportresult.com/node/db/FIBASTATS_PROD/12105_GAME_BKM400202_JSON.json?s=534&t=0
[2017-09-15 19:43:12,044: WARNING/ForkPoolWorker-2] MAKING NEW REQUEST: https://livecache.sportresult.com/node/db/FIBASTATS_PROD/12105_GAMEACTIONS_BKM400202_Q3_JSON.json?s=534&t=0
[2017-09-15 19:43:12,126: INFO/ForkPoolWorker-4] Task main.tasks.check_playing[95463676-ef1d-4436-ae3f-43df6323eb66] succeeded in 0.12114185000018551s: None
[2017-09-15 19:43:12,525: INFO/ForkPoolWorker-1] Task main.tasks.update_game_info[b677fa1e-e35a-403c-8522-ff766fae032a] succeeded in 0.5049355510000169s: None
[2017-09-15 19:43:13,324: INFO/ForkPoolWorker-2] Task main.tasks.get_game_actions[a719d49a-9437-4b4a-8b17-3b093713ca2c] succeeded in 1.2950765720001982s: None
[2017-09-15 19:43:15,004: INFO/MainProcess] Received task: main.tasks.check_playing[124b9dfa-db3a-4ea8-b097-6bdcbf04b62e]  
[2017-09-15 19:43:15,016: INFO/ForkPoolWorker-4] Checking for games in PLAYING state. FOUND: 1
[2017-09-15 19:43:15,020: INFO/MainProcess] Received task: main.tasks.update_game_info[116a33c0-249f-474e-9c3e-f3d1bdef50fa]  
[2017-09-15 19:43:15,024: INFO/MainProcess] Received task: main.tasks.get_game_actions[fcfe444c-404e-4429-841f-5713231dfc6f]  
[2017-09-15 19:43:15,036: INFO/ForkPoolWorker-1] Updating game information. GAME: 12105&BKM400202
[2017-09-15 19:43:15,036: WARNING/ForkPoolWorker-1] MAKING NEW REQUEST: https://livecache.sportresult.com/node/db/FIBASTATS_PROD/12105_GAME_BKM400202_JSON.json?s=534&t=0
[2017-09-15 19:43:15,043: WARNING/ForkPoolWorker-2] MAKING NEW REQUEST: https://livecache.sportresult.com/node/db/FIBASTATS_PROD/12105_GAMEACTIONS_BKM400202_Q3_JSON.json?s=534&t=0
[2017-09-15 19:43:15,141: INFO/ForkPoolWorker-4] Task main.tasks.check_playing[124b9dfa-db3a-4ea8-b097-6bdcbf04b62e] succeeded in 0.13635269799988237s: None
[2017-09-15 19:43:15,526: INFO/ForkPoolWorker-1] Task main.tasks.update_game_info[116a33c0-249f-474e-9c3e-f3d1bdef50fa] succeeded in 0.5047445770001104s: None
[2017-09-15 19:43:16,329: INFO/ForkPoolWorker-2] Task main.tasks.get_game_actions[fcfe444c-404e-4429-841f-5713231dfc6f] succeeded in 1.3035013079997952s: None
[2017-09-15 19:43:18,004: INFO/MainProcess] Received task: main.tasks.check_playing[4b85b046-a2a4-45b2-b7cf-d2e20cd9363f]  
[2017-09-15 19:43:18,017: INFO/ForkPoolWorker-4] Checking for games in PLAYING state. FOUND: 1
[2017-09-15 19:43:18,020: INFO/MainProcess] Received task: main.tasks.update_game_info[da1f276a-3983-4425-8cca-d8057244bb85]  
[2017-09-15 19:43:18,022: INFO/MainProcess] Received task: main.tasks.get_game_actions[2f609bf1-3542-4fc9-8be6-e830c249c931]  
[2017-09-15 19:43:18,038: INFO/ForkPoolWorker-1] Updating game information. GAME: 12105&BKM400202
[2017-09-15 19:43:18,039: WARNING/ForkPoolWorker-1] MAKING NEW REQUEST: https://livecache.sportresult.com/node/db/FIBASTATS_PROD/12105_GAME_BKM400202_JSON.json?s=534&t=0
[2017-09-15 19:43:18,045: WARNING/ForkPoolWorker-3] MAKING NEW REQUEST: https://livecache.sportresult.com/node/db/FIBASTATS_PROD/12105_GAMEACTIONS_BKM400202_Q3_JSON.json?s=534&t=0
[2017-09-15 19:43:18,113: INFO/ForkPoolWorker-4] Task main.tasks.check_playing[4b85b046-a2a4-45b2-b7cf-d2e20cd9363f] succeeded in 0.10819272399976398s: None
[2017-09-15 19:43:19,388: INFO/ForkPoolWorker-1] Task main.tasks.update_game_info[da1f276a-3983-4425-8cca-d8057244bb85] succeeded in 1.3640705120001257s: None
[2017-09-15 19:43:20,319: INFO/ForkPoolWorker-3] Task main.tasks.get_game_actions[2f609bf1-3542-4fc9-8be6-e830c249c931] succeeded in 2.2951046220000535s: None
[2017-09-15 19:43:21,014: INFO/MainProcess] Received task: main.tasks.check_playing[647d5601-f7ec-4702-ae5f-6ea58b2d4d26]  
[2017-09-15 19:43:21,042: INFO/ForkPoolWorker-1] Checking for games in PLAYING state. FOUND: 1
[2017-09-15 19:43:21,046: INFO/MainProcess] Received task: main.tasks.update_game_info[54216533-5983-437e-9b15-fc659a5755e7]  
[2017-09-15 19:43:21,050: INFO/MainProcess] Received task: main.tasks.get_game_actions[1a971865-1171-4628-a3ed-8f60f4bc0e94]  
[2017-09-15 19:43:21,067: INFO/ForkPoolWorker-4] Updating game information. GAME: 12105&BKM400202
[2017-09-15 19:43:21,068: WARNING/ForkPoolWorker-4] MAKING NEW REQUEST: https://livecache.sportresult.com/node/db/FIBASTATS_PROD/12105_GAME_BKM400202_JSON.json?s=534&t=0
[2017-09-15 19:43:21,078: WARNING/ForkPoolWorker-3] MAKING NEW REQUEST: https://livecache.sportresult.com/node/db/FIBASTATS_PROD/12105_GAMEACTIONS_BKM400202_Q3_JSON.json?s=534&t=0
[2017-09-15 19:43:21,129: INFO/ForkPoolWorker-1] Task main.tasks.check_playing[647d5601-f7ec-4702-ae5f-6ea58b2d4d26] succeeded in 0.11351440699991144s: None
[2017-09-15 19:43:21,759: INFO/ForkPoolWorker-4] Task main.tasks.update_game_info[54216533-5983-437e-9b15-fc659a5755e7] succeeded in 0.7118432920001396s: None
[2017-09-15 19:43:22,594: INFO/ForkPoolWorker-3] Task main.tasks.get_game_actions[1a971865-1171-4628-a3ed-8f60f4bc0e94] succeeded in 1.543094203000237s: None
[2017-09-15 19:43:24,006: INFO/MainProcess] Received task: main.tasks.check_playing[4418116a-d696-43a8-84c1-e43bc2f41822]  
[2017-09-15 19:43:24,021: INFO/ForkPoolWorker-1] Checking for games in PLAYING state. FOUND: 1
[2017-09-15 19:43:24,025: INFO/MainProcess] Received task: main.tasks.update_game_info[d17fd7bc-9c04-46e5-ac97-874224e78bd2]  
[2017-09-15 19:43:24,026: INFO/MainProcess] Received task: main.tasks.get_game_actions[4e3b5abe-5b85-4543-b55c-2767c383837c]  
[2017-09-15 19:43:24,044: INFO/ForkPoolWorker-4] Updating game information. GAME: 12105&BKM400202
[2017-09-15 19:43:24,044: WARNING/ForkPoolWorker-4] MAKING NEW REQUEST: https://livecache.sportresult.com/node/db/FIBASTATS_PROD/12105_GAME_BKM400202_JSON.json?s=534&t=0
[2017-09-15 19:43:24,053: WARNING/ForkPoolWorker-2] MAKING NEW REQUEST: https://livecache.sportresult.com/node/db/FIBASTATS_PROD/12105_GAMEACTIONS_BKM400202_Q3_JSON.json?s=534&t=0
[2017-09-15 19:43:24,101: INFO/ForkPoolWorker-1] Task main.tasks.check_playing[4418116a-d696-43a8-84c1-e43bc2f41822] succeeded in 0.09392951100016944s: None
[2017-09-15 19:43:24,490: INFO/ForkPoolWorker-4] Task main.tasks.update_game_info[d17fd7bc-9c04-46e5-ac97-874224e78bd2] succeeded in 0.463004483000077s: None
[2017-09-15 19:43:25,432: INFO/ForkPoolWorker-2] Task main.tasks.get_game_actions[4e3b5abe-5b85-4543-b55c-2767c383837c] succeeded in 1.4018491550000363s: None
[2017-09-15 19:43:27,006: INFO/MainProcess] Received task: main.tasks.check_playing[6dc1c493-091a-4d61-b22e-4fe6f811326c]  
[2017-09-15 19:43:27,019: INFO/ForkPoolWorker-4] Checking for games in PLAYING state. FOUND: 1
[2017-09-15 19:43:27,023: INFO/MainProcess] Received task: main.tasks.update_game_info[939b2fca-ac8f-4fda-9364-96a09b77b941]  
[2017-09-15 19:43:27,026: INFO/MainProcess] Received task: main.tasks.get_game_actions[8cd578e5-0b0e-4e4d-a178-dd809e836a54]  
[2017-09-15 19:43:27,037: INFO/ForkPoolWorker-1] Updating game information. GAME: 12105&BKM400202
[2017-09-15 19:43:27,038: WARNING/ForkPoolWorker-1] MAKING NEW REQUEST: https://livecache.sportresult.com/node/db/FIBASTATS_PROD/12105_GAME_BKM400202_JSON.json?s=534&t=0
[2017-09-15 19:43:27,045: WARNING/ForkPoolWorker-2] MAKING NEW REQUEST: https://livecache.sportresult.com/node/db/FIBASTATS_PROD/12105_GAMEACTIONS_BKM400202_Q3_JSON.json?s=534&t=0
[2017-09-15 19:43:27,096: INFO/ForkPoolWorker-4] Task main.tasks.check_playing[6dc1c493-091a-4d61-b22e-4fe6f811326c] succeeded in 0.08826793499974883s: None
[2017-09-15 19:43:27,859: INFO/ForkPoolWorker-1] Task main.tasks.update_game_info[939b2fca-ac8f-4fda-9364-96a09b77b941] succeeded in 0.8351493700001811s: None
[2017-09-15 19:43:28,626: INFO/ForkPoolWorker-2] Task main.tasks.get_game_actions[8cd578e5-0b0e-4e4d-a178-dd809e836a54] succeeded in 1.5979219740002009s: None
[2017-09-15 19:43:30,006: INFO/MainProcess] Received task: main.tasks.check_playing[519b0281-65cc-42b7-8399-23a5e830ff37]  
[2017-09-15 19:43:30,024: INFO/ForkPoolWorker-4] Checking for games in PLAYING state. FOUND: 1
[2017-09-15 19:43:30,029: INFO/MainProcess] Received task: main.tasks.update_game_info[3d2a0ff7-ee1c-4f06-bea2-960ea4ba01e2]  
[2017-09-15 19:43:30,035: INFO/MainProcess] Received task: main.tasks.get_game_actions[d149ea3a-7647-418e-8564-56ef1736a7d3]  
[2017-09-15 19:43:30,044: INFO/ForkPoolWorker-1] Updating game information. GAME: 12105&BKM400202
[2017-09-15 19:43:30,044: WARNING/ForkPoolWorker-1] MAKING NEW REQUEST: https://livecache.sportresult.com/node/db/FIBASTATS_PROD/12105_GAME_BKM400202_JSON.json?s=534&t=0
[2017-09-15 19:43:30,053: WARNING/ForkPoolWorker-2] MAKING NEW REQUEST: https://livecache.sportresult.com/node/db/FIBASTATS_PROD/12105_GAMEACTIONS_BKM400202_Q3_JSON.json?s=534&t=0
[2017-09-15 19:43:30,112: INFO/ForkPoolWorker-4] Task main.tasks.check_playing[519b0281-65cc-42b7-8399-23a5e830ff37] succeeded in 0.10465273900035754s: None
[2017-09-15 19:43:30,494: INFO/ForkPoolWorker-1] Task main.tasks.update_game_info[3d2a0ff7-ee1c-4f06-bea2-960ea4ba01e2] succeeded in 0.46390892699992037s: None
[2017-09-15 19:43:31,366: INFO/ForkPoolWorker-2] Task main.tasks.get_game_actions[d149ea3a-7647-418e-8564-56ef1736a7d3] succeeded in 1.330153940999935s: None
[2017-09-15 19:43:33,007: INFO/MainProcess] Received task: main.tasks.check_playing[832e2d7b-bf20-4f15-b117-92b21bca13d7]  
[2017-09-15 19:43:33,019: INFO/ForkPoolWorker-4] Checking for games in PLAYING state. FOUND: 1
[2017-09-15 19:43:33,023: INFO/MainProcess] Received task: main.tasks.update_game_info[0d92dfec-9860-41da-a265-2d997685ae6b]  
[2017-09-15 19:43:33,024: INFO/MainProcess] Received task: main.tasks.get_game_actions[e0c8ad43-3e34-4172-9c8e-fb0dc40a0096]  
[2017-09-15 19:43:33,038: INFO/ForkPoolWorker-1] Updating game information. GAME: 12105&BKM400202
[2017-09-15 19:43:33,038: WARNING/ForkPoolWorker-1] MAKING NEW REQUEST: https://livecache.sportresult.com/node/db/FIBASTATS_PROD/12105_GAME_BKM400202_JSON.json?s=534&t=0
[2017-09-15 19:43:33,042: WARNING/ForkPoolWorker-3] MAKING NEW REQUEST: https://livecache.sportresult.com/node/db/FIBASTATS_PROD/12105_GAMEACTIONS_BKM400202_Q3_JSON.json?s=534&t=0
[2017-09-15 19:43:33,150: INFO/ForkPoolWorker-4] Task main.tasks.check_playing[832e2d7b-bf20-4f15-b117-92b21bca13d7] succeeded in 0.14145720499982417s: None
[2017-09-15 19:43:36,008: INFO/MainProcess] Received task: main.tasks.check_playing[03b199ab-4363-4ee7-a6c8-99270fe64539]  
[2017-09-15 19:43:36,020: INFO/ForkPoolWorker-4] Checking for games in PLAYING state. FOUND: 1
[2017-09-15 19:43:36,024: INFO/MainProcess] Received task: main.tasks.update_game_info[5791eb4e-a1c4-43cf-9074-1d639e3d7f8e]  
[2017-09-15 19:43:36,029: INFO/MainProcess] Received task: main.tasks.get_game_actions[64d67685-ffbf-4a69-84b6-350eb6191296]  
[2017-09-15 19:43:36,038: INFO/ForkPoolWorker-2] Updating game information. GAME: 12105&BKM400202
[2017-09-15 19:43:36,038: WARNING/ForkPoolWorker-2] MAKING NEW REQUEST: https://livecache.sportresult.com/node/db/FIBASTATS_PROD/12105_GAME_BKM400202_JSON.json?s=534&t=0
[2017-09-15 19:43:36,152: INFO/ForkPoolWorker-4] Task main.tasks.check_playing[03b199ab-4363-4ee7-a6c8-99270fe64539] succeeded in 0.14338537899993753s: None
[2017-09-15 19:43:36,171: WARNING/ForkPoolWorker-4] MAKING NEW REQUEST: https://livecache.sportresult.com/node/db/FIBASTATS_PROD/12105_GAMEACTIONS_BKM400202_Q3_JSON.json?s=534&t=0
[2017-09-15 19:43:38,411: INFO/ForkPoolWorker-1] Task main.tasks.update_game_info[0d92dfec-9860-41da-a265-2d997685ae6b] succeeded in 5.386410959999921s: None
[2017-09-15 19:43:39,012: INFO/MainProcess] Received task: main.tasks.check_playing[93ce9729-ad4b-4ecd-b1b5-7211c55424a3]  
[2017-09-15 19:43:39,027: INFO/ForkPoolWorker-1] Checking for games in PLAYING state. FOUND: 1
[2017-09-15 19:43:39,031: INFO/MainProcess] Received task: main.tasks.update_game_info[36a61809-fbf9-4c4d-a7b8-a45916cf423c]  
[2017-09-15 19:43:39,034: INFO/MainProcess] Received task: main.tasks.get_game_actions[c779ef97-8890-4d19-80c3-c1552d4e395e]  
[2017-09-15 19:43:39,196: INFO/ForkPoolWorker-1] Task main.tasks.check_playing[93ce9729-ad4b-4ecd-b1b5-7211c55424a3] succeeded in 0.1824158540002827s: None
[2017-09-15 19:43:39,214: INFO/ForkPoolWorker-1] Updating game information. GAME: 12105&BKM400202
[2017-09-15 19:43:39,215: WARNING/ForkPoolWorker-1] MAKING NEW REQUEST: https://livecache.sportresult.com/node/db/FIBASTATS_PROD/12105_GAME_BKM400202_JSON.json?s=534&t=0
[2017-09-15 19:43:39,310: INFO/ForkPoolWorker-3] Task main.tasks.get_game_actions[e0c8ad43-3e34-4172-9c8e-fb0dc40a0096] succeeded in 6.285320254999988s: None
[2017-09-15 19:43:39,329: WARNING/ForkPoolWorker-3] MAKING NEW REQUEST: https://livecache.sportresult.com/node/db/FIBASTATS_PROD/12105_GAMEACTIONS_BKM400202_Q3_JSON.json?s=534&t=0
[2017-09-15 19:43:39,521: INFO/ForkPoolWorker-1] Task main.tasks.update_game_info[36a61809-fbf9-4c4d-a7b8-a45916cf423c] succeeded in 0.32273321699994995s: None
[2017-09-15 19:43:40,467: INFO/ForkPoolWorker-3] Task main.tasks.get_game_actions[c779ef97-8890-4d19-80c3-c1552d4e395e] succeeded in 1.15457601099979s: None
[2017-09-15 19:43:41,320: INFO/ForkPoolWorker-2] Task main.tasks.update_game_info[5791eb4e-a1c4-43cf-9074-1d639e3d7f8e] succeeded in 5.2951689579999766s: None
[2017-09-15 19:43:42,015: INFO/MainProcess] Received task: main.tasks.check_playing[ac53ac75-6320-4bc5-a6f8-8e9331d1176d]  
[2017-09-15 19:43:42,032: INFO/ForkPoolWorker-1] Checking for games in PLAYING state. FOUND: 1
[2017-09-15 19:43:42,037: INFO/MainProcess] Received task: main.tasks.update_game_info[a159ad06-104f-40cf-b6fc-d9d0731b4108]  
[2017-09-15 19:43:42,044: INFO/MainProcess] Received task: main.tasks.get_game_actions[febadbca-eeac-42cf-9861-9da8a8e1be6c]  
[2017-09-15 19:43:42,059: INFO/ForkPoolWorker-2] Updating game information. GAME: 12105&BKM400202
[2017-09-15 19:43:42,059: WARNING/ForkPoolWorker-2] MAKING NEW REQUEST: https://livecache.sportresult.com/node/db/FIBASTATS_PROD/12105_GAME_BKM400202_JSON.json?s=534&t=0
[2017-09-15 19:43:42,078: WARNING/ForkPoolWorker-3] MAKING NEW REQUEST: https://livecache.sportresult.com/node/db/FIBASTATS_PROD/12105_GAMEACTIONS_BKM400202_Q3_JSON.json?s=534&t=0
[2017-09-15 19:43:42,186: INFO/ForkPoolWorker-1] Task main.tasks.check_playing[ac53ac75-6320-4bc5-a6f8-8e9331d1176d] succeeded in 0.1694079359999705s: None
[2017-09-15 19:43:42,541: INFO/ForkPoolWorker-2] Task main.tasks.update_game_info[a159ad06-104f-40cf-b6fc-d9d0731b4108] succeeded in 0.5008179359997484s: None
[2017-09-15 19:43:42,606: INFO/ForkPoolWorker-4] Task main.tasks.get_game_actions[64d67685-ffbf-4a69-84b6-350eb6191296] succeeded in 6.452037603999997s: None
[2017-09-15 19:43:43,508: INFO/ForkPoolWorker-3] Task main.tasks.get_game_actions[febadbca-eeac-42cf-9861-9da8a8e1be6c] succeeded in 1.4568998509998892s: None
[2017-09-15 19:43:45,012: INFO/MainProcess] Received task: main.tasks.check_playing[95fae095-3ff6-4f4e-9fe7-0bd42986d5ca]  
[2017-09-15 19:43:45,024: INFO/ForkPoolWorker-4] Checking for games in PLAYING state. FOUND: 1
[2017-09-15 19:43:45,028: INFO/MainProcess] Received task: main.tasks.update_game_info[fbd37cf2-639f-42ba-b2f3-85f51465bb06]  
[2017-09-15 19:43:45,029: INFO/MainProcess] Received task: main.tasks.get_game_actions[fcb96bc4-2eff-411c-bfa6-e8c8fb075ab3]  
[2017-09-15 19:43:45,043: WARNING/ForkPoolWorker-3] MAKING NEW REQUEST: https://livecache.sportresult.com/node/db/FIBASTATS_PROD/12105_GAMEACTIONS_BKM400202_Q3_JSON.json?s=534&t=0
[2017-09-15 19:43:45,045: INFO/ForkPoolWorker-1] Updating game information. GAME: 12105&BKM400202
[2017-09-15 19:43:45,045: WARNING/ForkPoolWorker-1] MAKING NEW REQUEST: https://livecache.sportresult.com/node/db/FIBASTATS_PROD/12105_GAME_BKM400202_JSON.json?s=534&t=0
[2017-09-15 19:43:45,113: INFO/ForkPoolWorker-4] Task main.tasks.check_playing[95fae095-3ff6-4f4e-9fe7-0bd42986d5ca] succeeded in 0.09985524099965915s: None
[2017-09-15 19:43:45,474: INFO/ForkPoolWorker-1] Task main.tasks.update_game_info[fbd37cf2-639f-42ba-b2f3-85f51465bb06] succeeded in 0.44374940700026855s: None
[2017-09-15 19:43:46,556: INFO/ForkPoolWorker-3] Task main.tasks.get_game_actions[fcb96bc4-2eff-411c-bfa6-e8c8fb075ab3] succeeded in 1.5256211750001967s: None
[2017-09-15 19:43:48,014: INFO/MainProcess] Received task: main.tasks.check_playing[f411049a-278c-4de8-a8e5-54a4b52263a8]  
[2017-09-15 19:43:48,032: INFO/ForkPoolWorker-1] Checking for games in PLAYING state. FOUND: 1
[2017-09-15 19:43:48,042: INFO/MainProcess] Received task: main.tasks.update_game_info[ce27f460-81b4-4064-8e3c-81f498b41bd3]  
[2017-09-15 19:43:48,052: INFO/MainProcess] Received task: main.tasks.get_game_actions[3bdf8082-f0ad-4005-b5f6-a9c7a30b8c4e]  
[2017-09-15 19:43:48,067: INFO/ForkPoolWorker-4] Updating game information. GAME: 12105&BKM400202
[2017-09-15 19:43:48,067: WARNING/ForkPoolWorker-4] MAKING NEW REQUEST: https://livecache.sportresult.com/node/db/FIBASTATS_PROD/12105_GAME_BKM400202_JSON.json?s=534&t=0
[2017-09-15 19:43:48,081: WARNING/ForkPoolWorker-3] MAKING NEW REQUEST: https://livecache.sportresult.com/node/db/FIBASTATS_PROD/12105_GAMEACTIONS_BKM400202_Q3_JSON.json?s=534&t=0
[2017-09-15 19:43:48,129: INFO/ForkPoolWorker-1] Task main.tasks.check_playing[f411049a-278c-4de8-a8e5-54a4b52263a8] succeeded in 0.11428840999997192s: None
[2017-09-15 19:43:48,485: INFO/ForkPoolWorker-4] Task main.tasks.update_game_info[ce27f460-81b4-4064-8e3c-81f498b41bd3] succeeded in 0.43953799700011587s: None
[2017-09-15 19:43:49,282: INFO/ForkPoolWorker-3] Task main.tasks.get_game_actions[3bdf8082-f0ad-4005-b5f6-a9c7a30b8c4e] succeeded in 1.2286238149999917s: None
[2017-09-15 19:43:51,015: INFO/MainProcess] Received task: main.tasks.check_playing[30858553-d201-4b7f-82b7-bf5cbde5472c]  
[2017-09-15 19:43:51,031: INFO/ForkPoolWorker-1] Checking for games in PLAYING state. FOUND: 1
[2017-09-15 19:43:51,034: INFO/MainProcess] Received task: main.tasks.update_game_info[ecffb95a-de4f-4fe0-805c-089d1945ff73]  
[2017-09-15 19:43:51,040: INFO/MainProcess] Received task: main.tasks.get_game_actions[fa721047-233d-4227-9191-08d59bd9419b]  
[2017-09-15 19:43:51,049: INFO/ForkPoolWorker-4] Updating game information. GAME: 12105&BKM400202
[2017-09-15 19:43:51,049: WARNING/ForkPoolWorker-4] MAKING NEW REQUEST: https://livecache.sportresult.com/node/db/FIBASTATS_PROD/12105_GAME_BKM400202_JSON.json?s=534&t=0
[2017-09-15 19:43:51,058: WARNING/ForkPoolWorker-3] MAKING NEW REQUEST: https://livecache.sportresult.com/node/db/FIBASTATS_PROD/12105_GAMEACTIONS_BKM400202_Q3_JSON.json?s=534&t=0
[2017-09-15 19:43:51,156: INFO/ForkPoolWorker-1] Task main.tasks.check_playing[30858553-d201-4b7f-82b7-bf5cbde5472c] succeeded in 0.13976170499972795s: None
[2017-09-15 19:43:51,442: INFO/ForkPoolWorker-4] Task main.tasks.update_game_info[ecffb95a-de4f-4fe0-805c-089d1945ff73] succeeded in 0.4068961880002462s: None
[2017-09-15 19:43:52,298: INFO/ForkPoolWorker-3] Task main.tasks.get_game_actions[fa721047-233d-4227-9191-08d59bd9419b] succeeded in 1.2567953269999634s: None
[2017-09-15 19:43:54,015: INFO/MainProcess] Received task: main.tasks.check_playing[c39a391d-9e67-4101-a0bc-3bcaa2be5119]  
[2017-09-15 19:43:54,030: INFO/ForkPoolWorker-1] Checking for games in PLAYING state. FOUND: 1
[2017-09-15 19:43:54,035: INFO/MainProcess] Received task: main.tasks.update_game_info[63baeca7-b48e-4433-b1fe-439781a545c6]  
[2017-09-15 19:43:54,036: INFO/MainProcess] Received task: main.tasks.get_game_actions[57d4ac69-de18-4b6f-a7ee-a862537b7888]  
[2017-09-15 19:43:54,052: INFO/ForkPoolWorker-4] Updating game information. GAME: 12105&BKM400202
[2017-09-15 19:43:54,052: WARNING/ForkPoolWorker-4] MAKING NEW REQUEST: https://livecache.sportresult.com/node/db/FIBASTATS_PROD/12105_GAME_BKM400202_JSON.json?s=534&t=0
[2017-09-15 19:43:54,056: WARNING/ForkPoolWorker-2] MAKING NEW REQUEST: https://livecache.sportresult.com/node/db/FIBASTATS_PROD/12105_GAMEACTIONS_BKM400202_Q3_JSON.json?s=534&t=0
[2017-09-15 19:43:54,161: INFO/ForkPoolWorker-1] Task main.tasks.check_playing[c39a391d-9e67-4101-a0bc-3bcaa2be5119] succeeded in 0.1433324449999418s: None
[2017-09-15 19:43:54,420: INFO/ForkPoolWorker-4] Task main.tasks.update_game_info[63baeca7-b48e-4433-b1fe-439781a545c6] succeeded in 0.38305105300014475s: None
[2017-09-15 19:43:55,281: INFO/ForkPoolWorker-2] Task main.tasks.get_game_actions[57d4ac69-de18-4b6f-a7ee-a862537b7888] succeeded in 1.244852929999979s: None
[2017-09-15 19:43:57,020: INFO/MainProcess] Received task: main.tasks.check_playing[eede67f1-5e2e-41f2-86e0-8df9cacf0727]  
[2017-09-15 19:43:57,038: INFO/ForkPoolWorker-4] Checking for games in PLAYING state. FOUND: 1
[2017-09-15 19:43:57,043: INFO/MainProcess] Received task: main.tasks.update_game_info[afd3a33f-675f-424d-9b6d-be82064cce6a]  
[2017-09-15 19:43:57,044: INFO/MainProcess] Received task: main.tasks.get_game_actions[0f2478c0-98f2-41f3-acc5-a6abfdc88928]  
[2017-09-15 19:43:57,060: INFO/ForkPoolWorker-1] Updating game information. GAME: 12105&BKM400202
[2017-09-15 19:43:57,060: WARNING/ForkPoolWorker-1] MAKING NEW REQUEST: https://livecache.sportresult.com/node/db/FIBASTATS_PROD/12105_GAME_BKM400202_JSON.json?s=534&t=0
[2017-09-15 19:43:57,068: WARNING/ForkPoolWorker-3] MAKING NEW REQUEST: https://livecache.sportresult.com/node/db/FIBASTATS_PROD/12105_GAMEACTIONS_BKM400202_Q3_JSON.json?s=534&t=0
[2017-09-15 19:43:57,154: INFO/ForkPoolWorker-4] Task main.tasks.check_playing[eede67f1-5e2e-41f2-86e0-8df9cacf0727] succeeded in 0.1326294229997984s: None
[2017-09-15 19:43:57,719: INFO/ForkPoolWorker-1] Task main.tasks.update_game_info[afd3a33f-675f-424d-9b6d-be82064cce6a] succeeded in 0.6735632840000108s: None
[2017-09-15 19:43:58,474: INFO/ForkPoolWorker-3] Task main.tasks.get_game_actions[0f2478c0-98f2-41f3-acc5-a6abfdc88928] succeeded in 1.4286202789999152s: None
