[2017-09-15 19:33:17,824: INFO/MainProcess] Connected to amqp://guest:**@127.0.0.1:5672//
[2017-09-15 19:33:17,839: INFO/MainProcess] mingle: searching for neighbors
[2017-09-15 19:33:18,872: INFO/MainProcess] mingle: all alone
[2017-09-15 19:33:18,932: WARNING/MainProcess] /home/netcrime/.virtualenvs/fiba/lib/python3.5/site-packages/celery/fixups/django.py:202: UserWarning: Using settings.DEBUG leads to a memory leak, never use this setting in production environments!
  warnings.warn('Using settings.DEBUG leads to a memory leak, never '
[2017-09-15 19:33:18,932: INFO/MainProcess] celery@netcrime-Inspiron-5558 ready.
[2017-09-15 19:33:18,934: INFO/MainProcess] Received task: main.tasks.check_playing[888ab76e-1d7f-40b0-8c69-028540afa2bc]  
[2017-09-15 19:33:18,936: INFO/MainProcess] Received task: main.tasks.check_playing[835577e2-4451-4422-8d72-fb5ab574b3ae]  
[2017-09-15 19:33:18,938: INFO/MainProcess] Received task: main.tasks.check_playing[d903b651-2a43-425d-a59e-bb35d6948204]  
[2017-09-15 19:33:18,940: INFO/MainProcess] Received task: main.tasks.check_playing[3b2333cf-d0a7-4e7f-9c00-054696eedec1]  
[2017-09-15 19:33:18,941: INFO/MainProcess] Received task: main.tasks.check_playing[ca195d8d-680f-4e54-aa31-a43518e9150e]  
[2017-09-15 19:33:18,942: INFO/MainProcess] Received task: main.tasks.check_playing[f6876788-d9d3-4b66-8fa6-fc484a7403ea]  
[2017-09-15 19:33:19,071: INFO/ForkPoolWorker-1] Checking for games in PLAYING state. FOUND: 1
[2017-09-15 19:33:19,073: INFO/ForkPoolWorker-3] Checking for games in PLAYING state. FOUND: 1
[2017-09-15 19:33:19,073: INFO/ForkPoolWorker-2] Checking for games in PLAYING state. FOUND: 1
[2017-09-15 19:33:19,087: INFO/ForkPoolWorker-4] Checking for games in PLAYING state. FOUND: 1
[2017-09-15 19:33:19,123: INFO/MainProcess] Received task: main.tasks.update_game_info[bf9dd1e3-a5bd-4b93-9865-8a1e965b6f86]  
[2017-09-15 19:33:19,129: INFO/MainProcess] Received task: main.tasks.get_game_actions[648867b5-2057-4d1b-a434-8f87d21078cf]  
[2017-09-15 19:33:19,133: INFO/MainProcess] Received task: main.tasks.update_game_info[2e6b330e-0a03-4c08-a52e-813bc38c0c8f]  
[2017-09-15 19:33:19,135: INFO/MainProcess] Received task: main.tasks.get_game_actions[dfdc1c13-15d7-45bf-af6e-1a72321bd024]  
[2017-09-15 19:33:19,138: INFO/MainProcess] Received task: main.tasks.update_game_info[df1f9be6-9c7d-4ca6-8b2d-888d53b56a5b]  
[2017-09-15 19:33:19,141: INFO/MainProcess] Received task: main.tasks.update_game_info[f7cff6f8-3691-41a2-9234-710d4dd2d7ba]  
[2017-09-15 19:33:19,143: INFO/MainProcess] Received task: main.tasks.get_game_actions[93970ddd-7764-4548-9dcb-0123e625acde]  
[2017-09-15 19:33:19,146: INFO/MainProcess] Received task: main.tasks.get_game_actions[c673ab85-abfa-4fd8-97fd-62bb09253891]  
[2017-09-15 19:33:19,274: INFO/ForkPoolWorker-1] Task main.tasks.check_playing[888ab76e-1d7f-40b0-8c69-028540afa2bc] succeeded in 0.22947727200016743s: None
[2017-09-15 19:33:19,288: INFO/ForkPoolWorker-1] Checking for games in PLAYING state. FOUND: 1
[2017-09-15 19:33:19,291: INFO/MainProcess] Received task: main.tasks.update_game_info[e83a15a9-c946-48ba-a8d4-9a1bd6a84cce]  
[2017-09-15 19:33:19,293: INFO/MainProcess] Received task: main.tasks.get_game_actions[b729c9ee-43ab-474f-878f-0dc270a9cffd]  
[2017-09-15 19:33:19,307: INFO/ForkPoolWorker-4] Task main.tasks.check_playing[d903b651-2a43-425d-a59e-bb35d6948204] succeeded in 0.25759712600006424s: None
[2017-09-15 19:33:19,307: INFO/ForkPoolWorker-3] Task main.tasks.check_playing[835577e2-4451-4422-8d72-fb5ab574b3ae] succeeded in 0.26264588100002584s: None
[2017-09-15 19:33:19,309: INFO/ForkPoolWorker-2] Task main.tasks.check_playing[3b2333cf-d0a7-4e7f-9c00-054696eedec1] succeeded in 0.26398463600003197s: None
[2017-09-15 19:33:19,326: WARNING/ForkPoolWorker-2] MAKING NEW REQUEST: https://livecache.sportresult.com/node/db/FIBASTATS_PROD/13229_GAMEACTIONS_13556-28-A_Q3_JSON.json?s=534&t=0
[2017-09-15 19:33:19,330: INFO/ForkPoolWorker-3] Checking for games in PLAYING state. FOUND: 1
[2017-09-15 19:33:19,330: INFO/ForkPoolWorker-4] Updating game information. GAME: 13229&13556-28-A
[2017-09-15 19:33:19,331: WARNING/ForkPoolWorker-4] MAKING NEW REQUEST: https://livecache.sportresult.com/node/db/FIBASTATS_PROD/13229_GAME_13556-28-A_JSON.json?s=534&t=0
[2017-09-15 19:33:19,335: INFO/MainProcess] Received task: main.tasks.update_game_info[8c26d33f-8e14-48c9-9007-3a0107c1de08]  
[2017-09-15 19:33:19,337: INFO/MainProcess] Received task: main.tasks.get_game_actions[32869e21-7b42-4776-aeb9-e0139cf530e4]  
[2017-09-15 19:33:19,453: INFO/ForkPoolWorker-1] Task main.tasks.check_playing[ca195d8d-680f-4e54-aa31-a43518e9150e] succeeded in 0.175843863999944s: None
[2017-09-15 19:33:19,465: INFO/ForkPoolWorker-1] Updating game information. GAME: 13229&13556-28-A
[2017-09-15 19:33:19,465: WARNING/ForkPoolWorker-1] MAKING NEW REQUEST: https://livecache.sportresult.com/node/db/FIBASTATS_PROD/13229_GAME_13556-28-A_JSON.json?s=534&t=0
[2017-09-15 19:33:19,549: INFO/ForkPoolWorker-3] Task main.tasks.check_playing[f6876788-d9d3-4b66-8fa6-fc484a7403ea] succeeded in 0.23207076199992116s: None
[2017-09-15 19:33:19,562: WARNING/ForkPoolWorker-3] MAKING NEW REQUEST: https://livecache.sportresult.com/node/db/FIBASTATS_PROD/13229_GAMEACTIONS_13556-28-A_Q3_JSON.json?s=534&t=0
[2017-09-15 19:33:20,020: INFO/ForkPoolWorker-4] Task main.tasks.update_game_info[bf9dd1e3-a5bd-4b93-9865-8a1e965b6f86] succeeded in 0.7070714420001423s: None
[2017-09-15 19:33:20,033: INFO/ForkPoolWorker-4] Updating game information. GAME: 13229&13556-28-A
[2017-09-15 19:33:20,034: WARNING/ForkPoolWorker-4] MAKING NEW REQUEST: https://livecache.sportresult.com/node/db/FIBASTATS_PROD/13229_GAME_13556-28-A_JSON.json?s=534&t=0
[2017-09-15 19:33:20,098: INFO/ForkPoolWorker-1] Task main.tasks.update_game_info[2e6b330e-0a03-4c08-a52e-813bc38c0c8f] succeeded in 0.6421895359999326s: None
[2017-09-15 19:33:20,112: INFO/ForkPoolWorker-1] Updating game information. GAME: 13229&13556-28-A
[2017-09-15 19:33:20,112: WARNING/ForkPoolWorker-1] MAKING NEW REQUEST: https://livecache.sportresult.com/node/db/FIBASTATS_PROD/13229_GAME_13556-28-A_JSON.json?s=534&t=0
[2017-09-15 19:33:20,600: INFO/ForkPoolWorker-1] Task main.tasks.update_game_info[f7cff6f8-3691-41a2-9234-710d4dd2d7ba] succeeded in 0.4998696380000638s: None
[2017-09-15 19:33:20,625: WARNING/ForkPoolWorker-1] MAKING NEW REQUEST: https://livecache.sportresult.com/node/db/FIBASTATS_PROD/13229_GAMEACTIONS_13556-28-A_Q3_JSON.json?s=534&t=0
[2017-09-15 19:33:20,843: INFO/ForkPoolWorker-4] Task main.tasks.update_game_info[df1f9be6-9c7d-4ca6-8b2d-888d53b56a5b] succeeded in 0.8209154639998815s: None
[2017-09-15 19:33:20,874: WARNING/ForkPoolWorker-4] MAKING NEW REQUEST: https://livecache.sportresult.com/node/db/FIBASTATS_PROD/13229_GAMEACTIONS_13556-28-A_Q3_JSON.json?s=534&t=0
[2017-09-15 19:33:25,131: INFO/ForkPoolWorker-3] Task main.tasks.get_game_actions[dfdc1c13-15d7-45bf-af6e-1a72321bd024] succeeded in 5.580463110999972s: None
[2017-09-15 19:33:25,149: INFO/ForkPoolWorker-3] Updating game information. GAME: 13229&13556-28-A
[2017-09-15 19:33:25,150: WARNING/ForkPoolWorker-3] MAKING NEW REQUEST: https://livecache.sportresult.com/node/db/FIBASTATS_PROD/13229_GAME_13556-28-A_JSON.json?s=534&t=0
[2017-09-15 19:33:25,281: INFO/ForkPoolWorker-2] Task main.tasks.get_game_actions[648867b5-2057-4d1b-a434-8f87d21078cf] succeeded in 5.967909355000074s: None
[2017-09-15 19:33:25,301: WARNING/ForkPoolWorker-2] MAKING NEW REQUEST: https://livecache.sportresult.com/node/db/FIBASTATS_PROD/13229_GAMEACTIONS_13556-28-A_Q3_JSON.json?s=534&t=0
[2017-09-15 19:33:25,651: INFO/ForkPoolWorker-3] Task main.tasks.update_game_info[e83a15a9-c946-48ba-a8d4-9a1bd6a84cce] succeeded in 0.5162783380001201s: None
[2017-09-15 19:33:25,667: INFO/ForkPoolWorker-3] Updating game information. GAME: 13229&13556-28-A
[2017-09-15 19:33:25,667: WARNING/ForkPoolWorker-3] MAKING NEW REQUEST: https://livecache.sportresult.com/node/db/FIBASTATS_PROD/13229_GAME_13556-28-A_JSON.json?s=534&t=0
[2017-09-15 19:33:25,787: INFO/ForkPoolWorker-1] Task main.tasks.get_game_actions[93970ddd-7764-4548-9dcb-0123e625acde] succeeded in 5.1832187310001245s: None
[2017-09-15 19:33:25,787: INFO/ForkPoolWorker-4] Task main.tasks.get_game_actions[c673ab85-abfa-4fd8-97fd-62bb09253891] succeeded in 4.931478611000102s: None
[2017-09-15 19:33:25,809: WARNING/ForkPoolWorker-1] MAKING NEW REQUEST: https://livecache.sportresult.com/node/db/FIBASTATS_PROD/13229_GAMEACTIONS_13556-28-A_Q3_JSON.json?s=534&t=0
[2017-09-15 19:33:26,150: INFO/ForkPoolWorker-3] Task main.tasks.update_game_info[8c26d33f-8e14-48c9-9007-3a0107c1de08] succeeded in 0.49521926399984295s: None
[2017-09-15 19:33:29,594: INFO/ForkPoolWorker-2] Task main.tasks.get_game_actions[b729c9ee-43ab-474f-878f-0dc270a9cffd] succeeded in 4.311143583999865s: None
[2017-09-15 19:33:29,916: INFO/ForkPoolWorker-1] Task main.tasks.get_game_actions[32869e21-7b42-4776-aeb9-e0139cf530e4] succeeded in 4.12558630500007s: None
[2017-09-15 19:36:41,884: INFO/MainProcess] Received task: main.tasks.check_playing[ad43787d-4304-48cb-8349-127698fe835f]  
[2017-09-15 19:36:41,896: INFO/ForkPoolWorker-2] Checking for games in PLAYING state. FOUND: 0
[2017-09-15 19:36:41,978: INFO/ForkPoolWorker-2] Task main.tasks.check_playing[ad43787d-4304-48cb-8349-127698fe835f] succeeded in 0.09369453800013616s: None
[2017-09-15 19:36:44,861: INFO/MainProcess] Received task: main.tasks.check_playing[1946ff49-5af5-49c1-9660-3d8a46ae6d54]  
[2017-09-15 19:36:44,876: INFO/ForkPoolWorker-3] Checking for games in PLAYING state. FOUND: 0
[2017-09-15 19:36:44,980: INFO/ForkPoolWorker-3] Task main.tasks.check_playing[1946ff49-5af5-49c1-9660-3d8a46ae6d54] succeeded in 0.11780117300008897s: None
[2017-09-15 19:36:47,858: INFO/MainProcess] Received task: main.tasks.check_playing[05ad2d6d-b1ad-4076-84ec-7e9c4e2f85b5]  
[2017-09-15 19:36:47,870: INFO/ForkPoolWorker-2] Checking for games in PLAYING state. FOUND: 0
[2017-09-15 19:36:47,982: INFO/ForkPoolWorker-2] Task main.tasks.check_playing[05ad2d6d-b1ad-4076-84ec-7e9c4e2f85b5] succeeded in 0.12195965899991279s: None
[2017-09-15 19:36:50,860: INFO/MainProcess] Received task: main.tasks.check_playing[ea729616-b394-4f58-a001-e8c7cdbfee25]  
[2017-09-15 19:36:50,882: INFO/ForkPoolWorker-3] Checking for games in PLAYING state. FOUND: 0
[2017-09-15 19:36:50,963: INFO/ForkPoolWorker-3] Task main.tasks.check_playing[ea729616-b394-4f58-a001-e8c7cdbfee25] succeeded in 0.10188265899978433s: None
[2017-09-15 19:36:53,867: INFO/MainProcess] Received task: main.tasks.check_playing[6d76924c-9ef8-4c9a-9bb7-6a8f46bfaa94]  
[2017-09-15 19:36:53,888: INFO/ForkPoolWorker-2] Checking for games in PLAYING state. FOUND: 0
[2017-09-15 19:36:53,988: INFO/ForkPoolWorker-2] Task main.tasks.check_playing[6d76924c-9ef8-4c9a-9bb7-6a8f46bfaa94] succeeded in 0.11945205700021688s: None
[2017-09-15 19:36:56,863: INFO/MainProcess] Received task: main.tasks.check_playing[1fe2ca5b-bdcc-4c53-9f89-49e35161a373]  
[2017-09-15 19:36:56,880: INFO/ForkPoolWorker-3] Checking for games in PLAYING state. FOUND: 0
[2017-09-15 19:36:56,991: INFO/ForkPoolWorker-3] Task main.tasks.check_playing[1fe2ca5b-bdcc-4c53-9f89-49e35161a373] succeeded in 0.1265860349999457s: None
[2017-09-15 19:36:59,865: INFO/MainProcess] Received task: main.tasks.check_playing[d9783332-5e78-497b-bda2-a8203509cf63]  
[2017-09-15 19:36:59,878: INFO/ForkPoolWorker-2] Checking for games in PLAYING state. FOUND: 0
[2017-09-15 19:36:59,971: INFO/ForkPoolWorker-2] Task main.tasks.check_playing[d9783332-5e78-497b-bda2-a8203509cf63] succeeded in 0.10415330699993319s: None
[2017-09-15 19:37:02,864: INFO/MainProcess] Received task: main.tasks.check_playing[dba405b0-0903-4d94-813c-60fc7e518aa0]  
[2017-09-15 19:37:02,876: INFO/ForkPoolWorker-3] Checking for games in PLAYING state. FOUND: 0
[2017-09-15 19:37:02,972: INFO/ForkPoolWorker-3] Task main.tasks.check_playing[dba405b0-0903-4d94-813c-60fc7e518aa0] succeeded in 0.10637269800008653s: None
[2017-09-15 19:37:05,865: INFO/MainProcess] Received task: main.tasks.check_playing[e848f300-c0a3-4d3c-b34a-15bed8351f18]  
[2017-09-15 19:37:05,878: INFO/ForkPoolWorker-2] Checking for games in PLAYING state. FOUND: 0
[2017-09-15 19:37:05,985: INFO/ForkPoolWorker-2] Task main.tasks.check_playing[e848f300-c0a3-4d3c-b34a-15bed8351f18] succeeded in 0.11847830800002157s: None
[2017-09-15 19:37:08,867: INFO/MainProcess] Received task: main.tasks.check_playing[1288d410-32de-406b-b823-e38dc72df34f]  
[2017-09-15 19:37:08,881: INFO/ForkPoolWorker-3] Checking for games in PLAYING state. FOUND: 0
[2017-09-15 19:37:08,986: INFO/ForkPoolWorker-3] Task main.tasks.check_playing[1288d410-32de-406b-b823-e38dc72df34f] succeeded in 0.11604665300001216s: None
[2017-09-15 19:37:11,867: INFO/MainProcess] Received task: main.tasks.check_playing[da670879-7aec-42f9-9292-49481e7842bb]  
[2017-09-15 19:37:11,880: INFO/ForkPoolWorker-2] Checking for games in PLAYING state. FOUND: 0
[2017-09-15 19:37:11,999: INFO/ForkPoolWorker-2] Task main.tasks.check_playing[da670879-7aec-42f9-9292-49481e7842bb] succeeded in 0.13041894799994225s: None
[2017-09-15 19:37:14,868: INFO/MainProcess] Received task: main.tasks.check_playing[64c1402c-2843-4f4c-b401-055f777da059]  
[2017-09-15 19:37:14,880: INFO/ForkPoolWorker-3] Checking for games in PLAYING state. FOUND: 0
[2017-09-15 19:37:14,980: INFO/ForkPoolWorker-3] Task main.tasks.check_playing[64c1402c-2843-4f4c-b401-055f777da059] succeeded in 0.1099925420001s: None
[2017-09-15 19:37:17,868: INFO/MainProcess] Received task: main.tasks.check_playing[651f3381-c46c-472f-9aec-3eba67ac53f2]  
[2017-09-15 19:37:17,880: INFO/ForkPoolWorker-2] Checking for games in PLAYING state. FOUND: 0
[2017-09-15 19:37:17,992: INFO/ForkPoolWorker-2] Task main.tasks.check_playing[651f3381-c46c-472f-9aec-3eba67ac53f2] succeeded in 0.12330408899993017s: None
[2017-09-15 19:37:20,869: INFO/MainProcess] Received task: main.tasks.check_playing[fc24ab5f-826c-4d55-87ce-4c5ef6625d5d]  
[2017-09-15 19:37:20,884: INFO/ForkPoolWorker-3] Checking for games in PLAYING state. FOUND: 0
[2017-09-15 19:37:21,027: INFO/ForkPoolWorker-3] Task main.tasks.check_playing[fc24ab5f-826c-4d55-87ce-4c5ef6625d5d] succeeded in 0.15696287099990514s: None
[2017-09-15 19:37:23,869: INFO/MainProcess] Received task: main.tasks.check_playing[b9ad674b-688b-474e-b639-8e69c0c8cf3d]  
[2017-09-15 19:37:23,883: INFO/ForkPoolWorker-2] Checking for games in PLAYING state. FOUND: 0
[2017-09-15 19:37:23,985: INFO/ForkPoolWorker-2] Task main.tasks.check_playing[b9ad674b-688b-474e-b639-8e69c0c8cf3d] succeeded in 0.11465744199995243s: None
[2017-09-15 19:37:26,870: INFO/MainProcess] Received task: main.tasks.check_playing[6f43b245-e0a3-4965-a5a5-2a1289f18dc1]  
[2017-09-15 19:37:26,884: INFO/ForkPoolWorker-3] Checking for games in PLAYING state. FOUND: 0
[2017-09-15 19:37:27,031: INFO/ForkPoolWorker-3] Task main.tasks.check_playing[6f43b245-e0a3-4965-a5a5-2a1289f18dc1] succeeded in 0.16032069399989268s: None
[2017-09-15 19:37:29,871: INFO/MainProcess] Received task: main.tasks.check_playing[c66c15fa-1b04-4630-8406-108bf746ed5e]  
[2017-09-15 19:37:29,884: INFO/ForkPoolWorker-2] Checking for games in PLAYING state. FOUND: 0
[2017-09-15 19:37:30,000: INFO/ForkPoolWorker-2] Task main.tasks.check_playing[c66c15fa-1b04-4630-8406-108bf746ed5e] succeeded in 0.12776405900012833s: None
[2017-09-15 19:37:32,872: INFO/MainProcess] Received task: main.tasks.check_playing[434c22b1-5169-4853-b1f4-03c6d5b5fcd5]  
[2017-09-15 19:37:32,885: INFO/ForkPoolWorker-3] Checking for games in PLAYING state. FOUND: 0
[2017-09-15 19:37:33,015: INFO/ForkPoolWorker-3] Task main.tasks.check_playing[434c22b1-5169-4853-b1f4-03c6d5b5fcd5] succeeded in 0.14133016599998882s: None
[2017-09-15 19:37:35,872: INFO/MainProcess] Received task: main.tasks.check_playing[047f8026-479c-42f6-a260-405fda7aea16]  
[2017-09-15 19:37:35,884: INFO/ForkPoolWorker-2] Checking for games in PLAYING state. FOUND: 0
[2017-09-15 19:37:35,994: INFO/ForkPoolWorker-2] Task main.tasks.check_playing[047f8026-479c-42f6-a260-405fda7aea16] succeeded in 0.1207108999999491s: None
[2017-09-15 19:37:38,872: INFO/MainProcess] Received task: main.tasks.check_playing[bea0494f-860e-4883-a549-fc0c7122aa2f]  
[2017-09-15 19:37:38,886: INFO/ForkPoolWorker-3] Checking for games in PLAYING state. FOUND: 0
[2017-09-15 19:37:38,994: INFO/ForkPoolWorker-3] Task main.tasks.check_playing[bea0494f-860e-4883-a549-fc0c7122aa2f] succeeded in 0.12083654200000638s: None
[2017-09-15 19:37:41,874: INFO/MainProcess] Received task: main.tasks.check_playing[74efc07d-63cd-4ca8-8ac0-5a418a480175]  
[2017-09-15 19:37:41,891: INFO/ForkPoolWorker-2] Checking for games in PLAYING state. FOUND: 0
[2017-09-15 19:37:41,998: INFO/ForkPoolWorker-2] Task main.tasks.check_playing[74efc07d-63cd-4ca8-8ac0-5a418a480175] succeeded in 0.12245899000004101s: None
[2017-09-15 19:37:44,875: INFO/MainProcess] Received task: main.tasks.check_playing[c48bce50-9d38-4f4f-b80a-d24945e1d737]  
[2017-09-15 19:37:44,892: INFO/ForkPoolWorker-3] Checking for games in PLAYING state. FOUND: 0
[2017-09-15 19:37:45,000: INFO/ForkPoolWorker-3] Task main.tasks.check_playing[c48bce50-9d38-4f4f-b80a-d24945e1d737] succeeded in 0.12345092800001112s: None
[2017-09-15 19:37:47,874: INFO/MainProcess] Received task: main.tasks.check_playing[6b02e028-8d6f-4a1c-a8d7-a84817246ba1]  
[2017-09-15 19:37:47,886: INFO/ForkPoolWorker-2] Checking for games in PLAYING state. FOUND: 0
[2017-09-15 19:37:47,990: INFO/ForkPoolWorker-2] Task main.tasks.check_playing[6b02e028-8d6f-4a1c-a8d7-a84817246ba1] succeeded in 0.11503413399987039s: None
[2017-09-15 19:37:50,874: INFO/MainProcess] Received task: main.tasks.check_playing[0a24b0d0-54ba-4ed8-8fb7-8b415bca79e4]  
[2017-09-15 19:37:50,887: INFO/ForkPoolWorker-3] Checking for games in PLAYING state. FOUND: 0
[2017-09-15 19:37:51,072: INFO/ForkPoolWorker-3] Task main.tasks.check_playing[0a24b0d0-54ba-4ed8-8fb7-8b415bca79e4] succeeded in 0.19678008599998975s: None
[2017-09-15 19:37:53,875: INFO/MainProcess] Received task: main.tasks.check_playing[40742635-22a0-4e63-bd54-69540076ee65]  
[2017-09-15 19:37:53,891: INFO/ForkPoolWorker-2] Checking for games in PLAYING state. FOUND: 0
[2017-09-15 19:37:53,996: INFO/ForkPoolWorker-2] Task main.tasks.check_playing[40742635-22a0-4e63-bd54-69540076ee65] succeeded in 0.12049375300011889s: None
[2017-09-15 19:37:56,875: INFO/MainProcess] Received task: main.tasks.check_playing[18af7e9e-a35d-4287-b1af-c6461abf1898]  
[2017-09-15 19:37:56,888: INFO/ForkPoolWorker-3] Checking for games in PLAYING state. FOUND: 0
[2017-09-15 19:37:57,010: INFO/ForkPoolWorker-3] Task main.tasks.check_playing[18af7e9e-a35d-4287-b1af-c6461abf1898] succeeded in 0.13333058400007758s: None
[2017-09-15 19:37:59,876: INFO/MainProcess] Received task: main.tasks.check_playing[ef531c34-27b3-4000-944b-70ba07e813ac]  
[2017-09-15 19:37:59,887: INFO/ForkPoolWorker-2] Checking for games in PLAYING state. FOUND: 0
[2017-09-15 19:37:59,989: INFO/ForkPoolWorker-2] Task main.tasks.check_playing[ef531c34-27b3-4000-944b-70ba07e813ac] succeeded in 0.11224675199991907s: None
[2017-09-15 19:38:02,876: INFO/MainProcess] Received task: main.tasks.check_playing[799096ad-97c9-43ac-802b-4f4e0145dc8d]  
[2017-09-15 19:38:02,890: INFO/ForkPoolWorker-3] Checking for games in PLAYING state. FOUND: 0
[2017-09-15 19:38:03,057: INFO/ForkPoolWorker-3] Task main.tasks.check_playing[799096ad-97c9-43ac-802b-4f4e0145dc8d] succeeded in 0.17957275000003392s: None
[2017-09-15 19:38:05,876: INFO/MainProcess] Received task: main.tasks.check_playing[67332238-351d-4ca7-84dc-a38525bf4218]  
[2017-09-15 19:38:05,887: INFO/ForkPoolWorker-2] Checking for games in PLAYING state. FOUND: 0
[2017-09-15 19:38:05,995: INFO/ForkPoolWorker-2] Task main.tasks.check_playing[67332238-351d-4ca7-84dc-a38525bf4218] succeeded in 0.11744317800003046s: None
[2017-09-15 19:38:08,877: INFO/MainProcess] Received task: main.tasks.check_playing[af482bb1-b38c-4ccf-8047-0866ef0d98b7]  
[2017-09-15 19:38:08,888: INFO/ForkPoolWorker-3] Checking for games in PLAYING state. FOUND: 0
[2017-09-15 19:38:08,996: INFO/ForkPoolWorker-3] Task main.tasks.check_playing[af482bb1-b38c-4ccf-8047-0866ef0d98b7] succeeded in 0.11784229099998811s: None
[2017-09-15 19:38:11,344: INFO/MainProcess] Received task: main.tasks.add_player[97d5a327-7b08-427f-a759-272d27ee3454]  ETA:[2017-09-15 19:38:21.315183+00:00] 
[2017-09-15 19:38:11,346: INFO/MainProcess] Received task: main.tasks.add_player[5884f573-6ce8-4a66-8e7d-5a19235a0f7b]  ETA:[2017-09-15 19:38:21.343885+00:00] 
[2017-09-15 19:38:11,348: INFO/MainProcess] Received task: main.tasks.add_player[95c82b4d-5900-42b5-af39-f66995b6df64]  ETA:[2017-09-15 19:38:21.346055+00:00] 
[2017-09-15 19:38:11,350: INFO/MainProcess] Received task: main.tasks.add_player[48541ac0-d270-429e-baa0-7f7776309e77]  ETA:[2017-09-15 19:38:21.348354+00:00] 
[2017-09-15 19:38:11,354: INFO/MainProcess] Received task: main.tasks.add_player[e3886845-887b-4cef-a903-813c75f563e3]  ETA:[2017-09-15 19:38:21.350861+00:00] 
[2017-09-15 19:38:11,356: INFO/MainProcess] Received task: main.tasks.add_player[1f0ff67f-8b9d-46b8-abf8-e370670d7b24]  ETA:[2017-09-15 19:38:21.353642+00:00] 
[2017-09-15 19:38:11,358: INFO/MainProcess] Received task: main.tasks.add_player[8b14b2a3-58dd-4e25-b173-23ab15e4fa6f]  ETA:[2017-09-15 19:38:21.356150+00:00] 
[2017-09-15 19:38:11,361: INFO/MainProcess] Received task: main.tasks.add_player[a1213ecc-4950-46c7-a6cc-7f905ddc7edb]  ETA:[2017-09-15 19:38:21.358660+00:00] 
[2017-09-15 19:38:11,363: INFO/MainProcess] Received task: main.tasks.add_player[7c7f9794-59ec-4310-8a5d-3e8ab03338d4]  ETA:[2017-09-15 19:38:21.361176+00:00] 
[2017-09-15 19:38:11,366: INFO/MainProcess] Received task: main.tasks.add_player[8031b745-9dfa-4c50-a395-bc6b12ab3219]  ETA:[2017-09-15 19:38:21.363874+00:00] 
[2017-09-15 19:38:11,369: INFO/MainProcess] Received task: main.tasks.add_player[0e0ff74c-cdcb-4a91-b747-6275f77f34fc]  ETA:[2017-09-15 19:38:21.366444+00:00] 
[2017-09-15 19:38:11,371: INFO/MainProcess] Received task: main.tasks.add_player[aa1418d1-0773-4c35-bf30-6e229a3fbe6c]  ETA:[2017-09-15 19:38:21.368858+00:00] 
[2017-09-15 19:38:11,375: INFO/MainProcess] Received task: main.tasks.add_player[af36695b-6095-48cd-aa76-48192c9b2755]  ETA:[2017-09-15 19:38:21.371965+00:00] 
[2017-09-15 19:38:11,378: INFO/MainProcess] Received task: main.tasks.add_player[62b6fc0d-fe1f-410e-b89f-1dbcf24f8b1a]  ETA:[2017-09-15 19:38:21.375369+00:00] 
[2017-09-15 19:38:11,380: INFO/MainProcess] Received task: main.tasks.add_player[d8f7b48f-fe5a-427b-84c7-f6597ccf9b5e]  ETA:[2017-09-15 19:38:21.377983+00:00] 
[2017-09-15 19:38:11,384: INFO/MainProcess] Received task: main.tasks.add_player[d058ec83-a9e0-4a96-97dc-c5845caa07a9]  ETA:[2017-09-15 19:38:21.380599+00:00] 
[2017-09-15 19:38:11,386: INFO/MainProcess] Received task: main.tasks.add_player[caf6ec57-2493-437c-87eb-da2973df56fc]  ETA:[2017-09-15 19:38:21.382345+00:00] 
[2017-09-15 19:38:11,388: INFO/MainProcess] Received task: main.tasks.add_player[4740168f-75f9-4061-b8bd-35c0293ae28f]  ETA:[2017-09-15 19:38:21.383643+00:00] 
[2017-09-15 19:38:11,390: INFO/MainProcess] Received task: main.tasks.add_player[173f1f53-704c-4277-bfcb-f3336dcafa94]  ETA:[2017-09-15 19:38:21.384860+00:00] 
[2017-09-15 19:38:11,391: INFO/MainProcess] Received task: main.tasks.add_player[be7b9b38-5c31-463d-b295-dcb409662975]  ETA:[2017-09-15 19:38:21.386220+00:00] 
[2017-09-15 19:38:11,393: INFO/MainProcess] Received task: main.tasks.add_player[4a708d9b-5c60-4aaa-816c-3bff756c570e]  ETA:[2017-09-15 19:38:21.387632+00:00] 
[2017-09-15 19:38:11,395: INFO/MainProcess] Received task: main.tasks.add_player[344954d7-01f0-4434-ae3b-cc32e1fceb69]  ETA:[2017-09-15 19:38:21.388814+00:00] 
[2017-09-15 19:38:11,396: INFO/MainProcess] Received task: main.tasks.add_player[03880ef8-3110-4cf7-9200-33884e37eb69]  ETA:[2017-09-15 19:38:21.390185+00:00] 
[2017-09-15 19:38:11,399: INFO/MainProcess] Received task: main.tasks.add_player[f2e139c4-b765-496d-ba91-1ca5f9a77e97]  ETA:[2017-09-15 19:38:21.391707+00:00] 
[2017-09-15 19:38:11,401: INFO/MainProcess] Received task: main.tasks.get_game_actions[2e2721eb-07cd-4db7-866a-7f9895c3091b]  ETA:[2017-09-15 19:38:26.393659+00:00] 
[2017-09-15 19:38:11,878: INFO/MainProcess] Received task: main.tasks.check_playing[833f22a6-bf0c-418e-89c0-e19315d98f27]  
[2017-09-15 19:38:11,890: INFO/ForkPoolWorker-2] Checking for games in PLAYING state. FOUND: 1
[2017-09-15 19:38:11,896: INFO/MainProcess] Received task: main.tasks.update_game_info[c27fc587-58e7-4505-bf79-af8dc5b79c03]  
[2017-09-15 19:38:11,898: INFO/MainProcess] Received task: main.tasks.get_game_actions[fe568b92-d81f-4649-973d-559db14babdd]  
[2017-09-15 19:38:11,911: WARNING/ForkPoolWorker-4] MAKING NEW REQUEST: https://livecache.sportresult.com/node/db/FIBASTATS_PROD/12105_GAMEACTIONS_BKM400202_Q3_JSON.json?s=534&t=0
[2017-09-15 19:38:11,911: INFO/ForkPoolWorker-3] Updating game information. GAME: 12105&BKM400202
[2017-09-15 19:38:11,912: WARNING/ForkPoolWorker-3] MAKING NEW REQUEST: https://livecache.sportresult.com/node/db/FIBASTATS_PROD/12105_GAME_BKM400202_JSON.json?s=534&t=0
[2017-09-15 19:38:11,989: INFO/ForkPoolWorker-2] Task main.tasks.check_playing[833f22a6-bf0c-418e-89c0-e19315d98f27] succeeded in 0.10972227499996734s: None
[2017-09-15 19:38:12,368: INFO/ForkPoolWorker-3] Task main.tasks.update_game_info[c27fc587-58e7-4505-bf79-af8dc5b79c03] succeeded in 0.46895707399994535s: None
[2017-09-15 19:38:12,855: INFO/ForkPoolWorker-4] Task main.tasks.get_game_actions[fe568b92-d81f-4649-973d-559db14babdd] succeeded in 0.9560570839998945s: None
[2017-09-15 19:38:14,882: INFO/MainProcess] Received task: main.tasks.check_playing[aaaf582c-3e27-4887-9e3a-3a2462a7575e]  
[2017-09-15 19:38:14,899: INFO/ForkPoolWorker-3] Checking for games in PLAYING state. FOUND: 1
[2017-09-15 19:38:14,903: INFO/MainProcess] Received task: main.tasks.update_game_info[3bcd386d-7d43-4fef-9701-d92a7f4fa44d]  
[2017-09-15 19:38:14,905: INFO/MainProcess] Received task: main.tasks.get_game_actions[4837fc04-d453-4c31-a79d-a794255f61f0]  
[2017-09-15 19:38:14,919: INFO/ForkPoolWorker-2] Updating game information. GAME: 12105&BKM400202
[2017-09-15 19:38:14,920: WARNING/ForkPoolWorker-2] MAKING NEW REQUEST: https://livecache.sportresult.com/node/db/FIBASTATS_PROD/12105_GAME_BKM400202_JSON.json?s=534&t=0
[2017-09-15 19:38:14,920: WARNING/ForkPoolWorker-1] MAKING NEW REQUEST: https://livecache.sportresult.com/node/db/FIBASTATS_PROD/12105_GAMEACTIONS_BKM400202_Q3_JSON.json?s=534&t=0
[2017-09-15 19:38:14,995: INFO/ForkPoolWorker-3] Task main.tasks.check_playing[aaaf582c-3e27-4887-9e3a-3a2462a7575e] succeeded in 0.11121364799987532s: None
[2017-09-15 19:38:15,369: INFO/ForkPoolWorker-2] Task main.tasks.update_game_info[3bcd386d-7d43-4fef-9701-d92a7f4fa44d] succeeded in 0.4627265350000016s: None
[2017-09-15 19:38:15,916: INFO/ForkPoolWorker-1] Task main.tasks.get_game_actions[4837fc04-d453-4c31-a79d-a794255f61f0] succeeded in 1.0071941940000215s: None
[2017-09-15 19:38:17,883: INFO/MainProcess] Received task: main.tasks.check_playing[fdf00ea1-af05-46b5-9ca7-81160dd9435f]  
[2017-09-15 19:38:17,902: INFO/ForkPoolWorker-2] Checking for games in PLAYING state. FOUND: 1
[2017-09-15 19:38:17,906: INFO/MainProcess] Received task: main.tasks.update_game_info[5f383bce-ca81-4019-80d9-6e33922e52de]  
[2017-09-15 19:38:17,908: INFO/MainProcess] Received task: main.tasks.get_game_actions[43db99a1-cbfe-4c6f-86bf-0f78c2390d46]  
[2017-09-15 19:38:17,918: INFO/ForkPoolWorker-3] Updating game information. GAME: 12105&BKM400202
[2017-09-15 19:38:17,919: WARNING/ForkPoolWorker-3] MAKING NEW REQUEST: https://livecache.sportresult.com/node/db/FIBASTATS_PROD/12105_GAME_BKM400202_JSON.json?s=534&t=0
[2017-09-15 19:38:17,922: WARNING/ForkPoolWorker-1] MAKING NEW REQUEST: https://livecache.sportresult.com/node/db/FIBASTATS_PROD/12105_GAMEACTIONS_BKM400202_Q3_JSON.json?s=534&t=0
[2017-09-15 19:38:18,012: INFO/ForkPoolWorker-2] Task main.tasks.check_playing[fdf00ea1-af05-46b5-9ca7-81160dd9435f] succeeded in 0.12575646699997378s: None
[2017-09-15 19:38:18,323: INFO/ForkPoolWorker-3] Task main.tasks.update_game_info[5f383bce-ca81-4019-80d9-6e33922e52de] succeeded in 0.41625882000016645s: None
[2017-09-15 19:38:18,787: INFO/ForkPoolWorker-1] Task main.tasks.get_game_actions[43db99a1-cbfe-4c6f-86bf-0f78c2390d46] succeeded in 0.8774232569999185s: None
[2017-09-15 19:38:20,880: INFO/MainProcess] Received task: main.tasks.check_playing[b44a60e2-45a6-45af-bba6-19ae615d8390]  
[2017-09-15 19:38:20,893: INFO/ForkPoolWorker-2] Checking for games in PLAYING state. FOUND: 1
[2017-09-15 19:38:20,896: INFO/MainProcess] Received task: main.tasks.update_game_info[efa33c93-2a1d-45c6-aa05-51ba7d8106d7]  
[2017-09-15 19:38:20,900: INFO/MainProcess] Received task: main.tasks.get_game_actions[893e699b-1373-4c8c-8cba-e39e7528f565]  
[2017-09-15 19:38:20,911: INFO/ForkPoolWorker-3] Updating game information. GAME: 12105&BKM400202
[2017-09-15 19:38:20,911: WARNING/ForkPoolWorker-3] MAKING NEW REQUEST: https://livecache.sportresult.com/node/db/FIBASTATS_PROD/12105_GAME_BKM400202_JSON.json?s=534&t=0
[2017-09-15 19:38:20,914: WARNING/ForkPoolWorker-1] MAKING NEW REQUEST: https://livecache.sportresult.com/node/db/FIBASTATS_PROD/12105_GAMEACTIONS_BKM400202_Q3_JSON.json?s=534&t=0
[2017-09-15 19:38:20,971: INFO/ForkPoolWorker-2] Task main.tasks.check_playing[b44a60e2-45a6-45af-bba6-19ae615d8390] succeeded in 0.08983386799991422s: None
[2017-09-15 19:38:21,305: INFO/ForkPoolWorker-3] Task main.tasks.update_game_info[efa33c93-2a1d-45c6-aa05-51ba7d8106d7] succeeded in 0.40847916200004875s: None
[2017-09-15 19:38:21,578: INFO/ForkPoolWorker-2] Task main.tasks.add_player[97d5a327-7b08-427f-a759-272d27ee3454] succeeded in 0.2374628570000823s: True
[2017-09-15 19:38:21,700: INFO/ForkPoolWorker-3] Task main.tasks.add_player[95c82b4d-5900-42b5-af39-f66995b6df64] succeeded in 0.3525829430000158s: True
[2017-09-15 19:38:21,700: INFO/ForkPoolWorker-4] Task main.tasks.add_player[5884f573-6ce8-4a66-8e7d-5a19235a0f7b] succeeded in 0.35298270899988893s: True
[2017-09-15 19:38:21,855: INFO/ForkPoolWorker-2] Task main.tasks.add_player[48541ac0-d270-429e-baa0-7f7776309e77] succeeded in 0.2727679340000577s: True
[2017-09-15 19:38:22,055: INFO/ForkPoolWorker-4] Task main.tasks.add_player[e3886845-887b-4cef-a903-813c75f563e3] succeeded in 0.35153487900015534s: True
[2017-09-15 19:38:22,143: INFO/ForkPoolWorker-3] Task main.tasks.add_player[1f0ff67f-8b9d-46b8-abf8-e370670d7b24] succeeded in 0.439101287000085s: True
[2017-09-15 19:38:22,265: INFO/ForkPoolWorker-2] Task main.tasks.add_player[8b14b2a3-58dd-4e25-b173-23ab15e4fa6f] succeeded in 0.4068741599999157s: True
[2017-09-15 19:38:22,630: INFO/ForkPoolWorker-4] Task main.tasks.add_player[a1213ecc-4950-46c7-a6cc-7f905ddc7edb] succeeded in 0.5730317950001336s: True
[2017-09-15 19:38:22,752: INFO/ForkPoolWorker-3] Task main.tasks.add_player[7c7f9794-59ec-4310-8a5d-3e8ab03338d4] succeeded in 0.6063379269999132s: True
[2017-09-15 19:38:22,752: INFO/ForkPoolWorker-2] Task main.tasks.add_player[8031b745-9dfa-4c50-a395-bc6b12ab3219] succeeded in 0.4851524860000609s: True
[2017-09-15 19:38:22,912: INFO/ForkPoolWorker-4] Task main.tasks.add_player[0e0ff74c-cdcb-4a91-b747-6275f77f34fc] succeeded in 0.28003331600007186s: True
[2017-09-15 19:38:23,272: INFO/ForkPoolWorker-3] Task main.tasks.add_player[af36695b-6095-48cd-aa76-48192c9b2755] succeeded in 0.5180350759999328s: True
[2017-09-15 19:38:23,272: INFO/ForkPoolWorker-2] Task main.tasks.add_player[aa1418d1-0773-4c35-bf30-6e229a3fbe6c] succeeded in 0.5181918430000678s: True
[2017-09-15 19:38:23,373: INFO/ForkPoolWorker-4] Task main.tasks.add_player[62b6fc0d-fe1f-410e-b89f-1dbcf24f8b1a] succeeded in 0.4591573189998144s: True
[2017-09-15 19:38:23,590: INFO/ForkPoolWorker-1] Task main.tasks.get_game_actions[893e699b-1373-4c8c-8cba-e39e7528f565] succeeded in 2.6878944200000205s: None
[2017-09-15 19:38:23,712: INFO/ForkPoolWorker-2] Task main.tasks.add_player[d8f7b48f-fe5a-427b-84c7-f6597ccf9b5e] succeeded in 0.43738055000017084s: True
[2017-09-15 19:38:23,712: INFO/ForkPoolWorker-3] Task main.tasks.add_player[d058ec83-a9e0-4a96-97dc-c5845caa07a9] succeeded in 0.43532941699982075s: True
[2017-09-15 19:38:23,779: INFO/ForkPoolWorker-4] Task main.tasks.add_player[caf6ec57-2493-437c-87eb-da2973df56fc] succeeded in 0.4039244929999768s: True
[2017-09-15 19:38:23,868: INFO/ForkPoolWorker-1] Task main.tasks.add_player[4740168f-75f9-4061-b8bd-35c0293ae28f] succeeded in 0.27629226299995935s: True
[2017-09-15 19:38:23,884: INFO/MainProcess] Received task: main.tasks.check_playing[bce39ce5-2297-4662-aff4-cbceccf4bda9]  
[2017-09-15 19:38:24,024: INFO/ForkPoolWorker-4] Task main.tasks.add_player[4a708d9b-5c60-4aaa-816c-3bff756c570e] succeeded in 0.2432488970000577s: True
[2017-09-15 19:38:24,091: INFO/ForkPoolWorker-2] Task main.tasks.add_player[173f1f53-704c-4277-bfcb-f3336dcafa94] succeeded in 0.37703496599988284s: True
[2017-09-15 19:38:24,091: INFO/ForkPoolWorker-3] Task main.tasks.add_player[be7b9b38-5c31-463d-b295-dcb409662975] succeeded in 0.3757038060000468s: True
[2017-09-15 19:38:24,111: INFO/ForkPoolWorker-3] Checking for games in PLAYING state. FOUND: 1
[2017-09-15 19:38:24,115: INFO/MainProcess] Received task: main.tasks.update_game_info[aa826be0-110a-43dd-8282-e83d55413838]  
[2017-09-15 19:38:24,116: INFO/MainProcess] Received task: main.tasks.get_game_actions[5c834a88-008a-4a22-8cbd-5fb6ba829122]  
[2017-09-15 19:38:24,243: INFO/ForkPoolWorker-1] Task main.tasks.add_player[344954d7-01f0-4434-ae3b-cc32e1fceb69] succeeded in 0.37134907199992995s: True
[2017-09-15 19:38:24,255: INFO/ForkPoolWorker-1] Updating game information. GAME: 12105&BKM400202
[2017-09-15 19:38:24,256: WARNING/ForkPoolWorker-1] MAKING NEW REQUEST: https://livecache.sportresult.com/node/db/FIBASTATS_PROD/12105_GAME_BKM400202_JSON.json?s=534&t=0
[2017-09-15 19:38:24,415: INFO/ForkPoolWorker-4] Task main.tasks.add_player[03880ef8-3110-4cf7-9200-33884e37eb69] succeeded in 0.3888460109999414s: True
[2017-09-15 19:38:24,429: WARNING/ForkPoolWorker-4] MAKING NEW REQUEST: https://livecache.sportresult.com/node/db/FIBASTATS_PROD/12105_GAMEACTIONS_BKM400202_Q3_JSON.json?s=534&t=0
[2017-09-15 19:38:24,472: INFO/ForkPoolWorker-2] Task main.tasks.add_player[f2e139c4-b765-496d-ba91-1ca5f9a77e97] succeeded in 0.3783333339999899s: True
[2017-09-15 19:38:24,473: INFO/ForkPoolWorker-3] Task main.tasks.check_playing[bce39ce5-2297-4662-aff4-cbceccf4bda9] succeeded in 0.3766621770000711s: None
[2017-09-15 19:38:24,734: INFO/ForkPoolWorker-1] Task main.tasks.update_game_info[aa826be0-110a-43dd-8282-e83d55413838] succeeded in 0.48865837900007136s: None
[2017-09-15 19:38:25,728: INFO/ForkPoolWorker-4] Task main.tasks.get_game_actions[5c834a88-008a-4a22-8cbd-5fb6ba829122] succeeded in 1.311309559999927s: None
[2017-09-15 19:38:26,882: INFO/MainProcess] Received task: main.tasks.check_playing[098c0adb-b396-458c-9128-b384700be741]  
[2017-09-15 19:38:26,897: WARNING/ForkPoolWorker-4] MAKING NEW REQUEST: https://livecache.sportresult.com/node/db/FIBASTATS_PROD/12105_GAMEACTIONS_BKM400202_Q1_JSON.json?s=534&t=0
[2017-09-15 19:38:26,897: INFO/ForkPoolWorker-2] Checking for games in PLAYING state. FOUND: 1
[2017-09-15 19:38:26,902: INFO/MainProcess] Received task: main.tasks.update_game_info[e4e8a1e7-f40a-41ec-8803-fef3230e63f7]  
[2017-09-15 19:38:26,904: INFO/MainProcess] Received task: main.tasks.get_game_actions[e224d3a0-ae0c-4297-b7ae-5553d19c7336]  
[2017-09-15 19:38:26,916: INFO/ForkPoolWorker-3] Updating game information. GAME: 12105&BKM400202
[2017-09-15 19:38:26,916: WARNING/ForkPoolWorker-3] MAKING NEW REQUEST: https://livecache.sportresult.com/node/db/FIBASTATS_PROD/12105_GAME_BKM400202_JSON.json?s=534&t=0
[2017-09-15 19:38:26,918: WARNING/ForkPoolWorker-1] MAKING NEW REQUEST: https://livecache.sportresult.com/node/db/FIBASTATS_PROD/12105_GAMEACTIONS_BKM400202_Q3_JSON.json?s=534&t=0
[2017-09-15 19:38:27,082: INFO/ForkPoolWorker-2] Task main.tasks.check_playing[098c0adb-b396-458c-9128-b384700be741] succeeded in 0.197865019000119s: None
[2017-09-15 19:38:27,110: WARNING/ForkPoolWorker-4] MAKING NEW REQUEST: https://livecache.sportresult.com/node/db/FIBASTATS_PROD/12105_GAMEACTIONS_BKM400202_Q2_JSON.json?s=534&t=0
[2017-09-15 19:38:27,313: INFO/ForkPoolWorker-3] Task main.tasks.update_game_info[e4e8a1e7-f40a-41ec-8803-fef3230e63f7] succeeded in 0.40816306700003224s: None
[2017-09-15 19:38:27,322: WARNING/ForkPoolWorker-4] MAKING NEW REQUEST: https://livecache.sportresult.com/node/db/FIBASTATS_PROD/12105_GAMEACTIONS_BKM400202_Q3_JSON.json?s=534&t=0
[2017-09-15 19:38:27,487: WARNING/ForkPoolWorker-4] MAKING NEW REQUEST: https://livecache.sportresult.com/node/db/FIBASTATS_PROD/12105_GAMEACTIONS_BKM400202_Q4_JSON.json?s=534&t=0
[2017-09-15 19:38:27,684: WARNING/ForkPoolWorker-4] BAD RESPONSE
[2017-09-15 19:38:27,966: INFO/ForkPoolWorker-1] Task main.tasks.get_game_actions[e224d3a0-ae0c-4297-b7ae-5553d19c7336] succeeded in 1.061480845999995s: None
[2017-09-15 19:38:29,884: INFO/MainProcess] Received task: main.tasks.check_playing[6f0ad338-9e89-4039-b8c7-1deb0401cf18]  
[2017-09-15 19:38:29,897: INFO/ForkPoolWorker-3] Checking for games in PLAYING state. FOUND: 1
[2017-09-15 19:38:29,900: INFO/MainProcess] Received task: main.tasks.update_game_info[386b3760-4f6c-4f40-ab58-b50e7720fe2f]  
[2017-09-15 19:38:29,902: INFO/MainProcess] Received task: main.tasks.get_game_actions[13c204e4-a770-4f0e-9563-41b38657bd1a]  
[2017-09-15 19:38:29,916: INFO/ForkPoolWorker-1] Updating game information. GAME: 12105&BKM400202
[2017-09-15 19:38:29,917: WARNING/ForkPoolWorker-1] MAKING NEW REQUEST: https://livecache.sportresult.com/node/db/FIBASTATS_PROD/12105_GAME_BKM400202_JSON.json?s=534&t=0
[2017-09-15 19:38:29,918: WARNING/ForkPoolWorker-2] MAKING NEW REQUEST: https://livecache.sportresult.com/node/db/FIBASTATS_PROD/12105_GAMEACTIONS_BKM400202_Q3_JSON.json?s=534&t=0
[2017-09-15 19:38:30,038: INFO/ForkPoolWorker-3] Task main.tasks.check_playing[6f0ad338-9e89-4039-b8c7-1deb0401cf18] succeeded in 0.15249753700004476s: None
[2017-09-15 19:38:30,260: INFO/ForkPoolWorker-1] Task main.tasks.update_game_info[386b3760-4f6c-4f40-ab58-b50e7720fe2f] succeeded in 0.3568872509999892s: None
[2017-09-15 19:38:31,743: INFO/ForkPoolWorker-2] Task main.tasks.get_game_actions[13c204e4-a770-4f0e-9563-41b38657bd1a] succeeded in 1.8392852550000498s: None
[2017-09-15 19:38:32,495: INFO/ForkPoolWorker-4] Task main.tasks.get_game_actions[2e2721eb-07cd-4db7-866a-7f9895c3091b] succeeded in 5.610896708000155s: None
[2017-09-15 19:38:32,887: INFO/MainProcess] Received task: main.tasks.check_playing[3bbc2e72-aae5-45a7-9b3a-f16b9bb42313]  
[2017-09-15 19:38:32,904: INFO/ForkPoolWorker-1] Checking for games in PLAYING state. FOUND: 1
[2017-09-15 19:38:32,907: INFO/MainProcess] Received task: main.tasks.update_game_info[0aef017f-8c4c-4ff4-bccc-6ee076359c8f]  
[2017-09-15 19:38:32,909: INFO/MainProcess] Received task: main.tasks.get_game_actions[3dc61b62-109d-48fb-b4e3-77ec792303a7]  
[2017-09-15 19:38:32,922: WARNING/ForkPoolWorker-3] MAKING NEW REQUEST: https://livecache.sportresult.com/node/db/FIBASTATS_PROD/12105_GAMEACTIONS_BKM400202_Q3_JSON.json?s=534&t=0
[2017-09-15 19:38:32,922: INFO/ForkPoolWorker-4] Updating game information. GAME: 12105&BKM400202
[2017-09-15 19:38:32,922: WARNING/ForkPoolWorker-4] MAKING NEW REQUEST: https://livecache.sportresult.com/node/db/FIBASTATS_PROD/12105_GAME_BKM400202_JSON.json?s=534&t=0
[2017-09-15 19:38:32,994: INFO/ForkPoolWorker-1] Task main.tasks.check_playing[3bbc2e72-aae5-45a7-9b3a-f16b9bb42313] succeeded in 0.10560702500015395s: None
[2017-09-15 19:38:35,885: INFO/MainProcess] Received task: main.tasks.check_playing[7b06c82d-df65-4a4d-9db3-928ce64674ab]  
[2017-09-15 19:38:35,897: INFO/ForkPoolWorker-1] Checking for games in PLAYING state. FOUND: 1
[2017-09-15 19:38:35,900: INFO/MainProcess] Received task: main.tasks.update_game_info[f6a6936e-7612-4e81-aae0-4d42ca5946f0]  
[2017-09-15 19:38:35,901: INFO/MainProcess] Received task: main.tasks.get_game_actions[3499b5ad-605d-4162-8380-d78f43021cfa]  
[2017-09-15 19:38:35,913: INFO/ForkPoolWorker-2] Updating game information. GAME: 12105&BKM400202
[2017-09-15 19:38:35,913: WARNING/ForkPoolWorker-2] MAKING NEW REQUEST: https://livecache.sportresult.com/node/db/FIBASTATS_PROD/12105_GAME_BKM400202_JSON.json?s=534&t=0
[2017-09-15 19:38:35,997: INFO/ForkPoolWorker-1] Task main.tasks.check_playing[7b06c82d-df65-4a4d-9db3-928ce64674ab] succeeded in 0.11058528900002784s: None
[2017-09-15 19:38:36,011: WARNING/ForkPoolWorker-1] MAKING NEW REQUEST: https://livecache.sportresult.com/node/db/FIBASTATS_PROD/12105_GAMEACTIONS_BKM400202_Q3_JSON.json?s=534&t=0
[2017-09-15 19:38:36,408: INFO/ForkPoolWorker-2] Task main.tasks.update_game_info[f6a6936e-7612-4e81-aae0-4d42ca5946f0] succeeded in 0.5056163499998547s: None
[2017-09-15 19:38:36,481: INFO/ForkPoolWorker-4] Task main.tasks.update_game_info[0aef017f-8c4c-4ff4-bccc-6ee076359c8f] succeeded in 3.571158240999921s: None
[2017-09-15 19:38:37,418: INFO/ForkPoolWorker-3] Task main.tasks.get_game_actions[3dc61b62-109d-48fb-b4e3-77ec792303a7] succeeded in 4.508226378000018s: None
[2017-09-15 19:38:37,530: INFO/ForkPoolWorker-1] Task main.tasks.get_game_actions[3499b5ad-605d-4162-8380-d78f43021cfa] succeeded in 1.5307817219998014s: None
[2017-09-15 19:38:38,885: INFO/MainProcess] Received task: main.tasks.check_playing[2aba6636-9eda-40c7-9439-7baef4bb7244]  
[2017-09-15 19:38:38,897: INFO/ForkPoolWorker-1] Checking for games in PLAYING state. FOUND: 1
[2017-09-15 19:38:38,900: INFO/MainProcess] Received task: main.tasks.update_game_info[e89da8f0-56ac-4493-9e5a-f945e3a93edf]  
[2017-09-15 19:38:38,902: INFO/MainProcess] Received task: main.tasks.get_game_actions[d05673c6-16e4-405c-91d0-f34351d3980b]  
[2017-09-15 19:38:38,917: WARNING/ForkPoolWorker-2] MAKING NEW REQUEST: https://livecache.sportresult.com/node/db/FIBASTATS_PROD/12105_GAMEACTIONS_BKM400202_Q3_JSON.json?s=534&t=0
[2017-09-15 19:38:38,918: INFO/ForkPoolWorker-4] Updating game information. GAME: 12105&BKM400202
[2017-09-15 19:38:38,918: WARNING/ForkPoolWorker-4] MAKING NEW REQUEST: https://livecache.sportresult.com/node/db/FIBASTATS_PROD/12105_GAME_BKM400202_JSON.json?s=534&t=0
[2017-09-15 19:38:38,994: INFO/ForkPoolWorker-1] Task main.tasks.check_playing[2aba6636-9eda-40c7-9439-7baef4bb7244] succeeded in 0.10728269199989882s: None
[2017-09-15 19:38:39,271: INFO/ForkPoolWorker-4] Task main.tasks.update_game_info[e89da8f0-56ac-4493-9e5a-f945e3a93edf] succeeded in 0.3683256330000404s: None
[2017-09-15 19:38:39,859: INFO/ForkPoolWorker-2] Task main.tasks.get_game_actions[d05673c6-16e4-405c-91d0-f34351d3980b] succeeded in 0.9562668160001522s: None
[2017-09-15 19:38:41,887: INFO/MainProcess] Received task: main.tasks.check_playing[a0857af6-34d0-4b3c-96ef-023d4f53ed5e]  
[2017-09-15 19:38:41,905: INFO/ForkPoolWorker-4] Checking for games in PLAYING state. FOUND: 1
[2017-09-15 19:38:41,911: INFO/MainProcess] Received task: main.tasks.update_game_info[71dd0bd4-fbd1-47e9-8cb6-fb0a24898130]  
[2017-09-15 19:38:41,913: INFO/MainProcess] Received task: main.tasks.get_game_actions[36f8a63d-2315-49ee-a7f9-bea8ab1c4eb1]  
[2017-09-15 19:38:41,931: INFO/ForkPoolWorker-1] Updating game information. GAME: 12105&BKM400202
[2017-09-15 19:38:41,932: WARNING/ForkPoolWorker-1] MAKING NEW REQUEST: https://livecache.sportresult.com/node/db/FIBASTATS_PROD/12105_GAME_BKM400202_JSON.json?s=534&t=0
[2017-09-15 19:38:41,941: WARNING/ForkPoolWorker-3] MAKING NEW REQUEST: https://livecache.sportresult.com/node/db/FIBASTATS_PROD/12105_GAMEACTIONS_BKM400202_Q3_JSON.json?s=534&t=0
[2017-09-15 19:38:42,054: INFO/ForkPoolWorker-4] Task main.tasks.check_playing[a0857af6-34d0-4b3c-96ef-023d4f53ed5e] succeeded in 0.16481229500004702s: None
[2017-09-15 19:38:42,460: INFO/ForkPoolWorker-1] Task main.tasks.update_game_info[71dd0bd4-fbd1-47e9-8cb6-fb0a24898130] succeeded in 0.5457577509998828s: None
[2017-09-15 19:38:42,970: INFO/ForkPoolWorker-3] Task main.tasks.get_game_actions[36f8a63d-2315-49ee-a7f9-bea8ab1c4eb1] succeeded in 1.052295981999805s: None
[2017-09-15 19:38:44,889: INFO/MainProcess] Received task: main.tasks.check_playing[8296c578-42ad-491e-a97f-0179b31b0062]  
[2017-09-15 19:38:44,902: INFO/ForkPoolWorker-1] Checking for games in PLAYING state. FOUND: 1
[2017-09-15 19:38:44,906: INFO/MainProcess] Received task: main.tasks.update_game_info[f3d23dc8-d1cc-4fc8-8b9f-030cc935f1a3]  
[2017-09-15 19:38:44,910: INFO/MainProcess] Received task: main.tasks.get_game_actions[bd7703f0-24f4-41bd-aaf3-41c58c045a42]  
[2017-09-15 19:38:44,921: INFO/ForkPoolWorker-4] Updating game information. GAME: 12105&BKM400202
[2017-09-15 19:38:44,922: WARNING/ForkPoolWorker-4] MAKING NEW REQUEST: https://livecache.sportresult.com/node/db/FIBASTATS_PROD/12105_GAME_BKM400202_JSON.json?s=534&t=0
[2017-09-15 19:38:44,930: WARNING/ForkPoolWorker-3] MAKING NEW REQUEST: https://livecache.sportresult.com/node/db/FIBASTATS_PROD/12105_GAMEACTIONS_BKM400202_Q3_JSON.json?s=534&t=0
[2017-09-15 19:38:45,037: INFO/ForkPoolWorker-1] Task main.tasks.check_playing[8296c578-42ad-491e-a97f-0179b31b0062] succeeded in 0.14717526599997655s: None
[2017-09-15 19:38:45,383: INFO/ForkPoolWorker-4] Task main.tasks.update_game_info[f3d23dc8-d1cc-4fc8-8b9f-030cc935f1a3] succeeded in 0.47572914900001706s: None
[2017-09-15 19:38:46,047: INFO/ForkPoolWorker-3] Task main.tasks.get_game_actions[bd7703f0-24f4-41bd-aaf3-41c58c045a42] succeeded in 1.1360171880000962s: None
[2017-09-15 19:38:47,888: INFO/MainProcess] Received task: main.tasks.check_playing[ef1ef5b6-1d00-41b2-8d9b-47ac420c00a8]  
[2017-09-15 19:38:47,901: INFO/ForkPoolWorker-1] Checking for games in PLAYING state. FOUND: 1
[2017-09-15 19:38:47,906: INFO/MainProcess] Received task: main.tasks.update_game_info[ff7611b4-77de-43c5-a3c8-49d16665b0ce]  
[2017-09-15 19:38:47,907: INFO/MainProcess] Received task: main.tasks.get_game_actions[c910b450-1519-4e8c-a3ee-d9ed811254a0]  
[2017-09-15 19:38:47,924: INFO/ForkPoolWorker-4] Updating game information. GAME: 12105&BKM400202
[2017-09-15 19:38:47,924: WARNING/ForkPoolWorker-4] MAKING NEW REQUEST: https://livecache.sportresult.com/node/db/FIBASTATS_PROD/12105_GAME_BKM400202_JSON.json?s=534&t=0
[2017-09-15 19:38:47,926: WARNING/ForkPoolWorker-2] MAKING NEW REQUEST: https://livecache.sportresult.com/node/db/FIBASTATS_PROD/12105_GAMEACTIONS_BKM400202_Q3_JSON.json?s=534&t=0
[2017-09-15 19:38:48,053: INFO/ForkPoolWorker-1] Task main.tasks.check_playing[ef1ef5b6-1d00-41b2-8d9b-47ac420c00a8] succeeded in 0.16373502700002973s: None
[2017-09-15 19:38:48,427: INFO/ForkPoolWorker-4] Task main.tasks.update_game_info[ff7611b4-77de-43c5-a3c8-49d16665b0ce] succeeded in 0.5187675270001364s: None
[2017-09-15 19:38:48,964: INFO/ForkPoolWorker-2] Task main.tasks.get_game_actions[c910b450-1519-4e8c-a3ee-d9ed811254a0] succeeded in 1.0532239579999896s: None
[2017-09-15 19:38:50,891: INFO/MainProcess] Received task: main.tasks.check_playing[22df0b54-c425-4216-b8d4-5f2e7537e75e]  
[2017-09-15 19:38:50,916: INFO/ForkPoolWorker-4] Checking for games in PLAYING state. FOUND: 1
[2017-09-15 19:38:50,922: INFO/MainProcess] Received task: main.tasks.update_game_info[3f63105e-9933-4617-9d15-2abc556db24f]  
[2017-09-15 19:38:50,930: INFO/MainProcess] Received task: main.tasks.get_game_actions[fc5d88ac-e845-43a8-a72f-dce870330398]  
[2017-09-15 19:38:50,943: INFO/ForkPoolWorker-1] Updating game information. GAME: 12105&BKM400202
[2017-09-15 19:38:50,943: WARNING/ForkPoolWorker-1] MAKING NEW REQUEST: https://livecache.sportresult.com/node/db/FIBASTATS_PROD/12105_GAME_BKM400202_JSON.json?s=534&t=0
[2017-09-15 19:38:50,950: WARNING/ForkPoolWorker-2] MAKING NEW REQUEST: https://livecache.sportresult.com/node/db/FIBASTATS_PROD/12105_GAMEACTIONS_BKM400202_Q3_JSON.json?s=534&t=0
[2017-09-15 19:38:51,059: INFO/ForkPoolWorker-4] Task main.tasks.check_playing[22df0b54-c425-4216-b8d4-5f2e7537e75e] succeeded in 0.16671072700000877s: None
[2017-09-15 19:38:51,394: INFO/ForkPoolWorker-1] Task main.tasks.update_game_info[3f63105e-9933-4617-9d15-2abc556db24f] succeeded in 0.4686599080000633s: None
[2017-09-15 19:38:51,935: INFO/ForkPoolWorker-2] Task main.tasks.get_game_actions[fc5d88ac-e845-43a8-a72f-dce870330398] succeeded in 1.0039978559998417s: None
[2017-09-15 19:38:53,889: INFO/MainProcess] Received task: main.tasks.check_playing[d9f7e443-ddb6-4511-9fd0-80b788b956b8]  
[2017-09-15 19:38:53,903: INFO/ForkPoolWorker-4] Checking for games in PLAYING state. FOUND: 1
[2017-09-15 19:38:53,907: INFO/MainProcess] Received task: main.tasks.update_game_info[ceecc6bf-89cb-42a9-840b-d4dc194797cf]  
[2017-09-15 19:38:53,911: INFO/MainProcess] Received task: main.tasks.get_game_actions[95440b80-c98f-4675-8425-117711063b98]  
[2017-09-15 19:38:53,923: INFO/ForkPoolWorker-1] Updating game information. GAME: 12105&BKM400202
[2017-09-15 19:38:53,924: WARNING/ForkPoolWorker-1] MAKING NEW REQUEST: https://livecache.sportresult.com/node/db/FIBASTATS_PROD/12105_GAME_BKM400202_JSON.json?s=534&t=0
[2017-09-15 19:38:53,934: WARNING/ForkPoolWorker-2] MAKING NEW REQUEST: https://livecache.sportresult.com/node/db/FIBASTATS_PROD/12105_GAMEACTIONS_BKM400202_Q3_JSON.json?s=534&t=0
[2017-09-15 19:38:54,063: INFO/ForkPoolWorker-4] Task main.tasks.check_playing[d9f7e443-ddb6-4511-9fd0-80b788b956b8] succeeded in 0.1720160699999269s: None
[2017-09-15 19:38:54,361: INFO/ForkPoolWorker-1] Task main.tasks.update_game_info[ceecc6bf-89cb-42a9-840b-d4dc194797cf] succeeded in 0.4533825779999461s: None
[2017-09-15 19:38:54,928: INFO/ForkPoolWorker-2] Task main.tasks.get_game_actions[95440b80-c98f-4675-8425-117711063b98] succeeded in 1.0158829249999144s: None
[2017-09-15 19:38:56,890: INFO/MainProcess] Received task: main.tasks.check_playing[7e8f3cdf-4052-49aa-984f-bded4974d636]  
