[2017-09-14 20:35:07,929: INFO/MainProcess] Connected to amqp://guest:**@127.0.0.1:5672//
[2017-09-14 20:35:07,948: INFO/MainProcess] mingle: searching for neighbors
[2017-09-14 20:35:08,993: INFO/MainProcess] mingle: all alone
[2017-09-14 20:35:09,062: WARNING/MainProcess] /home/netcrime/.virtualenvs/fiba/lib/python3.5/site-packages/celery/fixups/django.py:202: UserWarning: Using settings.DEBUG leads to a memory leak, never use this setting in production environments!
  warnings.warn('Using settings.DEBUG leads to a memory leak, never '
[2017-09-14 20:35:09,062: INFO/MainProcess] celery@netcrime-Inspiron-5558 ready.
[2017-09-14 20:35:09,064: INFO/MainProcess] Received task: main.tasks.check_playing[f078cf4f-83fe-4e08-9d34-3a3599dab903]  
[2017-09-14 20:35:09,068: INFO/MainProcess] Received task: main.tasks.check_playing[62663a25-0ca3-45f2-8a41-58257902a930]  
[2017-09-14 20:35:09,070: INFO/MainProcess] Received task: main.tasks.check_playing[a8bb5406-c0ca-4ece-8954-fdd0be7ba531]  
[2017-09-14 20:35:09,072: INFO/MainProcess] Received task: main.tasks.check_playing[6e24365b-1061-4f93-99d2-31eab592f5e1]  
[2017-09-14 20:35:09,073: INFO/MainProcess] Received task: main.tasks.check_playing[a1bfee28-4941-4814-8b52-b3e4d99c118d]  
[2017-09-14 20:35:09,074: INFO/MainProcess] Received task: main.tasks.check_playing[7d91947f-079a-460c-ae88-86ed282da555]  
[2017-09-14 20:35:09,075: INFO/MainProcess] Received task: main.tasks.check_playing[5689406f-5749-4d10-877e-770a312e3d99]  
[2017-09-14 20:35:09,076: INFO/MainProcess] Received task: main.tasks.check_playing[20ad00ec-bc02-4140-ad61-a2b739dd2657]  
[2017-09-14 20:35:09,077: INFO/MainProcess] Received task: main.tasks.check_playing[44fe60a5-8431-4593-9b71-2148d656b3a0]  
[2017-09-14 20:35:09,078: INFO/MainProcess] Received task: main.tasks.check_playing[9e98bbfb-4459-4056-8639-85c880997f6e]  
[2017-09-14 20:35:09,216: INFO/ForkPoolWorker-4] Checking for games in PLAYING state. FOUND: 1
[2017-09-14 20:35:09,230: INFO/ForkPoolWorker-2] Checking for games in PLAYING state. FOUND: 1
[2017-09-14 20:35:09,233: INFO/ForkPoolWorker-1] Checking for games in PLAYING state. FOUND: 1
[2017-09-14 20:35:09,243: INFO/ForkPoolWorker-3] Checking for games in PLAYING state. FOUND: 1
[2017-09-14 20:35:09,288: INFO/MainProcess] Received task: main.tasks.update_game_info[e3ef8670-e6a0-4d35-bb5b-b8ecad959682]  
[2017-09-14 20:35:09,293: INFO/MainProcess] Received task: main.tasks.get_game_actions[7c54e14d-67bc-4820-ac20-8f994b0aabcd]  
[2017-09-14 20:35:09,305: INFO/MainProcess] Received task: main.tasks.update_game_info[c00486d0-f270-4274-ad35-500806141cf4]  
[2017-09-14 20:35:09,310: INFO/MainProcess] Received task: main.tasks.get_game_actions[3957f1e5-b746-4a94-b7f1-ea92937406f5]  
[2017-09-14 20:35:09,321: INFO/MainProcess] Received task: main.tasks.update_game_info[de91d1db-3db5-4341-b16c-c4f69990053e]  
[2017-09-14 20:35:09,332: INFO/MainProcess] Received task: main.tasks.get_game_actions[82cf843a-301b-4593-ba45-b4f9bf227abf]  
[2017-09-14 20:35:09,336: INFO/MainProcess] Received task: main.tasks.update_game_info[d4efa40f-9562-470c-9ec5-3ca626159ada]  
[2017-09-14 20:35:09,337: INFO/MainProcess] Received task: main.tasks.get_game_actions[9991f4c4-d416-4905-a933-c97d84fcc118]  
[2017-09-14 20:35:09,422: INFO/ForkPoolWorker-4] Task main.tasks.check_playing[a8bb5406-c0ca-4ece-8954-fdd0be7ba531] succeeded in 0.2413712060006219s: None
[2017-09-14 20:35:09,441: INFO/ForkPoolWorker-4] Checking for games in PLAYING state. FOUND: 1
[2017-09-14 20:35:09,444: INFO/MainProcess] Received task: main.tasks.update_game_info[e3af0ae6-ca23-4369-85ff-9b7ac163d8be]  
[2017-09-14 20:35:09,446: INFO/MainProcess] Received task: main.tasks.get_game_actions[50c43f12-3a0f-4a1e-8da7-65ccfa3b536d]  
[2017-09-14 20:35:09,456: INFO/ForkPoolWorker-2] Task main.tasks.check_playing[62663a25-0ca3-45f2-8a41-58257902a930] succeeded in 0.2755338690003555s: None
[2017-09-14 20:35:09,458: INFO/ForkPoolWorker-3] Task main.tasks.check_playing[6e24365b-1061-4f93-99d2-31eab592f5e1] succeeded in 0.27295327100000577s: None
[2017-09-14 20:35:09,485: INFO/ForkPoolWorker-2] Checking for games in PLAYING state. FOUND: 1
[2017-09-14 20:35:09,490: INFO/ForkPoolWorker-3] Checking for games in PLAYING state. FOUND: 1
[2017-09-14 20:35:09,506: INFO/MainProcess] Received task: main.tasks.update_game_info[3229165e-3813-4daa-8e39-d7edf1762b70]  
[2017-09-14 20:35:09,508: INFO/MainProcess] Received task: main.tasks.get_game_actions[098b515e-d5be-49d8-9f6d-e054fd41963d]  
[2017-09-14 20:35:09,509: INFO/MainProcess] Received task: main.tasks.update_game_info[2d41573f-fb97-4279-b6c1-ebfee7d7bb51]  
[2017-09-14 20:35:09,524: INFO/ForkPoolWorker-1] Task main.tasks.check_playing[f078cf4f-83fe-4e08-9d34-3a3599dab903] succeeded in 0.3432967840017227s: None
[2017-09-14 20:35:09,529: INFO/MainProcess] Received task: main.tasks.get_game_actions[0eca1211-cf39-414f-a325-fe67c7794b8e]  
[2017-09-14 20:35:09,542: INFO/ForkPoolWorker-1] Checking for games in PLAYING state. FOUND: 1
[2017-09-14 20:35:09,673: INFO/ForkPoolWorker-4] Task main.tasks.check_playing[a1bfee28-4941-4814-8b52-b3e4d99c118d] succeeded in 0.24751012900014757s: None
[2017-09-14 20:35:09,680: INFO/MainProcess] Received task: main.tasks.update_game_info[6f87d917-6097-41ea-98b8-aaae6b7ba364]  
[2017-09-14 20:35:09,688: INFO/ForkPoolWorker-4] Checking for games in PLAYING state. FOUND: 1
[2017-09-14 20:35:09,774: INFO/ForkPoolWorker-3] Task main.tasks.check_playing[5689406f-5749-4d10-877e-770a312e3d99] succeeded in 0.3050595690001501s: None
[2017-09-14 20:35:09,776: INFO/ForkPoolWorker-2] Task main.tasks.check_playing[7d91947f-079a-460c-ae88-86ed282da555] succeeded in 0.3175627179989533s: None
[2017-09-14 20:35:09,784: INFO/MainProcess] Received task: main.tasks.get_game_actions[80664e92-c49e-43ad-905a-3481ee10e47e]  
[2017-09-14 20:35:09,786: INFO/MainProcess] Received task: main.tasks.update_game_info[3e840647-7630-4244-b87e-b336ac9e93a7]  
[2017-09-14 20:35:09,796: INFO/ForkPoolWorker-2] Checking for games in PLAYING state. FOUND: 1
[2017-09-14 20:35:09,800: INFO/ForkPoolWorker-3] Updating game information. GAME: 13229&13556-28-A
[2017-09-14 20:35:09,800: WARNING/ForkPoolWorker-3] MAKING NEW REQUEST: https://livecache.sportresult.com/node/db/FIBASTATS_PROD/13229_GAME_13556-28-A_JSON.json?s=534&t=0
[2017-09-14 20:35:09,942: INFO/ForkPoolWorker-1] Task main.tasks.check_playing[20ad00ec-bc02-4140-ad61-a2b739dd2657] succeeded in 0.4160185940017982s: None
[2017-09-14 20:35:09,950: INFO/MainProcess] Received task: main.tasks.get_game_actions[808653dc-a5c1-4a9e-a431-79c109cf104b]  
[2017-09-14 20:35:09,963: WARNING/ForkPoolWorker-1] MAKING NEW REQUEST: https://livecache.sportresult.com/node/db/FIBASTATS_PROD/13229_GAMEACTIONS_13556-28-A_Q2_JSON.json?s=534&t=0
[2017-09-14 20:35:10,019: INFO/ForkPoolWorker-4] Task main.tasks.check_playing[44fe60a5-8431-4593-9b71-2148d656b3a0] succeeded in 0.34179539199976716s: None
[2017-09-14 20:35:10,025: INFO/MainProcess] Received task: main.tasks.update_game_info[17a2c28e-4179-46a3-a30b-4acb8206743b]  
[2017-09-14 20:35:10,039: INFO/ForkPoolWorker-4] Updating game information. GAME: 13229&13556-28-A
[2017-09-14 20:35:10,040: WARNING/ForkPoolWorker-4] MAKING NEW REQUEST: https://livecache.sportresult.com/node/db/FIBASTATS_PROD/13229_GAME_13556-28-A_JSON.json?s=534&t=0
[2017-09-14 20:35:10,102: INFO/ForkPoolWorker-2] Task main.tasks.check_playing[9e98bbfb-4459-4056-8639-85c880997f6e] succeeded in 0.3231735600020329s: None
[2017-09-14 20:35:10,106: INFO/MainProcess] Received task: main.tasks.get_game_actions[575deec0-b119-45cb-87d1-d8ea00dec835]  
[2017-09-14 20:35:10,115: WARNING/ForkPoolWorker-2] MAKING NEW REQUEST: https://livecache.sportresult.com/node/db/FIBASTATS_PROD/13229_GAMEACTIONS_13556-28-A_Q2_JSON.json?s=534&t=0
[2017-09-14 20:35:10,302: INFO/ForkPoolWorker-3] Task main.tasks.update_game_info[e3ef8670-e6a0-4d35-bb5b-b8ecad959682] succeeded in 0.520708193002065s: None
[2017-09-14 20:35:10,322: INFO/ForkPoolWorker-3] Updating game information. GAME: 13229&13556-28-A
[2017-09-14 20:35:10,322: WARNING/ForkPoolWorker-3] MAKING NEW REQUEST: https://livecache.sportresult.com/node/db/FIBASTATS_PROD/13229_GAME_13556-28-A_JSON.json?s=534&t=0
[2017-09-14 20:35:10,634: INFO/ForkPoolWorker-4] Task main.tasks.update_game_info[c00486d0-f270-4274-ad35-500806141cf4] succeeded in 0.6129981810008758s: None
[2017-09-14 20:35:10,647: WARNING/ForkPoolWorker-4] MAKING NEW REQUEST: https://livecache.sportresult.com/node/db/FIBASTATS_PROD/13229_GAMEACTIONS_13556-28-A_Q2_JSON.json?s=534&t=0
[2017-09-14 20:35:10,935: INFO/ForkPoolWorker-3] Task main.tasks.update_game_info[de91d1db-3db5-4341-b16c-c4f69990053e] succeeded in 0.6281564269993396s: None
[2017-09-14 20:35:10,954: INFO/ForkPoolWorker-3] Updating game information. GAME: 13229&13556-28-A
[2017-09-14 20:35:10,955: WARNING/ForkPoolWorker-3] MAKING NEW REQUEST: https://livecache.sportresult.com/node/db/FIBASTATS_PROD/13229_GAME_13556-28-A_JSON.json?s=534&t=0
[2017-09-14 20:35:11,461: INFO/ForkPoolWorker-3] Task main.tasks.update_game_info[d4efa40f-9562-470c-9ec5-3ca626159ada] succeeded in 0.5229582899992238s: None
[2017-09-14 20:35:11,477: WARNING/ForkPoolWorker-3] MAKING NEW REQUEST: https://livecache.sportresult.com/node/db/FIBASTATS_PROD/13229_GAMEACTIONS_13556-28-A_Q2_JSON.json?s=534&t=0
[2017-09-14 20:35:11,548: INFO/MainProcess] Received task: main.tasks.check_playing[4b3b952b-44c9-4613-a0c8-60dbfc54e577]  
[2017-09-14 20:35:14,552: INFO/MainProcess] Received task: main.tasks.check_playing[a6b017d5-e80c-4df7-abdf-5b89f303007f]  
[2017-09-14 20:35:15,445: INFO/ForkPoolWorker-1] Task main.tasks.get_game_actions[7c54e14d-67bc-4820-ac20-8f994b0aabcd] succeeded in 5.499372842001321s: None
[2017-09-14 20:35:15,468: INFO/ForkPoolWorker-1] Updating game information. GAME: 13229&13556-28-A
[2017-09-14 20:35:15,498: WARNING/ForkPoolWorker-1] MAKING NEW REQUEST: https://livecache.sportresult.com/node/db/FIBASTATS_PROD/13229_GAME_13556-28-A_JSON.json?s=534&t=0
[2017-09-14 20:35:15,631: INFO/ForkPoolWorker-2] Task main.tasks.get_game_actions[3957f1e5-b746-4a94-b7f1-ea92937406f5] succeeded in 5.526713930998085s: None
[2017-09-14 20:35:15,654: WARNING/ForkPoolWorker-2] MAKING NEW REQUEST: https://livecache.sportresult.com/node/db/FIBASTATS_PROD/13229_GAMEACTIONS_13556-28-A_Q2_JSON.json?s=534&t=0
[2017-09-14 20:35:16,695: INFO/ForkPoolWorker-1] Task main.tasks.update_game_info[e3af0ae6-ca23-4369-85ff-9b7ac163d8be] succeeded in 1.2418095210014144s: None
[2017-09-14 20:35:16,713: INFO/ForkPoolWorker-1] Updating game information. GAME: 13229&13556-28-A
[2017-09-14 20:35:16,714: WARNING/ForkPoolWorker-1] MAKING NEW REQUEST: https://livecache.sportresult.com/node/db/FIBASTATS_PROD/13229_GAME_13556-28-A_JSON.json?s=534&t=0
[2017-09-14 20:35:16,809: INFO/ForkPoolWorker-4] Task main.tasks.get_game_actions[82cf843a-301b-4593-ba45-b4f9bf227abf] succeeded in 6.173336625000957s: None
[2017-09-14 20:35:16,836: WARNING/ForkPoolWorker-4] MAKING NEW REQUEST: https://livecache.sportresult.com/node/db/FIBASTATS_PROD/13229_GAMEACTIONS_13556-28-A_Q2_JSON.json?s=534&t=0
[2017-09-14 20:35:17,259: INFO/ForkPoolWorker-1] Task main.tasks.update_game_info[3229165e-3813-4daa-8e39-d7edf1762b70] succeeded in 0.5610480979994463s: None
[2017-09-14 20:35:17,275: INFO/ForkPoolWorker-1] Updating game information. GAME: 13229&13556-28-A
[2017-09-14 20:35:17,275: WARNING/ForkPoolWorker-1] MAKING NEW REQUEST: https://livecache.sportresult.com/node/db/FIBASTATS_PROD/13229_GAME_13556-28-A_JSON.json?s=534&t=0
[2017-09-14 20:35:17,526: INFO/ForkPoolWorker-3] Task main.tasks.get_game_actions[9991f4c4-d416-4905-a933-c97d84fcc118] succeeded in 6.062197413997637s: None
[2017-09-14 20:35:17,547: WARNING/ForkPoolWorker-3] MAKING NEW REQUEST: https://livecache.sportresult.com/node/db/FIBASTATS_PROD/13229_GAMEACTIONS_13556-28-A_Q2_JSON.json?s=534&t=0
[2017-09-14 20:35:17,592: INFO/MainProcess] Received task: main.tasks.check_playing[2c944e82-989b-4659-8416-6d042cdecbca]  
[2017-09-14 20:35:17,736: INFO/ForkPoolWorker-1] Task main.tasks.update_game_info[2d41573f-fb97-4279-b6c1-ebfee7d7bb51] succeeded in 0.4746824270005163s: None
[2017-09-14 20:35:17,756: INFO/ForkPoolWorker-1] Updating game information. GAME: 13229&13556-28-A
[2017-09-14 20:35:17,756: WARNING/ForkPoolWorker-1] MAKING NEW REQUEST: https://livecache.sportresult.com/node/db/FIBASTATS_PROD/13229_GAME_13556-28-A_JSON.json?s=534&t=0
[2017-09-14 20:35:18,145: INFO/ForkPoolWorker-1] Task main.tasks.update_game_info[6f87d917-6097-41ea-98b8-aaae6b7ba364] succeeded in 0.4056016609974904s: None
[2017-09-14 20:35:18,159: WARNING/ForkPoolWorker-1] MAKING NEW REQUEST: https://livecache.sportresult.com/node/db/FIBASTATS_PROD/13229_GAMEACTIONS_13556-28-A_Q2_JSON.json?s=534&t=0
[2017-09-14 20:35:20,580: INFO/MainProcess] Received task: main.tasks.check_playing[7efb6584-dcfe-4795-a588-76ffea9ea3c3]  
[2017-09-14 20:35:21,956: INFO/ForkPoolWorker-2] Task main.tasks.get_game_actions[50c43f12-3a0f-4a1e-8da7-65ccfa3b536d] succeeded in 6.320823604000907s: None
[2017-09-14 20:35:21,969: INFO/ForkPoolWorker-2] Updating game information. GAME: 13229&13556-28-A
[2017-09-14 20:35:21,970: WARNING/ForkPoolWorker-2] MAKING NEW REQUEST: https://livecache.sportresult.com/node/db/FIBASTATS_PROD/13229_GAME_13556-28-A_JSON.json?s=534&t=0
[2017-09-14 20:35:22,323: INFO/ForkPoolWorker-4] Task main.tasks.get_game_actions[098b515e-d5be-49d8-9f6d-e054fd41963d] succeeded in 5.511866155997268s: None
[2017-09-14 20:35:22,343: WARNING/ForkPoolWorker-4] MAKING NEW REQUEST: https://livecache.sportresult.com/node/db/FIBASTATS_PROD/13229_GAMEACTIONS_13556-28-A_Q2_JSON.json?s=534&t=0
[2017-09-14 20:35:22,510: INFO/ForkPoolWorker-2] Task main.tasks.update_game_info[3e840647-7630-4244-b87e-b336ac9e93a7] succeeded in 0.5508201630000258s: None
[2017-09-14 20:35:22,527: INFO/ForkPoolWorker-2] Updating game information. GAME: 13229&13556-28-A
[2017-09-14 20:35:22,528: WARNING/ForkPoolWorker-2] MAKING NEW REQUEST: https://livecache.sportresult.com/node/db/FIBASTATS_PROD/13229_GAME_13556-28-A_JSON.json?s=534&t=0
[2017-09-14 20:35:23,130: INFO/ForkPoolWorker-3] Task main.tasks.get_game_actions[0eca1211-cf39-414f-a325-fe67c7794b8e] succeeded in 5.5986793839983875s: None
[2017-09-14 20:35:23,144: WARNING/ForkPoolWorker-3] MAKING NEW REQUEST: https://livecache.sportresult.com/node/db/FIBASTATS_PROD/13229_GAMEACTIONS_13556-28-A_Q2_JSON.json?s=534&t=0
[2017-09-14 20:35:23,273: INFO/ForkPoolWorker-2] Task main.tasks.update_game_info[17a2c28e-4179-46a3-a30b-4acb8206743b] succeeded in 0.7617119599999569s: None
[2017-09-14 20:35:23,287: INFO/ForkPoolWorker-2] Checking for games in PLAYING state. FOUND: 1
[2017-09-14 20:35:23,290: INFO/MainProcess] Received task: main.tasks.update_game_info[cf49b949-6b6e-4c64-a1ac-65c4ca4c7424]  
[2017-09-14 20:35:23,292: INFO/MainProcess] Received task: main.tasks.get_game_actions[cfbb02bc-b077-4fc1-ae9c-9e30754cd96a]  
[2017-09-14 20:35:23,629: INFO/MainProcess] Received task: main.tasks.check_playing[a037db90-0ed2-454a-a529-203cdfbe166f]  
[2017-09-14 20:35:23,707: INFO/ForkPoolWorker-2] Task main.tasks.check_playing[4b3b952b-44c9-4613-a0c8-60dbfc54e577] succeeded in 0.43097019999913755s: None
[2017-09-14 20:35:23,722: INFO/ForkPoolWorker-2] Checking for games in PLAYING state. FOUND: 1
[2017-09-14 20:35:23,726: INFO/MainProcess] Received task: main.tasks.update_game_info[7a78589e-ed87-4f5e-9d75-94f46a00914d]  
[2017-09-14 20:35:23,727: INFO/MainProcess] Received task: main.tasks.get_game_actions[2b0f252c-cc8b-4b23-b38d-2c578fc93d9a]  
[2017-09-14 20:35:23,885: INFO/ForkPoolWorker-2] Task main.tasks.check_playing[a6b017d5-e80c-4df7-abdf-5b89f303007f] succeeded in 0.17581998099922203s: None
[2017-09-14 20:35:23,899: INFO/ForkPoolWorker-2] Checking for games in PLAYING state. FOUND: 1
[2017-09-14 20:35:23,902: INFO/MainProcess] Received task: main.tasks.update_game_info[7f89ddb1-24ee-42e1-963f-e9942eb615a1]  
[2017-09-14 20:35:23,904: INFO/MainProcess] Received task: main.tasks.get_game_actions[f13f3d81-b825-459b-8186-6b1d28c3495d]  
[2017-09-14 20:35:24,149: INFO/ForkPoolWorker-2] Task main.tasks.check_playing[2c944e82-989b-4659-8416-6d042cdecbca] succeeded in 0.262311086000409s: None
[2017-09-14 20:35:24,166: INFO/ForkPoolWorker-2] Checking for games in PLAYING state. FOUND: 1
[2017-09-14 20:35:24,217: INFO/MainProcess] Received task: main.tasks.update_game_info[9490ad38-85f3-48cb-a6cb-40f58cad6201]  
[2017-09-14 20:35:24,219: INFO/MainProcess] Received task: main.tasks.get_game_actions[d2015e2e-c4ef-415e-b106-39ce58618636]  
[2017-09-14 20:35:24,426: INFO/ForkPoolWorker-1] Task main.tasks.get_game_actions[80664e92-c49e-43ad-905a-3481ee10e47e] succeeded in 6.2785425249967375s: None
[2017-09-14 20:35:24,444: INFO/ForkPoolWorker-1] Updating game information. GAME: 13229&13556-28-A
[2017-09-14 20:35:24,445: WARNING/ForkPoolWorker-1] MAKING NEW REQUEST: https://livecache.sportresult.com/node/db/FIBASTATS_PROD/13229_GAME_13556-28-A_JSON.json?s=534&t=0
[2017-09-14 20:35:24,547: INFO/ForkPoolWorker-2] Task main.tasks.check_playing[7efb6584-dcfe-4795-a588-76ffea9ea3c3] succeeded in 0.3952152500023658s: None
[2017-09-14 20:35:24,571: WARNING/ForkPoolWorker-2] MAKING NEW REQUEST: https://livecache.sportresult.com/node/db/FIBASTATS_PROD/13229_GAMEACTIONS_13556-28-A_Q3_JSON.json?s=534&t=0
[2017-09-14 20:35:24,924: INFO/ForkPoolWorker-1] Task main.tasks.update_game_info[cf49b949-6b6e-4c64-a1ac-65c4ca4c7424] succeeded in 0.49503949000063585s: None
[2017-09-14 20:35:24,940: INFO/ForkPoolWorker-1] Checking for games in PLAYING state. FOUND: 1
[2017-09-14 20:35:25,029: INFO/MainProcess] Received task: main.tasks.update_game_info[50f15076-1b61-4381-90a3-0074b1242221]  
[2017-09-14 20:35:25,031: INFO/MainProcess] Received task: main.tasks.get_game_actions[f4dd4afa-7148-4552-a7b7-43e2d95e582f]  
[2017-09-14 20:35:25,400: INFO/ForkPoolWorker-1] Task main.tasks.check_playing[a037db90-0ed2-454a-a529-203cdfbe166f] succeeded in 0.4741346219998377s: None
[2017-09-14 20:35:25,426: INFO/ForkPoolWorker-1] Updating game information. GAME: 13229&13556-28-A
[2017-09-14 20:35:25,426: WARNING/ForkPoolWorker-1] MAKING NEW REQUEST: https://livecache.sportresult.com/node/db/FIBASTATS_PROD/13229_GAME_13556-28-A_JSON.json?s=534&t=0
[2017-09-14 20:35:26,330: INFO/ForkPoolWorker-1] Task main.tasks.update_game_info[7a78589e-ed87-4f5e-9d75-94f46a00914d] succeeded in 0.9272815380027168s: None
[2017-09-14 20:35:26,351: WARNING/ForkPoolWorker-1] MAKING NEW REQUEST: https://livecache.sportresult.com/node/db/FIBASTATS_PROD/13229_GAMEACTIONS_13556-28-A_Q3_JSON.json?s=534&t=0
[2017-09-14 20:35:26,407: INFO/ForkPoolWorker-2] Task main.tasks.get_game_actions[cfbb02bc-b077-4fc1-ae9c-9e30754cd96a] succeeded in 1.8576345690016751s: None
[2017-09-14 20:35:26,429: INFO/ForkPoolWorker-2] Updating game information. GAME: 13229&13556-28-A
[2017-09-14 20:35:26,429: WARNING/ForkPoolWorker-2] MAKING NEW REQUEST: https://livecache.sportresult.com/node/db/FIBASTATS_PROD/13229_GAME_13556-28-A_JSON.json?s=534&t=0
[2017-09-14 20:35:26,563: INFO/MainProcess] Received task: main.tasks.check_playing[927a5287-1ea3-46c0-9df0-5ac2f7f73087]  
[2017-09-14 20:35:26,863: INFO/ForkPoolWorker-2] Task main.tasks.update_game_info[7f89ddb1-24ee-42e1-963f-e9942eb615a1] succeeded in 0.44952121199821704s: None
[2017-09-14 20:35:26,876: WARNING/ForkPoolWorker-2] MAKING NEW REQUEST: https://livecache.sportresult.com/node/db/FIBASTATS_PROD/13229_GAMEACTIONS_13556-28-A_Q3_JSON.json?s=534&t=0
[2017-09-14 20:35:27,263: INFO/ForkPoolWorker-1] Task main.tasks.get_game_actions[2b0f252c-cc8b-4b23-b38d-2c578fc93d9a] succeeded in 0.9316047840002284s: None
[2017-09-14 20:35:27,278: INFO/ForkPoolWorker-1] Updating game information. GAME: 13229&13556-28-A
[2017-09-14 20:35:27,278: WARNING/ForkPoolWorker-1] MAKING NEW REQUEST: https://livecache.sportresult.com/node/db/FIBASTATS_PROD/13229_GAME_13556-28-A_JSON.json?s=534&t=0
[2017-09-14 20:35:27,659: INFO/ForkPoolWorker-2] Task main.tasks.get_game_actions[f13f3d81-b825-459b-8186-6b1d28c3495d] succeeded in 0.7936602820009284s: None
[2017-09-14 20:35:27,673: WARNING/ForkPoolWorker-2] MAKING NEW REQUEST: https://livecache.sportresult.com/node/db/FIBASTATS_PROD/13229_GAMEACTIONS_13556-28-A_Q3_JSON.json?s=534&t=0
[2017-09-14 20:35:27,836: INFO/ForkPoolWorker-1] Task main.tasks.update_game_info[9490ad38-85f3-48cb-a6cb-40f58cad6201] succeeded in 0.5702755749989592s: None
[2017-09-14 20:35:27,849: INFO/ForkPoolWorker-1] Updating game information. GAME: 13229&13556-28-A
[2017-09-14 20:35:27,849: WARNING/ForkPoolWorker-1] MAKING NEW REQUEST: https://livecache.sportresult.com/node/db/FIBASTATS_PROD/13229_GAME_13556-28-A_JSON.json?s=534&t=0
[2017-09-14 20:35:28,224: INFO/ForkPoolWorker-1] Task main.tasks.update_game_info[50f15076-1b61-4381-90a3-0074b1242221] succeeded in 0.38588464799977373s: None
[2017-09-14 20:35:28,250: WARNING/ForkPoolWorker-1] MAKING NEW REQUEST: https://livecache.sportresult.com/node/db/FIBASTATS_PROD/13229_GAMEACTIONS_13556-28-A_Q3_JSON.json?s=534&t=0
[2017-09-14 20:35:28,489: INFO/ForkPoolWorker-2] Task main.tasks.get_game_actions[d2015e2e-c4ef-415e-b106-39ce58618636] succeeded in 0.8278485259979789s: None
[2017-09-14 20:35:28,503: INFO/ForkPoolWorker-2] Checking for games in PLAYING state. FOUND: 1
[2017-09-14 20:35:28,546: INFO/MainProcess] Received task: main.tasks.update_game_info[cf708bb7-dfe3-4db8-986c-2aa7b6db343a]  
[2017-09-14 20:35:28,547: INFO/MainProcess] Received task: main.tasks.get_game_actions[eea8f119-0b54-45e1-af90-38b0a0e93f0a]  
[2017-09-14 20:35:28,810: INFO/ForkPoolWorker-2] Task main.tasks.check_playing[927a5287-1ea3-46c0-9df0-5ac2f7f73087] succeeded in 0.3187827900001139s: None
[2017-09-14 20:35:28,825: INFO/ForkPoolWorker-2] Updating game information. GAME: 13229&13556-28-A
[2017-09-14 20:35:28,825: WARNING/ForkPoolWorker-2] MAKING NEW REQUEST: https://livecache.sportresult.com/node/db/FIBASTATS_PROD/13229_GAME_13556-28-A_JSON.json?s=534&t=0
[2017-09-14 20:35:29,386: INFO/ForkPoolWorker-2] Task main.tasks.update_game_info[cf708bb7-dfe3-4db8-986c-2aa7b6db343a] succeeded in 0.5735306139977183s: None
[2017-09-14 20:35:29,401: WARNING/ForkPoolWorker-2] MAKING NEW REQUEST: https://livecache.sportresult.com/node/db/FIBASTATS_PROD/13229_GAMEACTIONS_13556-28-A_Q3_JSON.json?s=534&t=0
[2017-09-14 20:35:29,475: INFO/ForkPoolWorker-1] Task main.tasks.get_game_actions[f4dd4afa-7148-4552-a7b7-43e2d95e582f] succeeded in 1.2481684599988512s: None
[2017-09-14 20:35:29,557: INFO/MainProcess] Received task: main.tasks.check_playing[01b28b8f-435f-4c8c-98f5-7e5ac374562b]  
[2017-09-14 20:35:29,598: INFO/ForkPoolWorker-1] Checking for games in PLAYING state. FOUND: 1
[2017-09-14 20:35:29,603: INFO/MainProcess] Received task: main.tasks.update_game_info[988773fd-8c00-4782-b0d1-3f4e4f4f3884]  
[2017-09-14 20:35:29,609: INFO/MainProcess] Received task: main.tasks.get_game_actions[5f860a57-9b33-45f5-9964-ee5c6cdbc203]  
[2017-09-14 20:35:29,831: INFO/ForkPoolWorker-1] Task main.tasks.check_playing[01b28b8f-435f-4c8c-98f5-7e5ac374562b] succeeded in 0.2522893370005477s: None
[2017-09-14 20:35:29,855: INFO/ForkPoolWorker-1] Updating game information. GAME: 13229&13556-28-A
[2017-09-14 20:35:29,855: WARNING/ForkPoolWorker-1] MAKING NEW REQUEST: https://livecache.sportresult.com/node/db/FIBASTATS_PROD/13229_GAME_13556-28-A_JSON.json?s=534&t=0
[2017-09-14 20:35:30,327: INFO/ForkPoolWorker-1] Task main.tasks.update_game_info[988773fd-8c00-4782-b0d1-3f4e4f4f3884] succeeded in 0.4931269250009791s: None
[2017-09-14 20:35:30,341: WARNING/ForkPoolWorker-1] MAKING NEW REQUEST: https://livecache.sportresult.com/node/db/FIBASTATS_PROD/13229_GAMEACTIONS_13556-28-A_Q3_JSON.json?s=534&t=0
[2017-09-14 20:35:30,454: INFO/ForkPoolWorker-2] Task main.tasks.get_game_actions[eea8f119-0b54-45e1-af90-38b0a0e93f0a] succeeded in 1.0654367909992288s: None
[2017-09-14 20:35:31,277: INFO/ForkPoolWorker-1] Task main.tasks.get_game_actions[5f860a57-9b33-45f5-9964-ee5c6cdbc203] succeeded in 0.9469896910013631s: None
[2017-09-14 20:35:31,944: INFO/ForkPoolWorker-4] Task main.tasks.get_game_actions[808653dc-a5c1-4a9e-a431-79c109cf104b] succeeded in 9.617489403000945s: None
[2017-09-14 20:35:32,386: INFO/ForkPoolWorker-3] Task main.tasks.get_game_actions[575deec0-b119-45cb-87d1-d8ea00dec835] succeeded in 9.253175289002684s: None
[2017-09-14 20:35:32,560: INFO/MainProcess] Received task: main.tasks.check_playing[d9948bc5-3fcf-40ed-9571-4a2cfd0aaaf4]  
[2017-09-14 20:35:32,572: INFO/ForkPoolWorker-1] Checking for games in PLAYING state. FOUND: 1
[2017-09-14 20:35:32,576: INFO/MainProcess] Received task: main.tasks.update_game_info[d0dc65f8-080c-4601-ac76-1769601cb486]  
[2017-09-14 20:35:32,580: INFO/MainProcess] Received task: main.tasks.get_game_actions[48b364bb-3b33-4d57-80f2-a053198bd655]  
[2017-09-14 20:35:32,590: INFO/ForkPoolWorker-4] Updating game information. GAME: 13229&13556-28-A
[2017-09-14 20:35:32,591: WARNING/ForkPoolWorker-4] MAKING NEW REQUEST: https://livecache.sportresult.com/node/db/FIBASTATS_PROD/13229_GAME_13556-28-A_JSON.json?s=534&t=0
[2017-09-14 20:35:32,595: WARNING/ForkPoolWorker-2] MAKING NEW REQUEST: https://livecache.sportresult.com/node/db/FIBASTATS_PROD/13229_GAMEACTIONS_13556-28-A_Q3_JSON.json?s=534&t=0
[2017-09-14 20:35:32,708: INFO/ForkPoolWorker-1] Task main.tasks.check_playing[d9948bc5-3fcf-40ed-9571-4a2cfd0aaaf4] succeeded in 0.14677792599832173s: None
[2017-09-14 20:35:33,285: INFO/ForkPoolWorker-4] Task main.tasks.update_game_info[d0dc65f8-080c-4601-ac76-1769601cb486] succeeded in 0.7079401730006794s: None
[2017-09-14 20:35:33,563: INFO/ForkPoolWorker-2] Task main.tasks.get_game_actions[48b364bb-3b33-4d57-80f2-a053198bd655] succeeded in 0.9821164230015711s: None
[2017-09-14 20:36:26,990: INFO/MainProcess] Received task: main.tasks.check_playing[59be1ca7-0fc0-48d9-9ed1-4c6c93b930d2]  
[2017-09-14 20:36:27,009: INFO/ForkPoolWorker-1] Checking for games in PLAYING state. FOUND: 1
[2017-09-14 20:36:27,013: INFO/MainProcess] Received task: main.tasks.update_game_info[9c2ff207-2c27-4fdf-8ffb-efc3f0924333]  
[2017-09-14 20:36:27,030: INFO/ForkPoolWorker-4] Updating game information. GAME: 13229&13556-28-A
[2017-09-14 20:36:27,031: WARNING/ForkPoolWorker-4] MAKING NEW REQUEST: https://livecache.sportresult.com/node/db/FIBASTATS_PROD/13229_GAME_13556-28-A_JSON.json?s=534&t=0
[2017-09-14 20:36:27,042: INFO/MainProcess] Received task: main.tasks.get_game_actions[31ccebb0-3b9e-4262-b3f4-ff213b014e52]  
[2017-09-14 20:36:27,065: WARNING/ForkPoolWorker-2] MAKING NEW REQUEST: https://livecache.sportresult.com/node/db/FIBASTATS_PROD/13229_GAMEACTIONS_13556-28-A_Q3_JSON.json?s=534&t=0
[2017-09-14 20:36:27,127: INFO/ForkPoolWorker-1] Task main.tasks.check_playing[59be1ca7-0fc0-48d9-9ed1-4c6c93b930d2] succeeded in 0.13437632299974211s: None
[2017-09-14 20:36:27,583: INFO/ForkPoolWorker-4] Task main.tasks.update_game_info[9c2ff207-2c27-4fdf-8ffb-efc3f0924333] succeeded in 0.5684644339999068s: None
[2017-09-14 20:36:28,128: INFO/ForkPoolWorker-2] Task main.tasks.get_game_actions[31ccebb0-3b9e-4262-b3f4-ff213b014e52] succeeded in 1.084186698000849s: None
[2017-09-14 20:36:29,928: INFO/MainProcess] Received task: main.tasks.check_playing[5adce340-fe3a-49e5-a225-04672dd004e8]  
[2017-09-14 20:36:29,940: INFO/ForkPoolWorker-1] Checking for games in PLAYING state. FOUND: 1
[2017-09-14 20:36:29,943: INFO/MainProcess] Received task: main.tasks.update_game_info[4e177282-19fc-4b33-96d3-42e11d099116]  
[2017-09-14 20:36:29,945: INFO/MainProcess] Received task: main.tasks.get_game_actions[4186fef0-ad4d-4fbf-ba61-6aa78c574fc8]  
[2017-09-14 20:36:29,961: INFO/ForkPoolWorker-4] Updating game information. GAME: 13229&13556-28-A
[2017-09-14 20:36:29,962: WARNING/ForkPoolWorker-4] MAKING NEW REQUEST: https://livecache.sportresult.com/node/db/FIBASTATS_PROD/13229_GAME_13556-28-A_JSON.json?s=534&t=0
[2017-09-14 20:36:29,962: WARNING/ForkPoolWorker-3] MAKING NEW REQUEST: https://livecache.sportresult.com/node/db/FIBASTATS_PROD/13229_GAMEACTIONS_13556-28-A_Q3_JSON.json?s=534&t=0
[2017-09-14 20:36:30,015: INFO/ForkPoolWorker-1] Task main.tasks.check_playing[5adce340-fe3a-49e5-a225-04672dd004e8] succeeded in 0.08586504499908187s: None
[2017-09-14 20:36:30,350: INFO/ForkPoolWorker-4] Task main.tasks.update_game_info[4e177282-19fc-4b33-96d3-42e11d099116] succeeded in 0.40386239000144997s: None
[2017-09-14 20:36:30,544: INFO/ForkPoolWorker-3] Task main.tasks.get_game_actions[4186fef0-ad4d-4fbf-ba61-6aa78c574fc8] succeeded in 0.5985124769977119s: None
[2017-09-14 20:36:32,930: INFO/MainProcess] Received task: main.tasks.check_playing[f35ca9f8-4d7c-4aa0-9f53-eb4777eefce4]  
[2017-09-14 20:36:32,942: INFO/ForkPoolWorker-4] Checking for games in PLAYING state. FOUND: 1
[2017-09-14 20:36:32,945: INFO/MainProcess] Received task: main.tasks.update_game_info[9871866f-5b1c-439e-88ca-bf390173c543]  
[2017-09-14 20:36:32,949: INFO/MainProcess] Received task: main.tasks.get_game_actions[945deca6-8f9c-4a27-9908-ba28a60ccf2b]  
[2017-09-14 20:36:32,961: INFO/ForkPoolWorker-1] Updating game information. GAME: 13229&13556-28-A
[2017-09-14 20:36:32,962: WARNING/ForkPoolWorker-1] MAKING NEW REQUEST: https://livecache.sportresult.com/node/db/FIBASTATS_PROD/13229_GAME_13556-28-A_JSON.json?s=534&t=0
[2017-09-14 20:36:32,965: WARNING/ForkPoolWorker-3] MAKING NEW REQUEST: https://livecache.sportresult.com/node/db/FIBASTATS_PROD/13229_GAMEACTIONS_13556-28-A_Q3_JSON.json?s=534&t=0
[2017-09-14 20:36:33,026: INFO/ForkPoolWorker-4] Task main.tasks.check_playing[f35ca9f8-4d7c-4aa0-9f53-eb4777eefce4] succeeded in 0.09444672700192314s: None
[2017-09-14 20:36:33,416: INFO/ForkPoolWorker-1] Task main.tasks.update_game_info[9871866f-5b1c-439e-88ca-bf390173c543] succeeded in 0.47008595499937655s: None
[2017-09-14 20:36:33,560: INFO/ForkPoolWorker-3] Task main.tasks.get_game_actions[945deca6-8f9c-4a27-9908-ba28a60ccf2b] succeeded in 0.6099833610023779s: None
[2017-09-14 20:36:35,930: INFO/MainProcess] Received task: main.tasks.check_playing[f724f6ff-02dc-4daf-a355-ce93ce0cc9b3]  
[2017-09-14 20:36:35,942: INFO/ForkPoolWorker-4] Checking for games in PLAYING state. FOUND: 1
[2017-09-14 20:36:35,945: INFO/MainProcess] Received task: main.tasks.update_game_info[b04661ca-94ad-44a2-af8b-d160d57d1550]  
[2017-09-14 20:36:35,949: INFO/MainProcess] Received task: main.tasks.get_game_actions[2a14654f-e33f-43bb-b0af-983e7a095b24]  
[2017-09-14 20:36:35,960: INFO/ForkPoolWorker-1] Updating game information. GAME: 13229&13556-28-A
[2017-09-14 20:36:35,960: WARNING/ForkPoolWorker-1] MAKING NEW REQUEST: https://livecache.sportresult.com/node/db/FIBASTATS_PROD/13229_GAME_13556-28-A_JSON.json?s=534&t=0
[2017-09-14 20:36:35,964: WARNING/ForkPoolWorker-3] MAKING NEW REQUEST: https://livecache.sportresult.com/node/db/FIBASTATS_PROD/13229_GAMEACTIONS_13556-28-A_Q3_JSON.json?s=534&t=0
[2017-09-14 20:36:36,032: INFO/ForkPoolWorker-4] Task main.tasks.check_playing[f724f6ff-02dc-4daf-a355-ce93ce0cc9b3] succeeded in 0.10079486099857604s: None
[2017-09-14 20:36:36,394: INFO/ForkPoolWorker-1] Task main.tasks.update_game_info[b04661ca-94ad-44a2-af8b-d160d57d1550] succeeded in 0.44870901399917784s: None
[2017-09-14 20:36:36,587: INFO/ForkPoolWorker-3] Task main.tasks.get_game_actions[2a14654f-e33f-43bb-b0af-983e7a095b24] succeeded in 0.6370085360031226s: None
[2017-09-14 20:45:49,497: INFO/MainProcess] Received task: main.tasks.add_player[4ad40744-1bf4-44a9-89e7-b4ce1095f32d]  ETA:[2017-09-14 20:45:59.312530+00:00] 
[2017-09-14 20:45:49,513: INFO/MainProcess] Received task: main.tasks.add_player[6ce29c86-440e-4a19-8d61-761f51040819]  ETA:[2017-09-14 20:45:59.483203+00:00] 
[2017-09-14 20:45:49,514: INFO/MainProcess] Received task: main.tasks.add_player[aca4a510-3645-44aa-9ea0-cb13d198e7ed]  ETA:[2017-09-14 20:45:59.484457+00:00] 
[2017-09-14 20:45:49,515: INFO/MainProcess] Received task: main.tasks.add_player[6105f007-b96f-412b-bf1d-6312109e6446]  ETA:[2017-09-14 20:45:59.485615+00:00] 
[2017-09-14 20:45:49,515: INFO/MainProcess] Received task: main.tasks.add_player[03e1cb66-6b56-4f44-b262-313d4e1319df]  ETA:[2017-09-14 20:45:59.486952+00:00] 
[2017-09-14 20:45:49,516: INFO/MainProcess] Received task: main.tasks.add_player[16911e7c-4909-4d3a-8065-0e92b6c9df8b]  ETA:[2017-09-14 20:45:59.488497+00:00] 
[2017-09-14 20:45:49,518: INFO/MainProcess] Received task: main.tasks.add_player[b96a84b4-2281-481d-af4b-1f7e8b9ed79d]  ETA:[2017-09-14 20:45:59.489773+00:00] 
[2017-09-14 20:45:49,519: INFO/MainProcess] Received task: main.tasks.add_player[2f1f9c05-95b9-4d3a-bae1-ec8d545d3a8c]  ETA:[2017-09-14 20:45:59.490907+00:00] 
[2017-09-14 20:45:49,521: INFO/MainProcess] Received task: main.tasks.add_player[b192b730-0911-43f7-a93f-6ae862a1f555]  ETA:[2017-09-14 20:45:59.492137+00:00] 
[2017-09-14 20:45:49,522: INFO/MainProcess] Received task: main.tasks.add_player[1124ae21-adcc-49ba-86b2-371b36087e16]  ETA:[2017-09-14 20:45:59.493318+00:00] 
[2017-09-14 20:45:49,524: INFO/MainProcess] Received task: main.tasks.add_player[c162e2b7-cc9b-4a3c-b0d9-c3b48b553fa5]  ETA:[2017-09-14 20:45:59.494440+00:00] 
[2017-09-14 20:45:49,528: INFO/MainProcess] Received task: main.tasks.add_player[a22c0835-bdfb-479c-9750-47aa9cb692bc]  ETA:[2017-09-14 20:45:59.495725+00:00] 
[2017-09-14 20:45:49,529: INFO/MainProcess] Received task: main.tasks.add_player[a78af86f-268d-4175-89ed-0d2e1ec28123]  ETA:[2017-09-14 20:45:59.497979+00:00] 
[2017-09-14 20:45:49,530: INFO/MainProcess] Received task: main.tasks.add_player[55f68db4-00a6-46ab-b4a4-b4c8b078c596]  ETA:[2017-09-14 20:45:59.499176+00:00] 
[2017-09-14 20:45:49,531: INFO/MainProcess] Received task: main.tasks.add_player[7db69bd0-ba05-4a21-8a7d-100f2ce60a51]  ETA:[2017-09-14 20:45:59.500296+00:00] 
[2017-09-14 20:45:49,531: INFO/MainProcess] Received task: main.tasks.add_player[938fd9ad-9704-407b-9aed-1072a060db76]  ETA:[2017-09-14 20:45:59.501441+00:00] 
[2017-09-14 20:45:49,532: INFO/MainProcess] Received task: main.tasks.add_player[05c67136-c93c-4de1-8cf5-9b1f8f99620d]  ETA:[2017-09-14 20:45:59.502561+00:00] 
[2017-09-14 20:45:49,937: INFO/MainProcess] Received task: main.tasks.add_player[1f981dd9-43d1-4b0d-9056-9bcf460099d7]  ETA:[2017-09-14 20:45:59.503685+00:00] 
[2017-09-14 20:45:49,938: INFO/MainProcess] Received task: main.tasks.add_player[43960c69-2e7c-409d-82af-91dd68fa479e]  ETA:[2017-09-14 20:45:59.504975+00:00] 
[2017-09-14 20:45:49,940: INFO/MainProcess] Received task: main.tasks.add_player[4352a6b0-5ae8-4db6-86c1-dce4f6721363]  ETA:[2017-09-14 20:45:59.506382+00:00] 
[2017-09-14 20:45:49,941: INFO/MainProcess] Received task: main.tasks.add_player[95631517-6ce1-44fa-aa45-c3c94f2f087a]  ETA:[2017-09-14 20:45:59.507559+00:00] 
[2017-09-14 20:45:49,943: INFO/MainProcess] Received task: main.tasks.add_player[8877bb86-69db-4b1c-8cf6-5095a2072eed]  ETA:[2017-09-14 20:45:59.508675+00:00] 
[2017-09-14 20:45:49,944: INFO/MainProcess] Received task: main.tasks.add_player[38a535d9-f0d0-45f5-9fed-cad6bcd862f8]  ETA:[2017-09-14 20:45:59.511410+00:00] 
[2017-09-14 20:45:49,945: INFO/MainProcess] Received task: main.tasks.add_player[f7f8fc84-3def-4f8d-8a06-adc6ddeb1210]  ETA:[2017-09-14 20:45:59.512980+00:00] 
[2017-09-14 20:45:49,946: INFO/MainProcess] Received task: main.tasks.get_game_actions[46cb23c8-719a-46a3-bfa7-0a1f95f240d2]  ETA:[2017-09-14 20:46:04.515039+00:00] 
[2017-09-14 20:45:59,526: INFO/ForkPoolWorker-3] Player P_116399 already exists in database
[2017-09-14 20:45:59,526: INFO/ForkPoolWorker-2] Player P_83841 already exists in database
[2017-09-14 20:45:59,526: INFO/ForkPoolWorker-4] Player P_136913 already exists in database
[2017-09-14 20:45:59,526: INFO/ForkPoolWorker-1] Player P_38507 already exists in database
[2017-09-14 20:45:59,808: INFO/ForkPoolWorker-1] Task main.tasks.add_player[aca4a510-3645-44aa-9ea0-cb13d198e7ed] succeeded in 0.303473469997698s: True
[2017-09-14 20:45:59,823: INFO/ForkPoolWorker-1] Player P_36775 already exists in database
[2017-09-14 20:45:59,874: INFO/ForkPoolWorker-2] Task main.tasks.add_player[6105f007-b96f-412b-bf1d-6312109e6446] succeeded in 0.3690993130003335s: True
[2017-09-14 20:45:59,874: INFO/ForkPoolWorker-3] Task main.tasks.add_player[6ce29c86-440e-4a19-8d61-761f51040819] succeeded in 0.36933476800186327s: True
[2017-09-14 20:45:59,892: INFO/ForkPoolWorker-2] Player P_68937 already exists in database
[2017-09-14 20:45:59,896: INFO/ForkPoolWorker-3] Player P_50236 already exists in database
[2017-09-14 20:45:59,950: INFO/ForkPoolWorker-4] Task main.tasks.add_player[4ad40744-1bf4-44a9-89e7-b4ce1095f32d] succeeded in 0.4455328309995821s: True
[2017-09-14 20:46:00,006: INFO/ForkPoolWorker-4] Player P_44430 already exists in database
[2017-09-14 20:46:00,198: INFO/ForkPoolWorker-1] Task main.tasks.add_player[03e1cb66-6b56-4f44-b262-313d4e1319df] succeeded in 0.3869084149991977s: True
[2017-09-14 20:46:00,212: INFO/ForkPoolWorker-1] Player P_115801 already exists in database
[2017-09-14 20:46:00,342: INFO/ForkPoolWorker-3] Task main.tasks.add_player[b96a84b4-2281-481d-af4b-1f7e8b9ed79d] succeeded in 0.46378276199902757s: True
[2017-09-14 20:46:00,342: INFO/ForkPoolWorker-2] Task main.tasks.add_player[16911e7c-4909-4d3a-8065-0e92b6c9df8b] succeeded in 0.46616196900140494s: True
[2017-09-14 20:46:00,359: INFO/ForkPoolWorker-3] Player P_69127 already exists in database
[2017-09-14 20:46:00,359: INFO/ForkPoolWorker-2] Player P_50987 already exists in database
[2017-09-14 20:46:00,387: INFO/ForkPoolWorker-4] Task main.tasks.add_player[2f1f9c05-95b9-4d3a-bae1-ec8d545d3a8c] succeeded in 0.4203043890011031s: True
[2017-09-14 20:46:00,413: INFO/ForkPoolWorker-4] Player P_97252 already exists in database
[2017-09-14 20:46:00,721: INFO/ForkPoolWorker-1] Task main.tasks.add_player[b192b730-0911-43f7-a93f-6ae862a1f555] succeeded in 0.5211927580021438s: True
[2017-09-14 20:46:00,736: INFO/ForkPoolWorker-1] Player P_83380 already exists in database
[2017-09-14 20:46:00,754: INFO/ForkPoolWorker-2] Task main.tasks.add_player[c162e2b7-cc9b-4a3c-b0d9-c3b48b553fa5] succeeded in 0.4089010860006965s: True
[2017-09-14 20:46:00,754: INFO/ForkPoolWorker-3] Task main.tasks.add_player[1124ae21-adcc-49ba-86b2-371b36087e16] succeeded in 0.40884098500100663s: True
[2017-09-14 20:46:00,773: INFO/ForkPoolWorker-3] Player P_107536 already exists in database
[2017-09-14 20:46:00,778: INFO/ForkPoolWorker-2] Player P_47063 already exists in database
[2017-09-14 20:46:00,788: INFO/ForkPoolWorker-4] Task main.tasks.add_player[a22c0835-bdfb-479c-9750-47aa9cb692bc] succeeded in 0.398120726000343s: True
[2017-09-14 20:46:00,803: INFO/ForkPoolWorker-4] Player P_54410 already exists in database
[2017-09-14 20:46:00,955: INFO/ForkPoolWorker-1] Task main.tasks.add_player[a78af86f-268d-4175-89ed-0d2e1ec28123] succeeded in 0.23278123300042353s: True
[2017-09-14 20:46:00,972: INFO/ForkPoolWorker-1] Player P_72842 already exists in database
[2017-09-14 20:46:01,189: INFO/ForkPoolWorker-3] Task main.tasks.add_player[55f68db4-00a6-46ab-b4a4-b4c8b078c596] succeeded in 0.43131961900144233s: True
[2017-09-14 20:46:01,190: INFO/ForkPoolWorker-2] Task main.tasks.add_player[7db69bd0-ba05-4a21-8a7d-100f2ce60a51] succeeded in 0.4327610559994355s: True
[2017-09-14 20:46:01,208: INFO/ForkPoolWorker-3] Player P_78120 already exists in database
[2017-09-14 20:46:01,209: INFO/ForkPoolWorker-2] Player P_50076 already exists in database
[2017-09-14 20:46:01,389: INFO/ForkPoolWorker-4] Task main.tasks.add_player[938fd9ad-9704-407b-9aed-1072a060db76] succeeded in 0.5998413809975318s: True
[2017-09-14 20:46:01,406: INFO/ForkPoolWorker-4] Player P_58735 already exists in database
[2017-09-14 20:46:01,591: INFO/ForkPoolWorker-1] Task main.tasks.add_player[05c67136-c93c-4de1-8cf5-9b1f8f99620d] succeeded in 0.6328616290011269s: True
[2017-09-14 20:46:01,608: INFO/ForkPoolWorker-1] Player P_45936 already exists in database
[2017-09-14 20:46:01,659: INFO/ForkPoolWorker-3] Task main.tasks.add_player[1f981dd9-43d1-4b0d-9056-9bcf460099d7] succeeded in 0.4687714719984797s: True
[2017-09-14 20:46:01,659: INFO/ForkPoolWorker-2] Task main.tasks.add_player[43960c69-2e7c-409d-82af-91dd68fa479e] succeeded in 0.4648547510005301s: True
[2017-09-14 20:46:01,679: INFO/ForkPoolWorker-3] Player P_109627 already exists in database
[2017-09-14 20:46:01,680: INFO/ForkPoolWorker-2] Player P_66011 already exists in database
[2017-09-14 20:46:01,704: INFO/ForkPoolWorker-4] Task main.tasks.add_player[4352a6b0-5ae8-4db6-86c1-dce4f6721363] succeeded in 0.3124220999998215s: True
[2017-09-14 20:46:01,720: INFO/ForkPoolWorker-4] Player P_72759 already exists in database
[2017-09-14 20:46:01,983: INFO/ForkPoolWorker-1] Task main.tasks.add_player[95631517-6ce1-44fa-aa45-c3c94f2f087a] succeeded in 0.38995907500066096s: True
[2017-09-14 20:46:02,017: INFO/ForkPoolWorker-2] Task main.tasks.add_player[38a535d9-f0d0-45f5-9fed-cad6bcd862f8] succeeded in 0.35345229199811s: True
[2017-09-14 20:46:02,017: INFO/ForkPoolWorker-3] Task main.tasks.add_player[8877bb86-69db-4b1c-8cf6-5095a2072eed] succeeded in 0.3553022920023068s: True
[2017-09-14 20:46:02,083: INFO/ForkPoolWorker-4] Task main.tasks.add_player[f7f8fc84-3def-4f8d-8a06-adc6ddeb1210] succeeded in 0.3774381769981119s: True
[2017-09-14 20:46:05,970: WARNING/ForkPoolWorker-4] MAKING NEW REQUEST: https://livecache.sportresult.com/node/db/FIBASTATS_PROD/13229_GAMEACTIONS_13556-28-A_Q1_JSON.json?s=534&t=0
[2017-09-14 20:46:06,175: WARNING/ForkPoolWorker-4] MAKING NEW REQUEST: https://livecache.sportresult.com/node/db/FIBASTATS_PROD/13229_GAMEACTIONS_13556-28-A_Q2_JSON.json?s=534&t=0
[2017-09-14 20:46:06,365: WARNING/ForkPoolWorker-4] MAKING NEW REQUEST: https://livecache.sportresult.com/node/db/FIBASTATS_PROD/13229_GAMEACTIONS_13556-28-A_Q3_JSON.json?s=534&t=0
[2017-09-14 20:46:06,554: WARNING/ForkPoolWorker-4] MAKING NEW REQUEST: https://livecache.sportresult.com/node/db/FIBASTATS_PROD/13229_GAMEACTIONS_13556-28-A_Q4_JSON.json?s=534&t=0
[2017-09-14 20:46:06,745: WARNING/ForkPoolWorker-4] BAD RESPONSE
[2017-09-14 20:46:11,259: INFO/ForkPoolWorker-4] Task main.tasks.get_game_actions[46cb23c8-719a-46a3-bfa7-0a1f95f240d2] succeeded in 5.300233023001056s: None
[2017-09-14 20:52:00,267: INFO/MainProcess] Received task: main.tasks.add_player[462e5e0c-79a0-49ff-ad4d-5516cbfc622a]  ETA:[2017-09-14 20:52:10.206860+00:00] 
[2017-09-14 20:52:00,270: INFO/MainProcess] Received task: main.tasks.add_player[d34d32e9-6561-40a8-ab4e-d38e4034162b]  ETA:[2017-09-14 20:52:10.266382+00:00] 
[2017-09-14 20:52:00,272: INFO/MainProcess] Received task: main.tasks.add_player[3ed7fb68-75dd-43cf-8712-b0d50363032c]  ETA:[2017-09-14 20:52:10.268577+00:00] 
[2017-09-14 20:52:00,275: INFO/MainProcess] Received task: main.tasks.add_player[f8e5ff23-d1e3-41d1-8188-7094895f2448]  ETA:[2017-09-14 20:52:10.270819+00:00] 
[2017-09-14 20:52:00,277: INFO/MainProcess] Received task: main.tasks.add_player[277b3d81-79ba-45ca-a61a-c21444faba74]  ETA:[2017-09-14 20:52:10.273011+00:00] 
[2017-09-14 20:52:00,279: INFO/MainProcess] Received task: main.tasks.add_player[1f4b146d-82a0-4187-b0a5-0310ede4ec13]  ETA:[2017-09-14 20:52:10.275114+00:00] 
[2017-09-14 20:52:00,282: INFO/MainProcess] Received task: main.tasks.add_player[8d0b927a-ab41-4747-ac84-66170c96dab2]  ETA:[2017-09-14 20:52:10.277188+00:00] 
[2017-09-14 20:52:00,283: INFO/MainProcess] Received task: main.tasks.add_player[14b94fd4-114b-41a9-b9b9-5c3a87c8536b]  ETA:[2017-09-14 20:52:10.279306+00:00] 
[2017-09-14 20:52:00,286: INFO/MainProcess] Received task: main.tasks.add_player[9b7afed2-a462-4914-adbd-cb23f6b1ebec]  ETA:[2017-09-14 20:52:10.281435+00:00] 
[2017-09-14 20:52:00,289: INFO/MainProcess] Received task: main.tasks.add_player[a1cba505-16c2-4553-af41-95ac8f03c249]  ETA:[2017-09-14 20:52:10.283562+00:00] 
[2017-09-14 20:52:00,293: INFO/MainProcess] Received task: main.tasks.add_player[d06a6239-454a-4032-875e-118f56a7d87e]  ETA:[2017-09-14 20:52:10.286012+00:00] 
[2017-09-14 20:52:00,295: INFO/MainProcess] Received task: main.tasks.add_player[dd7b3505-21a5-47c5-9af7-0a2d9a8af066]  ETA:[2017-09-14 20:52:10.288321+00:00] 
[2017-09-14 20:52:00,297: INFO/MainProcess] Received task: main.tasks.add_player[bf19a477-f9e5-4346-920c-c0f41ff5bd35]  ETA:[2017-09-14 20:52:10.291017+00:00] 
[2017-09-14 20:52:00,300: INFO/MainProcess] Received task: main.tasks.add_player[15e7743a-dae5-4963-b0eb-23e01ee04236]  ETA:[2017-09-14 20:52:10.293301+00:00] 
[2017-09-14 20:52:00,302: INFO/MainProcess] Received task: main.tasks.add_player[8d861fa8-6cc7-4bde-9293-a8e498aa8e4c]  ETA:[2017-09-14 20:52:10.295431+00:00] 
[2017-09-14 20:52:00,304: INFO/MainProcess] Received task: main.tasks.add_player[92419151-c61b-467c-91ae-147ad5e48318]  ETA:[2017-09-14 20:52:10.297514+00:00] 
[2017-09-14 20:52:00,306: INFO/MainProcess] Received task: main.tasks.add_player[f7775e52-bebd-4b88-8eaf-8926bcd9ab5b]  ETA:[2017-09-14 20:52:10.299774+00:00] 
[2017-09-14 20:52:00,309: INFO/MainProcess] Received task: main.tasks.add_player[eda4fbf7-aaa9-48f2-beee-54258bd7970e]  ETA:[2017-09-14 20:52:10.301979+00:00] 
[2017-09-14 20:52:00,311: INFO/MainProcess] Received task: main.tasks.add_player[651207b3-c47b-4e73-84ce-c791f4831649]  ETA:[2017-09-14 20:52:10.304137+00:00] 
[2017-09-14 20:52:00,314: INFO/MainProcess] Received task: main.tasks.add_player[776d811b-ce77-4e58-967d-a472a611810f]  ETA:[2017-09-14 20:52:10.306226+00:00] 
[2017-09-14 20:52:00,316: INFO/MainProcess] Received task: main.tasks.add_player[69d826d9-5f07-4dd7-bb3b-ced50a9368dd]  ETA:[2017-09-14 20:52:10.308312+00:00] 
[2017-09-14 20:52:00,318: INFO/MainProcess] Received task: main.tasks.add_player[bdc305e9-5096-4388-8415-4aec6706848c]  ETA:[2017-09-14 20:52:10.310436+00:00] 
[2017-09-14 20:52:00,320: INFO/MainProcess] Received task: main.tasks.add_player[e6478dac-013b-4256-8630-eb2df0829ec5]  ETA:[2017-09-14 20:52:10.312483+00:00] 
[2017-09-14 20:52:00,321: INFO/MainProcess] Received task: main.tasks.add_player[4e08739c-427b-48cb-a8d6-1b6b385d1205]  ETA:[2017-09-14 20:52:10.314513+00:00] 
[2017-09-14 20:52:00,323: INFO/MainProcess] Received task: main.tasks.get_game_actions[50a5553f-473f-4b2f-935f-d59b6de0b1fd]  ETA:[2017-09-14 20:52:15.316643+00:00] 
[2017-09-14 20:52:10,306: INFO/ForkPoolWorker-2] Player P_50236 already exists in database
[2017-09-14 20:52:10,310: INFO/ForkPoolWorker-3] Player P_109627 already exists in database
[2017-09-14 20:52:10,310: INFO/ForkPoolWorker-1] Player P_50076 already exists in database
[2017-09-14 20:52:10,315: INFO/ForkPoolWorker-4] Player P_66011 already exists in database
[2017-09-14 20:52:10,696: INFO/ForkPoolWorker-3] Task main.tasks.add_player[3ed7fb68-75dd-43cf-8712-b0d50363032c] succeeded in 0.41322810299971025s: True
[2017-09-14 20:52:10,711: INFO/ForkPoolWorker-3] Player P_83841 already exists in database
[2017-09-14 20:52:10,743: INFO/ForkPoolWorker-2] Task main.tasks.add_player[d34d32e9-6561-40a8-ab4e-d38e4034162b] succeeded in 0.47559875099977944s: True
[2017-09-14 20:52:10,743: INFO/ForkPoolWorker-1] Task main.tasks.add_player[462e5e0c-79a0-49ff-ad4d-5516cbfc622a] succeeded in 0.47561281800153665s: True
[2017-09-14 20:52:10,745: INFO/ForkPoolWorker-4] Task main.tasks.add_player[f8e5ff23-d1e3-41d1-8188-7094895f2448] succeeded in 0.4620175259988173s: True
[2017-09-14 20:52:10,768: INFO/ForkPoolWorker-2] Player P_54410 already exists in database
[2017-09-14 20:52:10,770: INFO/ForkPoolWorker-4] Player P_50987 already exists in database
[2017-09-14 20:52:10,773: INFO/ForkPoolWorker-1] Player P_107536 already exists in database
[2017-09-14 20:52:10,967: INFO/ForkPoolWorker-3] Task main.tasks.add_player[277b3d81-79ba-45ca-a61a-c21444faba74] succeeded in 0.26949467300073593s: True
[2017-09-14 20:52:10,982: INFO/ForkPoolWorker-3] Player P_45936 already exists in database
[2017-09-14 20:52:11,466: INFO/ForkPoolWorker-2] Task main.tasks.add_player[8d0b927a-ab41-4747-ac84-66170c96dab2] succeeded in 0.7165947839966975s: True
[2017-09-14 20:52:11,466: INFO/ForkPoolWorker-4] Task main.tasks.add_player[14b94fd4-114b-41a9-b9b9-5c3a87c8536b] succeeded in 0.7151957530004438s: True
[2017-09-14 20:52:11,485: INFO/ForkPoolWorker-2] Player P_69127 already exists in database
[2017-09-14 20:52:11,487: INFO/ForkPoolWorker-4] Player P_72842 already exists in database
[2017-09-14 20:52:11,500: INFO/ForkPoolWorker-1] Task main.tasks.add_player[1f4b146d-82a0-4187-b0a5-0310ede4ec13] succeeded in 0.7505195789999561s: True
[2017-09-14 20:52:11,516: INFO/ForkPoolWorker-1] Player P_97252 already exists in database
[2017-09-14 20:52:11,706: INFO/ForkPoolWorker-3] Task main.tasks.add_player[9b7afed2-a462-4914-adbd-cb23f6b1ebec] succeeded in 0.7354155819994048s: True
[2017-09-14 20:52:11,724: INFO/ForkPoolWorker-3] Player P_115801 already exists in database
[2017-09-14 20:52:11,843: INFO/ForkPoolWorker-2] Task main.tasks.add_player[a1cba505-16c2-4553-af41-95ac8f03c249] succeeded in 0.3741625570000906s: True
[2017-09-14 20:52:11,843: INFO/ForkPoolWorker-4] Task main.tasks.add_player[d06a6239-454a-4032-875e-118f56a7d87e] succeeded in 0.3711093609999807s: True
[2017-09-14 20:52:11,862: INFO/ForkPoolWorker-4] Player P_47063 already exists in database
[2017-09-14 20:52:11,863: INFO/ForkPoolWorker-2] Player P_38507 already exists in database
[2017-09-14 20:52:11,911: INFO/ForkPoolWorker-1] Task main.tasks.add_player[dd7b3505-21a5-47c5-9af7-0a2d9a8af066] succeeded in 0.4094237509998493s: True
[2017-09-14 20:52:11,926: INFO/ForkPoolWorker-1] Player P_72759 already exists in database
[2017-09-14 20:52:12,074: INFO/ForkPoolWorker-3] Task main.tasks.add_player[bf19a477-f9e5-4346-920c-c0f41ff5bd35] succeeded in 0.36363511200033827s: True
[2017-09-14 20:52:12,099: INFO/ForkPoolWorker-3] Player P_36775 already exists in database
[2017-09-14 20:52:12,193: INFO/ForkPoolWorker-4] Task main.tasks.add_player[8d861fa8-6cc7-4bde-9293-a8e498aa8e4c] succeeded in 0.3476293240019004s: True
