[2017-09-16 18:38:33,235: INFO/MainProcess] Connected to amqp://guest:**@127.0.0.1:5672//
[2017-09-16 18:38:33,248: INFO/MainProcess] mingle: searching for neighbors
[2017-09-16 18:38:34,281: INFO/MainProcess] mingle: all alone
[2017-09-16 18:38:34,303: WARNING/MainProcess] /home/netcrime/.virtualenvs/fiba/lib/python3.5/site-packages/celery/fixups/django.py:202: UserWarning: Using settings.DEBUG leads to a memory leak, never use this setting in production environments!
  warnings.warn('Using settings.DEBUG leads to a memory leak, never '
[2017-09-16 18:38:34,303: INFO/MainProcess] celery@povilas ready.
[2017-09-16 18:38:39,191: INFO/MainProcess] Received task: main.tasks.check_playing[6b6a1f97-c468-40b0-8a28-0f00de3299e1]  
[2017-09-16 18:38:39,198: INFO/MainProcess] Received task: main.tasks.check_future[309fc988-dc2f-4489-aa11-86049273e92b]  
[2017-09-16 18:38:39,226: WARNING/ForkPoolWorker-4] MAKING NEW REQUEST: https://livecache.sportresult.com/node/db/FIBASTATS_PROD/13229_GAMEACTIONS_13559-32-A_Q1_JSON.json?s=534&t=0
[2017-09-16 18:38:39,230: INFO/ForkPoolWorker-1] Checking for games in PLAYING state. FOUND: 0
[2017-09-16 18:38:39,270: INFO/ForkPoolWorker-1] Task main.tasks.check_playing[6b6a1f97-c468-40b0-8a28-0f00de3299e1] succeeded in 0.0769476250061416s: None
[2017-09-16 18:38:39,396: WARNING/ForkPoolWorker-4] MAKING NEW REQUEST: https://livecache.sportresult.com/node/db/FIBASTATS_PROD/13229_GAME_13559-32-A_JSON.json?s=534&t=0
[2017-09-16 18:38:39,576: WARNING/ForkPoolWorker-4] MAKING NEW REQUEST: https://livecache.sportresult.com/node/db/FIBASTATS_PROD/13229_GAME_13559-32-A_JSON.json?s=534&t=0
[2017-09-16 18:38:39,728: WARNING/ForkPoolWorker-4] MAKING NEW REQUEST: https://livecache.sportresult.com/node/db/FIBASTATS_PROD/13229_STANDINGDATA_JSON.json?s=534&t=0
[2017-09-16 18:38:39,886: WARNING/ForkPoolWorker-4] MAKING NEW REQUEST: https://livecache.sportresult.com/node/db/FIBASTATS_PROD/13229_COMPDETAILS_13559-32-A_JSON.json?s=534&t=0
[2017-09-16 18:38:40,046: INFO/ForkPoolWorker-4] Player P_100239712 already exists in database
[2017-09-16 18:38:40,046: INFO/ForkPoolWorker-4] Task main.tasks.add_player[e8098855-6748-4432-a0cd-bd2781fdfd2f] succeeded in 0.004899842002487276s: True
[2017-09-16 18:38:40,054: INFO/ForkPoolWorker-4] Task main.tasks.add_player[297ac82f-860a-47c9-b64f-7f5dce9b0ee3] succeeded in 0.006976612996368203s: True
[2017-09-16 18:38:40,058: INFO/ForkPoolWorker-4] Player P_60269 already exists in database
[2017-09-16 18:38:40,058: INFO/ForkPoolWorker-4] Task main.tasks.add_player[785d229d-6049-425b-9039-7a68af7b63a9] succeeded in 0.0038085980049800128s: True
[2017-09-16 18:38:40,065: INFO/ForkPoolWorker-4] Task main.tasks.add_player[014fb1b8-6c55-4396-8298-ae8d234c0916] succeeded in 0.006395679003617261s: True
[2017-09-16 18:38:40,068: INFO/ForkPoolWorker-4] Player P_58481 already exists in database
[2017-09-16 18:38:40,068: INFO/ForkPoolWorker-4] Task main.tasks.add_player[6ca734d0-976b-429e-bac4-428c3aba6027] succeeded in 0.0023045569978421554s: True
[2017-09-16 18:38:40,070: INFO/ForkPoolWorker-4] Player P_110353 already exists in database
[2017-09-16 18:38:40,071: INFO/ForkPoolWorker-4] Task main.tasks.add_player[9d198289-38a7-46a4-8d19-3fd633b4154c] succeeded in 0.0020527469969238155s: True
[2017-09-16 18:38:40,075: INFO/ForkPoolWorker-4] Task main.tasks.add_player[e39b9396-b0f4-498f-b8a8-e0bfd220928e] succeeded in 0.003608031001931522s: True
[2017-09-16 18:38:40,079: INFO/ForkPoolWorker-4] Task main.tasks.add_player[ef6a9ee7-ad11-4ca9-97e1-f4a0cde755bb] succeeded in 0.0037696199942729436s: True
[2017-09-16 18:38:40,085: INFO/ForkPoolWorker-4] Task main.tasks.add_player[dec00e7c-e6bb-4c5d-850a-2fc3a1820a30] succeeded in 0.005093859996122774s: True
[2017-09-16 18:38:40,088: INFO/ForkPoolWorker-4] Player P_49865 already exists in database
[2017-09-16 18:38:40,089: INFO/ForkPoolWorker-4] Task main.tasks.add_player[35bdb822-222c-47f7-ae7b-fb5d0f7e3046] succeeded in 0.003581573997507803s: True
[2017-09-16 18:38:40,092: INFO/ForkPoolWorker-4] Player P_60267 already exists in database
[2017-09-16 18:38:40,093: INFO/ForkPoolWorker-4] Task main.tasks.add_player[04d9e24e-970f-4240-a5f7-9334c499ed6e] succeeded in 0.0032960059979814105s: True
[2017-09-16 18:38:40,101: INFO/ForkPoolWorker-4] Task main.tasks.add_player[85f7a498-c5de-4267-8e0c-77e55ca2ecf1] succeeded in 0.007518039004935417s: True
[2017-09-16 18:38:40,107: INFO/ForkPoolWorker-4] Player P_58482 already exists in database
[2017-09-16 18:38:40,107: INFO/ForkPoolWorker-4] Task main.tasks.add_player[7fb48db6-13d9-4d1b-846b-dc9b47febb79] succeeded in 0.005400546004239004s: True
[2017-09-16 18:38:40,113: INFO/ForkPoolWorker-4] Player P_56386 already exists in database
[2017-09-16 18:38:40,114: INFO/ForkPoolWorker-4] Task main.tasks.add_player[80cc4eb0-ddd2-41ed-83d0-22a310cf63e8] succeeded in 0.006008958000165876s: True
[2017-09-16 18:38:40,121: INFO/ForkPoolWorker-4] Task main.tasks.add_player[74a6b67b-1b0e-47fd-a228-b9549c64a056] succeeded in 0.006505917997856159s: True
[2017-09-16 18:38:40,129: INFO/ForkPoolWorker-4] Player P_50637 already exists in database
[2017-09-16 18:38:40,129: INFO/ForkPoolWorker-4] Task main.tasks.add_player[983a8844-6499-4807-9d23-7be2e1179e2b] succeeded in 0.0077347330006887205s: True
[2017-09-16 18:38:40,132: INFO/ForkPoolWorker-4] Player P_49869 already exists in database
[2017-09-16 18:38:40,133: INFO/ForkPoolWorker-4] Task main.tasks.add_player[251fa8ad-3f4e-4fa9-879f-f1ddc5083554] succeeded in 0.002817141001287382s: True
[2017-09-16 18:38:40,138: INFO/ForkPoolWorker-4] Task main.tasks.add_player[a00a4215-6cbe-4578-858a-f64aa7611f73] succeeded in 0.0045105619938112795s: True
[2017-09-16 18:38:40,141: INFO/ForkPoolWorker-4] Player P_120616 already exists in database
[2017-09-16 18:38:40,141: INFO/ForkPoolWorker-4] Task main.tasks.add_player[b4122710-1292-4312-b024-4e9d085ee903] succeeded in 0.0027128849978907965s: True
[2017-09-16 18:38:40,146: INFO/ForkPoolWorker-4] Task main.tasks.add_player[cb700273-1252-4c26-84dd-714573d012e9] succeeded in 0.004358174002845772s: True
[2017-09-16 18:38:40,151: INFO/ForkPoolWorker-4] Task main.tasks.add_player[56662a76-2205-439f-8c2f-80ba5ffb74bd] succeeded in 0.004779926995979622s: True
[2017-09-16 18:38:40,154: INFO/ForkPoolWorker-4] Player P_100239582 already exists in database
[2017-09-16 18:38:40,155: INFO/ForkPoolWorker-4] Task main.tasks.add_player[ca595279-6d96-474a-b43f-f0e347d4cb31] succeeded in 0.00300031500228215s: True
[2017-09-16 18:38:40,159: INFO/ForkPoolWorker-4] Player P_83847 already exists in database
[2017-09-16 18:38:40,159: INFO/ForkPoolWorker-4] Task main.tasks.add_player[cc1838c4-f34d-47df-a688-96bc146eb3c6] succeeded in 0.004004214999440592s: True
[2017-09-16 18:38:40,167: INFO/ForkPoolWorker-4] Player P_100239664 already exists in database
[2017-09-16 18:38:40,167: INFO/ForkPoolWorker-4] Task main.tasks.add_player[e3d5fe76-1448-49f4-a541-bb07c5696734] succeeded in 0.007126371005142573s: True
[2017-09-16 18:38:40,227: INFO/ForkPoolWorker-4] Task main.tasks.check_future[309fc988-dc2f-4489-aa11-86049273e92b] succeeded in 1.028042818994436s: None
[2017-09-16 18:38:49,198: INFO/MainProcess] Received task: main.tasks.check_future[e4058ae6-18fd-4a9b-a89b-f33dccb74f6b]  
[2017-09-16 18:38:49,203: INFO/MainProcess] Received task: main.tasks.check_playing[add2eca2-7cd5-4628-bd25-70fd85fe37b5]  
[2017-09-16 18:38:49,216: INFO/ForkPoolWorker-4] Checking for games in PLAYING state. FOUND: 1
[2017-09-16 18:38:49,223: INFO/MainProcess] Received task: main.tasks.update_game_info[230e2896-9601-44e8-ab34-53fec920df6e]  
[2017-09-16 18:38:49,225: INFO/ForkPoolWorker-1] Task main.tasks.check_future[e4058ae6-18fd-4a9b-a89b-f33dccb74f6b] succeeded in 0.025330632997793145s: None
[2017-09-16 18:38:49,225: INFO/MainProcess] Received task: main.tasks.get_game_actions[df2bd8aa-d14d-4a0d-a1a1-263bd57cfd8a]  
[2017-09-16 18:38:49,240: INFO/ForkPoolWorker-4] Task main.tasks.check_playing[add2eca2-7cd5-4628-bd25-70fd85fe37b5] succeeded in 0.035723481996683404s: None
[2017-09-16 18:38:49,243: INFO/ForkPoolWorker-1] Updating game information. GAME: 13229&13559-32-A
[2017-09-16 18:38:49,243: WARNING/ForkPoolWorker-1] MAKING NEW REQUEST: https://livecache.sportresult.com/node/db/FIBASTATS_PROD/13229_GAME_13559-32-A_JSON.json?s=534&t=0
[2017-09-16 18:38:49,249: WARNING/ForkPoolWorker-3] MAKING NEW REQUEST: https://livecache.sportresult.com/node/db/FIBASTATS_PROD/13229_GAMEACTIONS_13559-32-A_Q4_JSON.json?s=534&t=0
[2017-09-16 18:38:49,431: INFO/ForkPoolWorker-1] Task main.tasks.update_game_info[230e2896-9601-44e8-ab34-53fec920df6e] succeeded in 0.2048109229945112s: None
[2017-09-16 18:38:49,455: INFO/ForkPoolWorker-3] ACTION ID: 478 ALL ACTIONS: <QuerySet []>
[2017-09-16 18:38:49,463: INFO/ForkPoolWorker-3] ACTION ID: 479 ALL ACTIONS: <QuerySet []>
[2017-09-16 18:38:49,467: INFO/ForkPoolWorker-3] ACTION ID: 480 ALL ACTIONS: <QuerySet []>
[2017-09-16 18:38:49,471: INFO/ForkPoolWorker-3] ACTION ID: 481 ALL ACTIONS: <QuerySet []>
[2017-09-16 18:38:49,475: INFO/ForkPoolWorker-3] ACTION ID: 482 ALL ACTIONS: <QuerySet []>
[2017-09-16 18:38:49,479: INFO/ForkPoolWorker-3] ACTION ID: 484 ALL ACTIONS: <QuerySet []>
[2017-09-16 18:38:49,484: INFO/ForkPoolWorker-3] ACTION ID: 487 ALL ACTIONS: <QuerySet []>
[2017-09-16 18:38:49,489: INFO/ForkPoolWorker-3] ACTION ID: 488 ALL ACTIONS: <QuerySet []>
[2017-09-16 18:38:49,493: INFO/ForkPoolWorker-3] ACTION ID: 490 ALL ACTIONS: <QuerySet []>
[2017-09-16 18:38:49,500: INFO/ForkPoolWorker-3] ACTION ID: 491 ALL ACTIONS: <QuerySet []>
[2017-09-16 18:38:49,504: INFO/ForkPoolWorker-3] ACTION ID: 492 ALL ACTIONS: <QuerySet []>
[2017-09-16 18:38:49,509: INFO/ForkPoolWorker-3] ACTION ID: 493 ALL ACTIONS: <QuerySet []>
[2017-09-16 18:38:49,513: INFO/ForkPoolWorker-3] ACTION ID: 495 ALL ACTIONS: <QuerySet []>
[2017-09-16 18:38:49,524: INFO/ForkPoolWorker-3] ACTION ID: 496 ALL ACTIONS: <QuerySet []>
[2017-09-16 18:38:49,529: INFO/ForkPoolWorker-3] ACTION ID: 497 ALL ACTIONS: <QuerySet []>
[2017-09-16 18:38:49,536: INFO/ForkPoolWorker-3] ACTION ID: 499 ALL ACTIONS: <QuerySet []>
[2017-09-16 18:38:49,540: INFO/ForkPoolWorker-3] ACTION ID: 500 ALL ACTIONS: <QuerySet []>
[2017-09-16 18:38:49,545: INFO/ForkPoolWorker-3] ACTION ID: 501 ALL ACTIONS: <QuerySet []>
[2017-09-16 18:38:49,549: INFO/ForkPoolWorker-3] ACTION ID: 502 ALL ACTIONS: <QuerySet []>
[2017-09-16 18:38:49,552: INFO/ForkPoolWorker-3] ACTION ID: 504 ALL ACTIONS: <QuerySet []>
[2017-09-16 18:38:49,556: INFO/ForkPoolWorker-3] ACTION ID: 505 ALL ACTIONS: <QuerySet []>
[2017-09-16 18:38:49,567: INFO/ForkPoolWorker-3] ACTION ID: 506 ALL ACTIONS: <QuerySet []>
[2017-09-16 18:38:49,572: INFO/ForkPoolWorker-3] ACTION ID: 508 ALL ACTIONS: <QuerySet []>
[2017-09-16 18:38:49,581: INFO/ForkPoolWorker-3] ACTION ID: 509 ALL ACTIONS: <QuerySet []>
[2017-09-16 18:38:49,585: INFO/ForkPoolWorker-3] ACTION ID: 511 ALL ACTIONS: <QuerySet []>
[2017-09-16 18:38:49,589: INFO/ForkPoolWorker-3] ACTION ID: 512 ALL ACTIONS: <QuerySet []>
[2017-09-16 18:38:49,594: INFO/ForkPoolWorker-3] ACTION ID: 513 ALL ACTIONS: <QuerySet []>
[2017-09-16 18:38:49,604: INFO/ForkPoolWorker-3] ACTION ID: 514 ALL ACTIONS: <QuerySet []>
[2017-09-16 18:38:49,608: INFO/ForkPoolWorker-3] ACTION ID: 516 ALL ACTIONS: <QuerySet []>
[2017-09-16 18:38:49,612: INFO/ForkPoolWorker-3] ACTION ID: 517 ALL ACTIONS: <QuerySet []>
[2017-09-16 18:38:49,616: INFO/ForkPoolWorker-3] ACTION ID: 518 ALL ACTIONS: <QuerySet []>
[2017-09-16 18:38:49,627: INFO/ForkPoolWorker-3] ACTION ID: 519 ALL ACTIONS: <QuerySet []>
[2017-09-16 18:38:49,631: INFO/ForkPoolWorker-3] ACTION ID: 521 ALL ACTIONS: <QuerySet []>
[2017-09-16 18:38:49,636: INFO/ForkPoolWorker-3] ACTION ID: 523 ALL ACTIONS: <QuerySet []>
[2017-09-16 18:38:49,641: INFO/ForkPoolWorker-3] ACTION ID: 524 ALL ACTIONS: <QuerySet []>
[2017-09-16 18:38:49,645: INFO/ForkPoolWorker-3] ACTION ID: 525 ALL ACTIONS: <QuerySet []>
[2017-09-16 18:38:49,649: INFO/ForkPoolWorker-3] ACTION ID: 527 ALL ACTIONS: <QuerySet []>
[2017-09-16 18:38:49,653: INFO/ForkPoolWorker-3] ACTION ID: 528 ALL ACTIONS: <QuerySet []>
[2017-09-16 18:38:49,657: INFO/ForkPoolWorker-3] ACTION ID: 530 ALL ACTIONS: <QuerySet []>
[2017-09-16 18:38:49,661: INFO/ForkPoolWorker-3] ACTION ID: 531 ALL ACTIONS: <QuerySet []>
[2017-09-16 18:38:49,665: INFO/ForkPoolWorker-3] ACTION ID: 532 ALL ACTIONS: <QuerySet []>
[2017-09-16 18:38:49,669: INFO/ForkPoolWorker-3] ACTION ID: 533 ALL ACTIONS: <QuerySet []>
[2017-09-16 18:38:49,673: INFO/ForkPoolWorker-3] ACTION ID: 535 ALL ACTIONS: <QuerySet []>
[2017-09-16 18:38:49,677: INFO/ForkPoolWorker-3] ACTION ID: 539 ALL ACTIONS: <QuerySet []>
[2017-09-16 18:38:49,681: INFO/ForkPoolWorker-3] ACTION ID: 540 ALL ACTIONS: <QuerySet []>
[2017-09-16 18:38:49,685: INFO/ForkPoolWorker-3] ACTION ID: 541 ALL ACTIONS: <QuerySet []>
[2017-09-16 18:38:49,691: INFO/ForkPoolWorker-3] ACTION ID: 543 ALL ACTIONS: <QuerySet []>
[2017-09-16 18:38:49,696: INFO/ForkPoolWorker-3] ACTION ID: 544 ALL ACTIONS: <QuerySet []>
[2017-09-16 18:38:49,699: INFO/ForkPoolWorker-3] ACTION ID: 547 ALL ACTIONS: <QuerySet []>
[2017-09-16 18:38:49,707: INFO/ForkPoolWorker-3] ACTION ID: 548 ALL ACTIONS: <QuerySet []>
[2017-09-16 18:38:49,712: INFO/ForkPoolWorker-3] ACTION ID: 549 ALL ACTIONS: <QuerySet []>
[2017-09-16 18:38:49,722: INFO/ForkPoolWorker-3] ACTION ID: 551 ALL ACTIONS: <QuerySet []>
[2017-09-16 18:38:49,727: INFO/ForkPoolWorker-3] ACTION ID: 552 ALL ACTIONS: <QuerySet []>
[2017-09-16 18:38:49,730: INFO/ForkPoolWorker-3] ACTION ID: 553 ALL ACTIONS: <QuerySet []>
[2017-09-16 18:38:49,735: INFO/ForkPoolWorker-3] ACTION ID: 554 ALL ACTIONS: <QuerySet []>
[2017-09-16 18:38:49,739: INFO/ForkPoolWorker-3] ACTION ID: 555 ALL ACTIONS: <QuerySet []>
[2017-09-16 18:38:49,745: INFO/ForkPoolWorker-3] ACTION ID: 557 ALL ACTIONS: <QuerySet []>
[2017-09-16 18:38:49,749: INFO/ForkPoolWorker-3] ACTION ID: 558 ALL ACTIONS: <QuerySet []>
[2017-09-16 18:38:49,753: INFO/ForkPoolWorker-3] ACTION ID: 560 ALL ACTIONS: <QuerySet []>
[2017-09-16 18:38:49,758: INFO/ForkPoolWorker-3] ACTION ID: 561 ALL ACTIONS: <QuerySet []>
[2017-09-16 18:38:49,761: INFO/ForkPoolWorker-3] ACTION ID: 565 ALL ACTIONS: <QuerySet []>
[2017-09-16 18:38:49,765: INFO/ForkPoolWorker-3] ACTION ID: 566 ALL ACTIONS: <QuerySet []>
[2017-09-16 18:38:49,768: INFO/ForkPoolWorker-3] ACTION ID: 567 ALL ACTIONS: <QuerySet []>
[2017-09-16 18:38:49,772: INFO/ForkPoolWorker-3] ACTION ID: 568 ALL ACTIONS: <QuerySet []>
[2017-09-16 18:38:49,776: INFO/ForkPoolWorker-3] ACTION ID: 570 ALL ACTIONS: <QuerySet []>
[2017-09-16 18:38:49,780: INFO/ForkPoolWorker-3] ACTION ID: 571 ALL ACTIONS: <QuerySet []>
[2017-09-16 18:38:49,785: INFO/ForkPoolWorker-3] ACTION ID: 572 ALL ACTIONS: <QuerySet []>
[2017-09-16 18:38:49,789: INFO/ForkPoolWorker-3] ACTION ID: 573 ALL ACTIONS: <QuerySet []>
[2017-09-16 18:38:49,793: INFO/ForkPoolWorker-3] ACTION ID: 575 ALL ACTIONS: <QuerySet []>
[2017-09-16 18:38:49,804: INFO/ForkPoolWorker-3] ACTION ID: 576 ALL ACTIONS: <QuerySet []>
[2017-09-16 18:38:49,808: INFO/ForkPoolWorker-3] ACTION ID: 577 ALL ACTIONS: <QuerySet []>
[2017-09-16 18:38:49,819: INFO/ForkPoolWorker-3] ACTION ID: 578 ALL ACTIONS: <QuerySet []>
[2017-09-16 18:38:49,822: INFO/ForkPoolWorker-3] ACTION ID: 579 ALL ACTIONS: <QuerySet []>
[2017-09-16 18:38:49,826: INFO/ForkPoolWorker-3] ACTION ID: 580 ALL ACTIONS: <QuerySet []>
[2017-09-16 18:38:49,836: INFO/ForkPoolWorker-3] ACTION ID: 581 ALL ACTIONS: <QuerySet []>
[2017-09-16 18:38:49,841: INFO/ForkPoolWorker-3] ACTION ID: 583 ALL ACTIONS: <QuerySet []>
[2017-09-16 18:38:49,845: INFO/ForkPoolWorker-3] ACTION ID: 584 ALL ACTIONS: <QuerySet []>
[2017-09-16 18:38:49,850: INFO/ForkPoolWorker-3] ACTION ID: 585 ALL ACTIONS: <QuerySet []>
[2017-09-16 18:38:49,854: INFO/ForkPoolWorker-3] ACTION ID: 586 ALL ACTIONS: <QuerySet []>
[2017-09-16 18:38:49,858: INFO/ForkPoolWorker-3] ACTION ID: 591 ALL ACTIONS: <QuerySet []>
[2017-09-16 18:38:49,862: INFO/ForkPoolWorker-3] ACTION ID: 592 ALL ACTIONS: <QuerySet []>
[2017-09-16 18:38:49,866: INFO/ForkPoolWorker-3] ACTION ID: 593 ALL ACTIONS: <QuerySet []>
[2017-09-16 18:38:49,870: INFO/ForkPoolWorker-3] ACTION ID: 594 ALL ACTIONS: <QuerySet []>
[2017-09-16 18:38:49,873: INFO/ForkPoolWorker-3] ACTION ID: 596 ALL ACTIONS: <QuerySet []>
[2017-09-16 18:38:49,877: INFO/ForkPoolWorker-3] ACTION ID: 597 ALL ACTIONS: <QuerySet []>
[2017-09-16 18:38:49,882: INFO/ForkPoolWorker-3] ACTION ID: 598 ALL ACTIONS: <QuerySet []>
[2017-09-16 18:38:49,887: INFO/ForkPoolWorker-3] ACTION ID: 600 ALL ACTIONS: <QuerySet []>
[2017-09-16 18:38:49,925: INFO/ForkPoolWorker-3] Task main.tasks.get_game_actions[df2bd8aa-d14d-4a0d-a1a1-263bd57cfd8a] succeeded in 0.6979210009958479s: None
[2017-09-16 18:38:59,204: INFO/MainProcess] Received task: main.tasks.check_playing[f44f806d-28d0-4119-a506-70759855e5c9]  
[2017-09-16 18:38:59,209: INFO/MainProcess] Received task: main.tasks.check_future[e720117d-a66d-44ef-9f32-2d108e4697ca]  
[2017-09-16 18:38:59,221: INFO/ForkPoolWorker-1] Checking for games in PLAYING state. FOUND: 1
[2017-09-16 18:38:59,233: INFO/MainProcess] Received task: main.tasks.update_game_info[6ae981c0-764a-4f59-8a2d-022661757854]  
[2017-09-16 18:38:59,234: INFO/MainProcess] Received task: main.tasks.get_game_actions[31560540-89e9-4aec-9969-0810181a931b]  
[2017-09-16 18:38:59,248: INFO/ForkPoolWorker-4] Task main.tasks.check_future[e720117d-a66d-44ef-9f32-2d108e4697ca] succeeded in 0.038377903001673985s: None
[2017-09-16 18:38:59,248: INFO/ForkPoolWorker-3] Updating game information. GAME: 13229&13559-32-A
[2017-09-16 18:38:59,248: WARNING/ForkPoolWorker-3] MAKING NEW REQUEST: https://livecache.sportresult.com/node/db/FIBASTATS_PROD/13229_GAME_13559-32-A_JSON.json?s=534&t=0
[2017-09-16 18:38:59,254: INFO/ForkPoolWorker-1] Task main.tasks.check_playing[f44f806d-28d0-4119-a506-70759855e5c9] succeeded in 0.04928527199808741s: None
[2017-09-16 18:38:59,263: WARNING/ForkPoolWorker-2] MAKING NEW REQUEST: https://livecache.sportresult.com/node/db/FIBASTATS_PROD/13229_GAMEACTIONS_13559-32-A_Q4_JSON.json?s=534&t=0
[2017-09-16 18:38:59,528: INFO/ForkPoolWorker-2] Task main.tasks.get_game_actions[31560540-89e9-4aec-9969-0810181a931b] succeeded in 0.2923100179978064s: None
[2017-09-16 18:38:59,545: INFO/ForkPoolWorker-3] Task main.tasks.update_game_info[6ae981c0-764a-4f59-8a2d-022661757854] succeeded in 0.3102810769996722s: None
[2017-09-16 18:39:09,211: INFO/MainProcess] Received task: main.tasks.check_future[b98122be-9d7f-4307-a55a-780237df19ea]  
[2017-09-16 18:39:09,218: INFO/MainProcess] Received task: main.tasks.check_playing[2ba57450-14e5-4206-8d8a-f9561cd62d9c]  
[2017-09-16 18:39:09,230: INFO/ForkPoolWorker-4] Checking for games in PLAYING state. FOUND: 1
[2017-09-16 18:39:09,232: INFO/MainProcess] Received task: main.tasks.update_game_info[0af1a511-2a96-452b-b9bc-588382595fd5]  
[2017-09-16 18:39:09,233: INFO/MainProcess] Received task: main.tasks.get_game_actions[97675f05-56f7-4eba-bb75-4ba22c953135]  
[2017-09-16 18:39:09,247: INFO/ForkPoolWorker-1] Task main.tasks.check_future[b98122be-9d7f-4307-a55a-780237df19ea] succeeded in 0.03484544700040715s: None
[2017-09-16 18:39:09,247: INFO/ForkPoolWorker-3] Updating game information. GAME: 13229&13559-32-A
[2017-09-16 18:39:09,248: WARNING/ForkPoolWorker-3] MAKING NEW REQUEST: https://livecache.sportresult.com/node/db/FIBASTATS_PROD/13229_GAME_13559-32-A_JSON.json?s=534&t=0
[2017-09-16 18:39:09,250: WARNING/ForkPoolWorker-2] MAKING NEW REQUEST: https://livecache.sportresult.com/node/db/FIBASTATS_PROD/13229_GAMEACTIONS_13559-32-A_Q4_JSON.json?s=534&t=0
[2017-09-16 18:39:09,253: INFO/ForkPoolWorker-4] Task main.tasks.check_playing[2ba57450-14e5-4206-8d8a-f9561cd62d9c] succeeded in 0.034757481997075956s: None
[2017-09-16 18:39:09,434: INFO/ForkPoolWorker-2] Task main.tasks.get_game_actions[97675f05-56f7-4eba-bb75-4ba22c953135] succeeded in 0.19961417100421386s: None
[2017-09-16 18:39:09,474: INFO/ForkPoolWorker-3] Task main.tasks.update_game_info[0af1a511-2a96-452b-b9bc-588382595fd5] succeeded in 0.23952917299902765s: None
[2017-09-16 18:39:19,236: INFO/MainProcess] Received task: main.tasks.check_playing[65869260-5cf6-4d61-a77e-b9f4973e9bd5]  
[2017-09-16 18:39:19,246: INFO/MainProcess] Received task: main.tasks.check_future[b1cc9294-b537-49fd-9756-8a4cf84c77ad]  
[2017-09-16 18:39:19,253: INFO/ForkPoolWorker-1] Checking for games in PLAYING state. FOUND: 1
[2017-09-16 18:39:19,259: INFO/MainProcess] Received task: main.tasks.update_game_info[ac255473-e2dd-423e-836d-10a86d71d422]  
[2017-09-16 18:39:19,260: INFO/MainProcess] Received task: main.tasks.get_game_actions[9b8fc650-6aa4-4330-b763-396ee1d66f35]  
[2017-09-16 18:39:19,273: INFO/ForkPoolWorker-3] Updating game information. GAME: 13229&13559-32-A
[2017-09-16 18:39:19,273: WARNING/ForkPoolWorker-3] MAKING NEW REQUEST: https://livecache.sportresult.com/node/db/FIBASTATS_PROD/13229_GAME_13559-32-A_JSON.json?s=534&t=0
[2017-09-16 18:39:19,279: WARNING/ForkPoolWorker-2] MAKING NEW REQUEST: https://livecache.sportresult.com/node/db/FIBASTATS_PROD/13229_GAMEACTIONS_13559-32-A_Q4_JSON.json?s=534&t=0
[2017-09-16 18:39:19,306: INFO/ForkPoolWorker-1] Task main.tasks.check_playing[65869260-5cf6-4d61-a77e-b9f4973e9bd5] succeeded in 0.06837322100182064s: None
[2017-09-16 18:39:19,336: INFO/ForkPoolWorker-4] Task main.tasks.check_future[b1cc9294-b537-49fd-9756-8a4cf84c77ad] succeeded in 0.08987884900125209s: None
[2017-09-16 18:39:19,474: INFO/ForkPoolWorker-2] ACTION ID: 602 ALL ACTIONS: <QuerySet [600, 598, 597, 596, 594, 593, 592, 591, 586, 585, 584, 583, 581, 580, 579, 578, 577, 576, 575, 573, '...(remaining elements truncated)...']>
[2017-09-16 18:39:19,487: INFO/ForkPoolWorker-2] ACTION ID: 603 ALL ACTIONS: <QuerySet [600, 598, 597, 596, 594, 593, 592, 591, 586, 585, 584, 583, 581, 580, 579, 578, 577, 576, 575, 573, '...(remaining elements truncated)...']>
[2017-09-16 18:39:19,505: INFO/ForkPoolWorker-3] Task main.tasks.update_game_info[ac255473-e2dd-423e-836d-10a86d71d422] succeeded in 0.24518357700435445s: None
[2017-09-16 18:39:19,519: INFO/ForkPoolWorker-2] Task main.tasks.get_game_actions[9b8fc650-6aa4-4330-b763-396ee1d66f35] succeeded in 0.258348516006663s: None
[2017-09-16 18:39:29,240: INFO/MainProcess] Received task: main.tasks.check_future[a27f8400-d121-48bb-b486-c88cdf7cb30a]  
[2017-09-16 18:39:29,247: INFO/MainProcess] Received task: main.tasks.check_playing[163b7956-cae7-49dd-9263-304198d96d17]  
[2017-09-16 18:39:29,259: INFO/ForkPoolWorker-4] Checking for games in PLAYING state. FOUND: 1
[2017-09-16 18:39:29,262: INFO/MainProcess] Received task: main.tasks.update_game_info[de841224-d8e1-4469-a220-f07670423bcc]  
[2017-09-16 18:39:29,265: INFO/MainProcess] Received task: main.tasks.get_game_actions[82df9a3f-1953-499a-ae1c-d1345deeb61f]  
[2017-09-16 18:39:29,272: INFO/ForkPoolWorker-1] Task main.tasks.check_future[a27f8400-d121-48bb-b486-c88cdf7cb30a] succeeded in 0.0315941670050961s: None
[2017-09-16 18:39:29,282: WARNING/ForkPoolWorker-2] MAKING NEW REQUEST: https://livecache.sportresult.com/node/db/FIBASTATS_PROD/13229_GAMEACTIONS_13559-32-A_Q4_JSON.json?s=534&t=0
[2017-09-16 18:39:29,286: INFO/ForkPoolWorker-4] Task main.tasks.check_playing[163b7956-cae7-49dd-9263-304198d96d17] succeeded in 0.03844670599937672s: None
[2017-09-16 18:39:29,293: INFO/ForkPoolWorker-3] Updating game information. GAME: 13229&13559-32-A
[2017-09-16 18:39:29,293: WARNING/ForkPoolWorker-3] MAKING NEW REQUEST: https://livecache.sportresult.com/node/db/FIBASTATS_PROD/13229_GAME_13559-32-A_JSON.json?s=534&t=0
[2017-09-16 18:39:29,490: INFO/ForkPoolWorker-3] Task main.tasks.update_game_info[de841224-d8e1-4469-a220-f07670423bcc] succeeded in 0.2263801310036797s: None
[2017-09-16 18:39:29,560: INFO/ForkPoolWorker-2] Task main.tasks.get_game_actions[82df9a3f-1953-499a-ae1c-d1345deeb61f] succeeded in 0.29072127700055717s: None
[2017-09-16 18:39:39,244: INFO/MainProcess] Received task: main.tasks.check_playing[f6f3a3e4-d30b-4a12-84a0-213db539ff34]  
[2017-09-16 18:39:39,251: INFO/MainProcess] Received task: main.tasks.check_future[48c3a905-3af9-41ea-8eb5-19d4dc5fec90]  
[2017-09-16 18:39:39,258: INFO/ForkPoolWorker-1] Checking for games in PLAYING state. FOUND: 1
[2017-09-16 18:39:39,261: INFO/MainProcess] Received task: main.tasks.update_game_info[31b19206-d82e-43a0-bb45-6655eac2c9cb]  
[2017-09-16 18:39:39,265: INFO/MainProcess] Received task: main.tasks.get_game_actions[bf315332-b5d0-4eae-94a4-f28a335ca34f]  
[2017-09-16 18:39:39,273: INFO/ForkPoolWorker-3] Updating game information. GAME: 13229&13559-32-A
[2017-09-16 18:39:39,273: WARNING/ForkPoolWorker-3] MAKING NEW REQUEST: https://livecache.sportresult.com/node/db/FIBASTATS_PROD/13229_GAME_13559-32-A_JSON.json?s=534&t=0
[2017-09-16 18:39:39,278: WARNING/ForkPoolWorker-2] MAKING NEW REQUEST: https://livecache.sportresult.com/node/db/FIBASTATS_PROD/13229_GAMEACTIONS_13559-32-A_Q4_JSON.json?s=534&t=0
[2017-09-16 18:39:39,291: INFO/ForkPoolWorker-1] Task main.tasks.check_playing[f6f3a3e4-d30b-4a12-84a0-213db539ff34] succeeded in 0.04596955599845387s: None
[2017-09-16 18:39:39,295: INFO/ForkPoolWorker-4] Task main.tasks.check_future[48c3a905-3af9-41ea-8eb5-19d4dc5fec90] succeeded in 0.04312719500012463s: None
[2017-09-16 18:39:39,462: INFO/ForkPoolWorker-2] Task main.tasks.get_game_actions[bf315332-b5d0-4eae-94a4-f28a335ca34f] succeeded in 0.1960268770053517s: None
[2017-09-16 18:39:39,531: INFO/ForkPoolWorker-3] Task main.tasks.update_game_info[31b19206-d82e-43a0-bb45-6655eac2c9cb] succeeded in 0.26826398199773394s: None
[2017-09-16 18:39:49,248: INFO/MainProcess] Received task: main.tasks.check_future[22858e13-96bf-45ed-b91b-48e417c02667]  
[2017-09-16 18:39:49,253: INFO/MainProcess] Received task: main.tasks.check_playing[8e149608-4f2b-4733-9546-69a6c158bed5]  
[2017-09-16 18:39:49,265: INFO/ForkPoolWorker-4] Checking for games in PLAYING state. FOUND: 1
[2017-09-16 18:39:49,270: INFO/MainProcess] Received task: main.tasks.update_game_info[2c866baf-f118-4f67-a3ba-07717dc239a0]  
[2017-09-16 18:39:49,271: INFO/MainProcess] Received task: main.tasks.get_game_actions[26fd9940-d8c7-4337-9ece-01c79c98c6ab]  
[2017-09-16 18:39:49,284: INFO/ForkPoolWorker-3] Updating game information. GAME: 13229&13559-32-A
[2017-09-16 18:39:49,284: WARNING/ForkPoolWorker-3] MAKING NEW REQUEST: https://livecache.sportresult.com/node/db/FIBASTATS_PROD/13229_GAME_13559-32-A_JSON.json?s=534&t=0
[2017-09-16 18:39:49,286: WARNING/ForkPoolWorker-2] MAKING NEW REQUEST: https://livecache.sportresult.com/node/db/FIBASTATS_PROD/13229_GAMEACTIONS_13559-32-A_Q4_JSON.json?s=534&t=0
[2017-09-16 18:39:49,301: INFO/ForkPoolWorker-1] Task main.tasks.check_future[22858e13-96bf-45ed-b91b-48e417c02667] succeeded in 0.05204039400268812s: None
[2017-09-16 18:39:49,301: INFO/ForkPoolWorker-4] Task main.tasks.check_playing[8e149608-4f2b-4733-9546-69a6c158bed5] succeeded in 0.04793961899849819s: None
[2017-09-16 18:39:49,513: INFO/ForkPoolWorker-3] Task main.tasks.update_game_info[2c866baf-f118-4f67-a3ba-07717dc239a0] succeeded in 0.24099253000167664s: None
[2017-09-16 18:39:49,534: INFO/ForkPoolWorker-2] ACTION ID: 604 ALL ACTIONS: <QuerySet [603, 602, 600, 598, 597, 596, 594, 593, 592, 591, 586, 585, 584, 583, 581, 580, 579, 578, 577, 576, '...(remaining elements truncated)...']>
[2017-09-16 18:39:49,541: INFO/ForkPoolWorker-2] ACTION ID: 605 ALL ACTIONS: <QuerySet [603, 602, 600, 598, 597, 596, 594, 593, 592, 591, 586, 585, 584, 583, 581, 580, 579, 578, 577, 576, '...(remaining elements truncated)...']>
[2017-09-16 18:39:49,545: INFO/ForkPoolWorker-2] ACTION ID: 606 ALL ACTIONS: <QuerySet [603, 602, 600, 598, 597, 596, 594, 593, 592, 591, 586, 585, 584, 583, 581, 580, 579, 578, 577, 576, '...(remaining elements truncated)...']>
[2017-09-16 18:39:49,550: INFO/ForkPoolWorker-2] ACTION ID: 607 ALL ACTIONS: <QuerySet [603, 602, 600, 598, 597, 596, 594, 593, 592, 591, 586, 585, 584, 583, 581, 580, 579, 578, 577, 576, '...(remaining elements truncated)...']>
[2017-09-16 18:39:49,571: INFO/ForkPoolWorker-2] Task main.tasks.get_game_actions[26fd9940-d8c7-4337-9ece-01c79c98c6ab] succeeded in 0.299036354997952s: None
[2017-09-16 18:39:59,253: INFO/MainProcess] Received task: main.tasks.check_playing[71fda2d8-3a12-49ee-9e84-7be8957e9a9e]  
[2017-09-16 18:39:59,258: INFO/MainProcess] Received task: main.tasks.check_future[d16fae10-60ba-4f32-978c-2e839fea0b0e]  
[2017-09-16 18:39:59,268: INFO/ForkPoolWorker-1] Checking for games in PLAYING state. FOUND: 1
[2017-09-16 18:39:59,270: INFO/MainProcess] Received task: main.tasks.update_game_info[9ad75c30-d279-48d0-ab8c-468d5573c34d]  
[2017-09-16 18:39:59,273: INFO/MainProcess] Received task: main.tasks.get_game_actions[3eb10a07-00ca-428a-b2e9-ba38d6f26004]  
[2017-09-16 18:39:59,285: INFO/ForkPoolWorker-3] Updating game information. GAME: 13229&13559-32-A
[2017-09-16 18:39:59,285: WARNING/ForkPoolWorker-3] MAKING NEW REQUEST: https://livecache.sportresult.com/node/db/FIBASTATS_PROD/13229_GAME_13559-32-A_JSON.json?s=534&t=0
[2017-09-16 18:39:59,289: WARNING/ForkPoolWorker-2] MAKING NEW REQUEST: https://livecache.sportresult.com/node/db/FIBASTATS_PROD/13229_GAMEACTIONS_13559-32-A_Q4_JSON.json?s=534&t=0
[2017-09-16 18:39:59,298: INFO/ForkPoolWorker-1] Task main.tasks.check_playing[71fda2d8-3a12-49ee-9e84-7be8957e9a9e] succeeded in 0.04422983100084821s: None
[2017-09-16 18:39:59,302: INFO/ForkPoolWorker-4] Task main.tasks.check_future[d16fae10-60ba-4f32-978c-2e839fea0b0e] succeeded in 0.04346121499838773s: None
[2017-09-16 18:39:59,548: INFO/ForkPoolWorker-3] Task main.tasks.update_game_info[9ad75c30-d279-48d0-ab8c-468d5573c34d] succeeded in 0.27685712100355886s: None
[2017-09-16 18:39:59,564: INFO/ForkPoolWorker-2] Task main.tasks.get_game_actions[3eb10a07-00ca-428a-b2e9-ba38d6f26004] succeeded in 0.29036856300081126s: None
[2017-09-16 18:40:09,259: INFO/MainProcess] Received task: main.tasks.check_future[fc85b516-efdb-4f54-8b7a-4e0deac9ea53]  
[2017-09-16 18:40:09,264: INFO/MainProcess] Received task: main.tasks.check_playing[74c2112d-4d32-4e91-b6a8-0649ab0bbc26]  
[2017-09-16 18:40:09,276: INFO/ForkPoolWorker-4] Checking for games in PLAYING state. FOUND: 1
[2017-09-16 18:40:09,279: INFO/MainProcess] Received task: main.tasks.update_game_info[843b401b-23ac-4159-af36-206ee49a964d]  
[2017-09-16 18:40:09,281: INFO/MainProcess] Received task: main.tasks.get_game_actions[09c3d9b5-00a0-4488-956b-4b092efecaab]  
[2017-09-16 18:40:09,293: INFO/ForkPoolWorker-3] Updating game information. GAME: 13229&13559-32-A
[2017-09-16 18:40:09,293: WARNING/ForkPoolWorker-3] MAKING NEW REQUEST: https://livecache.sportresult.com/node/db/FIBASTATS_PROD/13229_GAME_13559-32-A_JSON.json?s=534&t=0
[2017-09-16 18:40:09,294: WARNING/ForkPoolWorker-2] MAKING NEW REQUEST: https://livecache.sportresult.com/node/db/FIBASTATS_PROD/13229_GAMEACTIONS_13559-32-A_Q4_JSON.json?s=534&t=0
[2017-09-16 18:40:09,300: INFO/ForkPoolWorker-1] Task main.tasks.check_future[fc85b516-efdb-4f54-8b7a-4e0deac9ea53] succeeded in 0.040622309999889694s: None
[2017-09-16 18:40:09,305: INFO/ForkPoolWorker-4] Task main.tasks.check_playing[74c2112d-4d32-4e91-b6a8-0649ab0bbc26] succeeded in 0.039343396994809154s: None
[2017-09-16 18:40:09,472: INFO/ForkPoolWorker-2] Task main.tasks.get_game_actions[09c3d9b5-00a0-4488-956b-4b092efecaab] succeeded in 0.19001665700488957s: None
[2017-09-16 18:40:09,945: INFO/ForkPoolWorker-3] Task main.tasks.update_game_info[843b401b-23ac-4159-af36-206ee49a964d] succeeded in 0.6643814999988535s: None
[2017-09-16 18:40:19,263: INFO/MainProcess] Received task: main.tasks.check_playing[cb2b83b7-1e32-4ad4-a598-7e8dba126a9e]  
[2017-09-16 18:40:19,268: INFO/MainProcess] Received task: main.tasks.check_future[bfa4ebee-d338-4ae0-bef9-eab05e0bf2aa]  
[2017-09-16 18:40:19,277: INFO/ForkPoolWorker-1] Checking for games in PLAYING state. FOUND: 1
[2017-09-16 18:40:19,279: INFO/MainProcess] Received task: main.tasks.update_game_info[793199ae-91d7-4b8b-baee-71cfb1e767be]  
[2017-09-16 18:40:19,280: INFO/MainProcess] Received task: main.tasks.get_game_actions[c3ab2eb9-b451-498b-b89a-bed145f6a377]  
[2017-09-16 18:40:19,294: INFO/ForkPoolWorker-3] Updating game information. GAME: 13229&13559-32-A
[2017-09-16 18:40:19,294: WARNING/ForkPoolWorker-3] MAKING NEW REQUEST: https://livecache.sportresult.com/node/db/FIBASTATS_PROD/13229_GAME_13559-32-A_JSON.json?s=534&t=0
[2017-09-16 18:40:19,295: WARNING/ForkPoolWorker-2] MAKING NEW REQUEST: https://livecache.sportresult.com/node/db/FIBASTATS_PROD/13229_GAMEACTIONS_13559-32-A_Q4_JSON.json?s=534&t=0
[2017-09-16 18:40:19,308: INFO/ForkPoolWorker-1] Task main.tasks.check_playing[cb2b83b7-1e32-4ad4-a598-7e8dba126a9e] succeeded in 0.043493190001754556s: None
[2017-09-16 18:40:19,311: INFO/ForkPoolWorker-4] Task main.tasks.check_future[bfa4ebee-d338-4ae0-bef9-eab05e0bf2aa] succeeded in 0.04261608600063482s: None
[2017-09-16 18:40:19,504: INFO/ForkPoolWorker-2] ACTION ID: 609 ALL ACTIONS: <QuerySet [607, 606, 605, 604, 603, 602, 600, 598, 597, 596, 594, 593, 592, 591, 586, 585, 584, 583, 581, 580, '...(remaining elements truncated)...']>
[2017-09-16 18:40:19,514: INFO/ForkPoolWorker-2] ACTION ID: 610 ALL ACTIONS: <QuerySet [607, 606, 605, 604, 603, 602, 600, 598, 597, 596, 594, 593, 592, 591, 586, 585, 584, 583, 581, 580, '...(remaining elements truncated)...']>
[2017-09-16 18:40:19,530: INFO/ForkPoolWorker-3] Task main.tasks.update_game_info[793199ae-91d7-4b8b-baee-71cfb1e767be] succeeded in 0.24968267500662478s: None
[2017-09-16 18:40:19,534: INFO/ForkPoolWorker-2] Task main.tasks.get_game_actions[c3ab2eb9-b451-498b-b89a-bed145f6a377] succeeded in 0.25329815500299446s: None
[2017-09-16 18:40:29,270: INFO/MainProcess] Received task: main.tasks.check_future[f4e11d6a-eebd-43a3-9f97-9f9c8ecbc0f5]  
[2017-09-16 18:40:29,276: INFO/MainProcess] Received task: main.tasks.check_playing[813e793a-bd70-488b-bb1b-78551dbd3841]  
[2017-09-16 18:40:29,295: INFO/ForkPoolWorker-4] Checking for games in PLAYING state. FOUND: 1
[2017-09-16 18:40:29,298: INFO/MainProcess] Received task: main.tasks.update_game_info[d914fd3e-ae3c-4267-ad91-a33c7195af1c]  
[2017-09-16 18:40:29,300: INFO/MainProcess] Received task: main.tasks.get_game_actions[faf38af1-478c-428d-a215-8711c0ad9828]  
[2017-09-16 18:40:29,312: INFO/ForkPoolWorker-1] Task main.tasks.check_future[f4e11d6a-eebd-43a3-9f97-9f9c8ecbc0f5] succeeded in 0.04119370399712352s: None
[2017-09-16 18:40:29,316: WARNING/ForkPoolWorker-2] MAKING NEW REQUEST: https://livecache.sportresult.com/node/db/FIBASTATS_PROD/13229_GAMEACTIONS_13559-32-A_Q4_JSON.json?s=534&t=0
[2017-09-16 18:40:29,319: INFO/ForkPoolWorker-3] Updating game information. GAME: 13229&13559-32-A
[2017-09-16 18:40:29,319: WARNING/ForkPoolWorker-3] MAKING NEW REQUEST: https://livecache.sportresult.com/node/db/FIBASTATS_PROD/13229_GAME_13559-32-A_JSON.json?s=534&t=0
[2017-09-16 18:40:29,324: INFO/ForkPoolWorker-4] Task main.tasks.check_playing[813e793a-bd70-488b-bb1b-78551dbd3841] succeeded in 0.04741862599621527s: None
[2017-09-16 18:40:29,521: INFO/ForkPoolWorker-3] Task main.tasks.update_game_info[d914fd3e-ae3c-4267-ad91-a33c7195af1c] succeeded in 0.2202938029950019s: None
[2017-09-16 18:40:29,587: INFO/ForkPoolWorker-2] Task main.tasks.get_game_actions[faf38af1-478c-428d-a215-8711c0ad9828] succeeded in 0.2861324830009835s: None
[2017-09-16 18:40:39,273: INFO/MainProcess] Received task: main.tasks.check_playing[7fb91e20-3cd0-4954-a9c9-b8f3ef04d4b7]  
[2017-09-16 18:40:39,280: INFO/MainProcess] Received task: main.tasks.check_future[774a215e-c1fa-48d3-8277-8c952d69e2c9]  
[2017-09-16 18:40:39,285: INFO/ForkPoolWorker-1] Checking for games in PLAYING state. FOUND: 1
[2017-09-16 18:40:39,288: INFO/MainProcess] Received task: main.tasks.update_game_info[18b9d24d-ca0a-42a8-b18c-c2b77bd24e07]  
[2017-09-16 18:40:39,290: INFO/MainProcess] Received task: main.tasks.get_game_actions[697b18c5-7970-470b-b928-3ec3ee850bca]  
[2017-09-16 18:40:39,303: WARNING/ForkPoolWorker-2] MAKING NEW REQUEST: https://livecache.sportresult.com/node/db/FIBASTATS_PROD/13229_GAMEACTIONS_13559-32-A_Q4_JSON.json?s=534&t=0
[2017-09-16 18:40:39,304: INFO/ForkPoolWorker-3] Updating game information. GAME: 13229&13559-32-A
[2017-09-16 18:40:39,304: WARNING/ForkPoolWorker-3] MAKING NEW REQUEST: https://livecache.sportresult.com/node/db/FIBASTATS_PROD/13229_GAME_13559-32-A_JSON.json?s=534&t=0
[2017-09-16 18:40:39,320: INFO/ForkPoolWorker-1] Task main.tasks.check_playing[7fb91e20-3cd0-4954-a9c9-b8f3ef04d4b7] succeeded in 0.04577250700094737s: None
[2017-09-16 18:40:39,324: INFO/ForkPoolWorker-4] Task main.tasks.check_future[774a215e-c1fa-48d3-8277-8c952d69e2c9] succeeded in 0.043057249997218605s: None
[2017-09-16 18:40:39,493: INFO/ForkPoolWorker-2] Task main.tasks.get_game_actions[697b18c5-7970-470b-b928-3ec3ee850bca] succeeded in 0.20128175600257237s: None
[2017-09-16 18:40:39,496: INFO/ForkPoolWorker-3] Task main.tasks.update_game_info[18b9d24d-ca0a-42a8-b18c-c2b77bd24e07] succeeded in 0.2052960580040235s: None
[2017-09-16 18:40:49,280: INFO/MainProcess] Received task: main.tasks.check_future[0a1d447e-7fcb-41be-beb9-cc60ac0fbf74]  
[2017-09-16 18:40:49,285: INFO/MainProcess] Received task: main.tasks.check_playing[2f9c24f9-3bd3-4a28-9fdd-e7a32fa1dd17]  
[2017-09-16 18:40:49,298: INFO/ForkPoolWorker-4] Checking for games in PLAYING state. FOUND: 1
[2017-09-16 18:40:49,301: INFO/MainProcess] Received task: main.tasks.update_game_info[26e2c1ed-f940-4dcd-ba1b-131059328a9a]  
[2017-09-16 18:40:49,304: INFO/MainProcess] Received task: main.tasks.get_game_actions[82b5ac24-3101-450f-98b0-b084e82e97d8]  
[2017-09-16 18:40:49,315: INFO/ForkPoolWorker-3] Updating game information. GAME: 13229&13559-32-A
[2017-09-16 18:40:49,315: WARNING/ForkPoolWorker-3] MAKING NEW REQUEST: https://livecache.sportresult.com/node/db/FIBASTATS_PROD/13229_GAME_13559-32-A_JSON.json?s=534&t=0
[2017-09-16 18:40:49,320: WARNING/ForkPoolWorker-2] MAKING NEW REQUEST: https://livecache.sportresult.com/node/db/FIBASTATS_PROD/13229_GAMEACTIONS_13559-32-A_Q4_JSON.json?s=534&t=0
[2017-09-16 18:40:49,324: INFO/ForkPoolWorker-1] Task main.tasks.check_future[0a1d447e-7fcb-41be-beb9-cc60ac0fbf74] succeeded in 0.04210165500262519s: None
[2017-09-16 18:40:49,329: INFO/ForkPoolWorker-4] Task main.tasks.check_playing[2f9c24f9-3bd3-4a28-9fdd-e7a32fa1dd17] succeeded in 0.04307532999519026s: None
[2017-09-16 18:40:49,519: INFO/ForkPoolWorker-2] ACTION ID: 615 ALL ACTIONS: <QuerySet [610, 609, 607, 606, 605, 604, 603, 602, 600, 598, 597, 596, 594, 593, 592, 591, 586, 585, 584, 583, '...(remaining elements truncated)...']>
[2017-09-16 18:40:49,537: INFO/ForkPoolWorker-3] Task main.tasks.update_game_info[26e2c1ed-f940-4dcd-ba1b-131059328a9a] succeeded in 0.23589909099973738s: None
[2017-09-16 18:40:49,550: INFO/ForkPoolWorker-2] Task main.tasks.get_game_actions[82b5ac24-3101-450f-98b0-b084e82e97d8] succeeded in 0.24127395800314844s: None
[2017-09-16 18:40:59,284: INFO/MainProcess] Received task: main.tasks.check_playing[1f60a3aa-0b5f-4f52-8ffc-f848fd01b1d8]  
[2017-09-16 18:40:59,294: INFO/MainProcess] Received task: main.tasks.check_future[f1945641-d108-4fd4-aa5b-03e0396fdad7]  
[2017-09-16 18:40:59,301: INFO/ForkPoolWorker-1] Checking for games in PLAYING state. FOUND: 1
[2017-09-16 18:40:59,305: INFO/MainProcess] Received task: main.tasks.update_game_info[e38471d1-77f4-4dc6-9213-f66467c3a487]  
[2017-09-16 18:40:59,306: INFO/MainProcess] Received task: main.tasks.get_game_actions[8bade702-153f-45c1-a9ff-9d46f4800943]  
[2017-09-16 18:40:59,321: INFO/ForkPoolWorker-3] Updating game information. GAME: 13229&13559-32-A
[2017-09-16 18:40:59,321: WARNING/ForkPoolWorker-3] MAKING NEW REQUEST: https://livecache.sportresult.com/node/db/FIBASTATS_PROD/13229_GAME_13559-32-A_JSON.json?s=534&t=0
[2017-09-16 18:40:59,322: INFO/ForkPoolWorker-1] Task main.tasks.check_playing[1f60a3aa-0b5f-4f52-8ffc-f848fd01b1d8] succeeded in 0.036190162994898856s: None
[2017-09-16 18:40:59,325: WARNING/ForkPoolWorker-2] MAKING NEW REQUEST: https://livecache.sportresult.com/node/db/FIBASTATS_PROD/13229_GAMEACTIONS_13559-32-A_Q4_JSON.json?s=534&t=0
[2017-09-16 18:40:59,325: INFO/ForkPoolWorker-4] Task main.tasks.check_future[f1945641-d108-4fd4-aa5b-03e0396fdad7] succeeded in 0.029457664997607935s: None
[2017-09-16 18:40:59,691: INFO/ForkPoolWorker-2] Task main.tasks.get_game_actions[8bade702-153f-45c1-a9ff-9d46f4800943] succeeded in 0.38055682499543764s: None
[2017-09-16 18:40:59,701: INFO/ForkPoolWorker-3] Task main.tasks.update_game_info[e38471d1-77f4-4dc6-9213-f66467c3a487] succeeded in 0.3921632909987238s: None
[2017-09-16 18:41:09,293: INFO/MainProcess] Received task: main.tasks.check_future[64815e5a-de89-4ea2-82fb-19fcddf1e266]  
[2017-09-16 18:41:09,298: INFO/MainProcess] Received task: main.tasks.check_playing[8c3a8989-330c-4658-8c94-6d55f0e6cb71]  
[2017-09-16 18:41:09,311: INFO/ForkPoolWorker-4] Checking for games in PLAYING state. FOUND: 1
[2017-09-16 18:41:09,316: INFO/MainProcess] Received task: main.tasks.update_game_info[ef0ad132-af6a-4ef6-90e7-126df384b065]  
[2017-09-16 18:41:09,318: INFO/MainProcess] Received task: main.tasks.get_game_actions[41f492a9-f9fa-471d-8c98-0ba707009777]  
[2017-09-16 18:41:09,329: INFO/ForkPoolWorker-3] Updating game information. GAME: 13229&13559-32-A
[2017-09-16 18:41:09,329: WARNING/ForkPoolWorker-3] MAKING NEW REQUEST: https://livecache.sportresult.com/node/db/FIBASTATS_PROD/13229_GAME_13559-32-A_JSON.json?s=534&t=0
[2017-09-16 18:41:09,332: WARNING/ForkPoolWorker-2] MAKING NEW REQUEST: https://livecache.sportresult.com/node/db/FIBASTATS_PROD/13229_GAMEACTIONS_13559-32-A_Q4_JSON.json?s=534&t=0
[2017-09-16 18:41:09,336: INFO/ForkPoolWorker-1] Task main.tasks.check_future[64815e5a-de89-4ea2-82fb-19fcddf1e266] succeeded in 0.04259225200075889s: None
[2017-09-16 18:41:09,344: INFO/ForkPoolWorker-4] Task main.tasks.check_playing[8c3a8989-330c-4658-8c94-6d55f0e6cb71] succeeded in 0.04501091600104701s: None
[2017-09-16 18:41:09,508: INFO/ForkPoolWorker-3] Task main.tasks.update_game_info[ef0ad132-af6a-4ef6-90e7-126df384b065] succeeded in 0.18947493100131396s: None
[2017-09-16 18:41:09,515: INFO/ForkPoolWorker-2] Task main.tasks.get_game_actions[41f492a9-f9fa-471d-8c98-0ba707009777] succeeded in 0.19638972300163005s: None
[2017-09-16 18:41:19,301: INFO/MainProcess] Received task: main.tasks.check_playing[551f8691-96e6-46a4-a1e4-f86b5e7957e6]  
[2017-09-16 18:41:19,307: INFO/MainProcess] Received task: main.tasks.check_future[d40bedc6-7c4d-45cb-a62b-30b9eb9f676a]  
[2017-09-16 18:41:19,316: INFO/ForkPoolWorker-1] Checking for games in PLAYING state. FOUND: 1
[2017-09-16 18:41:19,320: INFO/MainProcess] Received task: main.tasks.update_game_info[9f39708d-5d30-4050-bc06-5797b65fb441]  
[2017-09-16 18:41:19,320: INFO/MainProcess] Received task: main.tasks.get_game_actions[4c0e36e7-96bc-4db5-85f3-03e16de911f9]  
[2017-09-16 18:41:19,332: INFO/ForkPoolWorker-3] Updating game information. GAME: 13229&13559-32-A
[2017-09-16 18:41:19,332: WARNING/ForkPoolWorker-3] MAKING NEW REQUEST: https://livecache.sportresult.com/node/db/FIBASTATS_PROD/13229_GAME_13559-32-A_JSON.json?s=534&t=0
[2017-09-16 18:41:19,333: WARNING/ForkPoolWorker-2] MAKING NEW REQUEST: https://livecache.sportresult.com/node/db/FIBASTATS_PROD/13229_GAMEACTIONS_13559-32-A_Q4_JSON.json?s=534&t=0
[2017-09-16 18:41:19,342: INFO/ForkPoolWorker-1] Task main.tasks.check_playing[551f8691-96e6-46a4-a1e4-f86b5e7957e6] succeeded in 0.03967871599888895s: None
[2017-09-16 18:41:19,349: INFO/ForkPoolWorker-4] Task main.tasks.check_future[d40bedc6-7c4d-45cb-a62b-30b9eb9f676a] succeeded in 0.04140056399774039s: None
[2017-09-16 18:41:19,572: INFO/ForkPoolWorker-3] Task main.tasks.update_game_info[9f39708d-5d30-4050-bc06-5797b65fb441] succeeded in 0.25062264099688036s: None
[2017-09-16 18:41:19,580: INFO/ForkPoolWorker-2] ACTION ID: 618 ALL ACTIONS: <QuerySet [615, 610, 609, 607, 606, 605, 604, 603, 602, 600, 598, 597, 596, 594, 593, 592, 591, 586, 585, 584, '...(remaining elements truncated)...']>
[2017-09-16 18:41:19,587: INFO/ForkPoolWorker-2] ACTION ID: 619 ALL ACTIONS: <QuerySet [615, 610, 609, 607, 606, 605, 604, 603, 602, 600, 598, 597, 596, 594, 593, 592, 591, 586, 585, 584, '...(remaining elements truncated)...']>
[2017-09-16 18:41:19,606: INFO/ForkPoolWorker-2] Task main.tasks.get_game_actions[4c0e36e7-96bc-4db5-85f3-03e16de911f9] succeeded in 0.2850617020012578s: None
[2017-09-16 18:41:29,308: INFO/MainProcess] Received task: main.tasks.check_future[942dcd56-0051-4cd4-ab8b-a99a4b4d5d04]  
[2017-09-16 18:41:29,316: INFO/MainProcess] Received task: main.tasks.check_playing[471e83e5-d57f-41ee-9610-99517e4336bc]  
[2017-09-16 18:41:29,329: INFO/ForkPoolWorker-4] Checking for games in PLAYING state. FOUND: 1
[2017-09-16 18:41:29,332: INFO/MainProcess] Received task: main.tasks.update_game_info[ada73937-7435-437b-af2d-e24b26401b98]  
[2017-09-16 18:41:29,334: INFO/MainProcess] Received task: main.tasks.get_game_actions[ed2917a3-b191-4d7d-b1d7-7e41e8a6e67a]  
[2017-09-16 18:41:29,341: INFO/ForkPoolWorker-1] Task main.tasks.check_future[942dcd56-0051-4cd4-ab8b-a99a4b4d5d04] succeeded in 0.032280721999995876s: None
[2017-09-16 18:41:29,349: WARNING/ForkPoolWorker-2] MAKING NEW REQUEST: https://livecache.sportresult.com/node/db/FIBASTATS_PROD/13229_GAMEACTIONS_13559-32-A_Q4_JSON.json?s=534&t=0
[2017-09-16 18:41:29,353: INFO/ForkPoolWorker-3] Updating game information. GAME: 13229&13559-32-A
[2017-09-16 18:41:29,353: WARNING/ForkPoolWorker-3] MAKING NEW REQUEST: https://livecache.sportresult.com/node/db/FIBASTATS_PROD/13229_GAME_13559-32-A_JSON.json?s=534&t=0
[2017-09-16 18:41:29,362: INFO/ForkPoolWorker-4] Task main.tasks.check_playing[471e83e5-d57f-41ee-9610-99517e4336bc] succeeded in 0.04492867100634612s: None
[2017-09-16 18:41:29,558: INFO/ForkPoolWorker-2] Task main.tasks.get_game_actions[ed2917a3-b191-4d7d-b1d7-7e41e8a6e67a] succeeded in 0.2236080629954813s: None
[2017-09-16 18:41:29,586: INFO/ForkPoolWorker-3] Task main.tasks.update_game_info[ada73937-7435-437b-af2d-e24b26401b98] succeeded in 0.25333297200268134s: None
[2017-09-16 18:41:39,313: INFO/MainProcess] Received task: main.tasks.check_playing[fc77e9cb-5d0e-4a76-a1fe-4f17d2fb3359]  
[2017-09-16 18:41:39,317: INFO/MainProcess] Received task: main.tasks.check_future[2050a961-45c4-440a-8004-27b44c558c5d]  
[2017-09-16 18:41:39,329: INFO/ForkPoolWorker-1] Checking for games in PLAYING state. FOUND: 1
[2017-09-16 18:41:39,332: INFO/MainProcess] Received task: main.tasks.update_game_info[f940399a-067e-441f-8226-5768cf440009]  
[2017-09-16 18:41:39,336: INFO/MainProcess] Received task: main.tasks.get_game_actions[9321f4a4-9b89-41c4-a1b6-9d6d3669c37f]  
[2017-09-16 18:41:39,346: INFO/ForkPoolWorker-3] Updating game information. GAME: 13229&13559-32-A
[2017-09-16 18:41:39,346: WARNING/ForkPoolWorker-3] MAKING NEW REQUEST: https://livecache.sportresult.com/node/db/FIBASTATS_PROD/13229_GAME_13559-32-A_JSON.json?s=534&t=0
[2017-09-16 18:41:39,349: INFO/ForkPoolWorker-4] Task main.tasks.check_future[2050a961-45c4-440a-8004-27b44c558c5d] succeeded in 0.030953274996136315s: None
[2017-09-16 18:41:39,349: WARNING/ForkPoolWorker-2] MAKING NEW REQUEST: https://livecache.sportresult.com/node/db/FIBASTATS_PROD/13229_GAMEACTIONS_13559-32-A_Q4_JSON.json?s=534&t=0
[2017-09-16 18:41:39,355: INFO/ForkPoolWorker-1] Task main.tasks.check_playing[fc77e9cb-5d0e-4a76-a1fe-4f17d2fb3359] succeeded in 0.04145167799288174s: None
[2017-09-16 18:41:39,537: INFO/ForkPoolWorker-2] Task main.tasks.get_game_actions[9321f4a4-9b89-41c4-a1b6-9d6d3669c37f] succeeded in 0.20002574299724074s: None
[2017-09-16 18:41:39,571: INFO/ForkPoolWorker-3] Task main.tasks.update_game_info[f940399a-067e-441f-8226-5768cf440009] succeeded in 0.23826334300247254s: None
[2017-09-16 18:41:49,318: INFO/MainProcess] Received task: main.tasks.check_future[d0fc90fc-f244-42b3-b458-92d5330868f5]  
[2017-09-16 18:41:49,330: INFO/MainProcess] Received task: main.tasks.check_playing[6bcf15f8-82ac-4ad1-857e-342f94a316cc]  
[2017-09-16 18:41:49,345: INFO/ForkPoolWorker-4] Checking for games in PLAYING state. FOUND: 1
[2017-09-16 18:41:49,348: INFO/MainProcess] Received task: main.tasks.update_game_info[af69a4de-a30f-4fbc-9d0d-348ed03f6ac5]  
[2017-09-16 18:41:49,351: INFO/MainProcess] Received task: main.tasks.get_game_actions[f34d5b06-8953-416c-a74c-2a3beec9fddf]  
[2017-09-16 18:41:49,360: INFO/ForkPoolWorker-3] Updating game information. GAME: 13229&13559-32-A
[2017-09-16 18:41:49,360: WARNING/ForkPoolWorker-3] MAKING NEW REQUEST: https://livecache.sportresult.com/node/db/FIBASTATS_PROD/13229_GAME_13559-32-A_JSON.json?s=534&t=0
[2017-09-16 18:41:49,365: INFO/ForkPoolWorker-1] Task main.tasks.check_future[d0fc90fc-f244-42b3-b458-92d5330868f5] succeeded in 0.046306949996505864s: None
[2017-09-16 18:41:49,365: WARNING/ForkPoolWorker-2] MAKING NEW REQUEST: https://livecache.sportresult.com/node/db/FIBASTATS_PROD/13229_GAMEACTIONS_13559-32-A_Q4_JSON.json?s=534&t=0
[2017-09-16 18:41:49,381: INFO/ForkPoolWorker-4] Task main.tasks.check_playing[6bcf15f8-82ac-4ad1-857e-342f94a316cc] succeeded in 0.05042751700239023s: None
[2017-09-16 18:41:49,564: INFO/ForkPoolWorker-2] ACTION ID: 620 ALL ACTIONS: <QuerySet [619, 618, 615, 610, 609, 607, 606, 605, 604, 603, 602, 600, 598, 597, 596, 594, 593, 592, 591, 586, '...(remaining elements truncated)...']>
[2017-09-16 18:41:49,579: INFO/ForkPoolWorker-3] Task main.tasks.update_game_info[af69a4de-a30f-4fbc-9d0d-348ed03f6ac5] succeeded in 0.2297692840002128s: None
[2017-09-16 18:41:49,603: INFO/ForkPoolWorker-2] Task main.tasks.get_game_actions[f34d5b06-8953-416c-a74c-2a3beec9fddf] succeeded in 0.25056830600078683s: None
[2017-09-16 18:41:59,322: INFO/MainProcess] Received task: main.tasks.check_playing[fab89111-f7b7-4d5e-a768-bd1306b69c55]  
[2017-09-16 18:41:59,333: INFO/ForkPoolWorker-1] Checking for games in PLAYING state. FOUND: 1
